Archive member included to satisfy reference by file (symbol)

C:\Users\AVEES\Desktop\CP4AD_~1\WORKSP~1\test\05E762~1.BUT\erika\lib\libarduinosdk.a(wiring.c.o)
                              obj/bsw.cpp.o (millis)
C:\Users\AVEES\Desktop\CP4AD_~1\WORKSP~1\test\05E762~1.BUT\erika\lib\libarduinosdk.a(wiring_analog.c.o)
                              obj/asw.c.o (analogRead)
C:\Users\AVEES\Desktop\CP4AD_~1\WORKSP~1\test\05E762~1.BUT\erika\lib\libarduinosdk.a(HardwareSerial.cpp.o)
                              obj/bsw.cpp.o (_ZN14HardwareSerial5beginEmh)
C:\Users\AVEES\Desktop\CP4AD_~1\WORKSP~1\test\05E762~1.BUT\erika\lib\libarduinosdk.a(HardwareSerial0.cpp.o)
                              obj/bsw.cpp.o (Serial)
C:\Users\AVEES\Desktop\CP4AD_~1\WORKSP~1\test\05E762~1.BUT\erika\lib\libarduinosdk.a(Print.cpp.o)
                              C:\Users\AVEES\Desktop\CP4AD_~1\WORKSP~1\test\05E762~1.BUT\erika\lib\libarduinosdk.a(HardwareSerial.cpp.o) (_ZN5Print5writeEPKhj)
C:\Users\AVEES\Desktop\CP4AD_~1\WORKSP~1\test\05E762~1.BUT\erika\lib\libarduinosdk.a(hooks.c.o)
                              C:\Users\AVEES\Desktop\CP4AD_~1\WORKSP~1\test\05E762~1.BUT\erika\lib\libarduinosdk.a(wiring.c.o) (yield)
C:\Users\AVEES\Desktop\CP4AD_~1\WORKSP~1\test\05E762~1.BUT\erika\lib\libarduinosdk.a(wiring_digital.c.o)
                              C:\Users\AVEES\Desktop\CP4AD_~1\WORKSP~1\test\05E762~1.BUT\erika\lib\libarduinosdk.a(wiring_analog.c.o) (pinMode)
C:\Users\AVEES\Desktop\CP4AD_~1\WORKSP~1\test\05E762~1.BUT\erika\lib\libarduinosdk.a(abi.cpp.o)
                              C:\Users\AVEES\Desktop\CP4AD_~1\WORKSP~1\test\05E762~1.BUT\erika\lib\libarduinosdk.a(Print.cpp.o) (__cxa_pure_virtual)
C:\Users\AVEES\Desktop\CP4AD_~1\WORKSP~1\test\05E762~1.BUT\erika\lib\libee.a(ee_atmega_timer1ctc.c.o)
                              obj/bsw.cpp.o (OsEE_atmega_startTimer1)
C:\Users\AVEES\Desktop\CP4AD_~1\WORKSP~1\test\05E762~1.BUT\erika\lib\libee.a(ee_oo_api_osek.c.o)
                              obj/asw.c.o (DisableAllInterrupts)
C:\Users\AVEES\Desktop\CP4AD_~1\WORKSP~1\test\05E762~1.BUT\erika\lib\libee.a(ee_oo_sched_entry_points.c.o)
                              obj/ee_applcfg.c.o (osEE_idle_hook_wrapper)
C:\Users\AVEES\Desktop\CP4AD_~1\WORKSP~1\test\05E762~1.BUT\erika\lib\libee.a(ee_oo_scheduler.c.o)
                              C:\Users\AVEES\Desktop\CP4AD_~1\WORKSP~1\test\05E762~1.BUT\erika\lib\libee.a(ee_oo_api_osek.c.o) (osEE_scheduler_core_pop_running)
C:\Users\AVEES\Desktop\CP4AD_~1\WORKSP~1\test\05E762~1.BUT\erika\lib\libee.a(ee_oo_kernel.c.o)
                              C:\Users\AVEES\Desktop\CP4AD_~1\WORKSP~1\test\05E762~1.BUT\erika\lib\libee.a(ee_oo_api_osek.c.o) (osEE_task_activated)
C:\Users\AVEES\Desktop\CP4AD_~1\WORKSP~1\test\05E762~1.BUT\erika\lib\libee.a(ee_oo_sched_partitioned.c.o)
                              C:\Users\AVEES\Desktop\CP4AD_~1\WORKSP~1\test\05E762~1.BUT\erika\lib\libee.a(ee_oo_api_osek.c.o) (osEE_scheduler_task_activated)
C:\Users\AVEES\Desktop\CP4AD_~1\WORKSP~1\test\05E762~1.BUT\erika\lib\libee.a(ee_std_change_context.c.o)
                              C:\Users\AVEES\Desktop\CP4AD_~1\WORKSP~1\test\05E762~1.BUT\erika\lib\libee.a(ee_oo_api_osek.c.o) (osEE_change_context_from_running)
C:\Users\AVEES\Desktop\CP4AD_~1\WORKSP~1\test\05E762~1.BUT\erika\lib\libee.a(ee_atmega_intvect.c.o)
                              C:\Users\AVEES\Desktop\CP4AD_~1\WORKSP~1\test\05E762~1.BUT\erika\lib\libee.a(ee_oo_api_osek.c.o) (osEE_atmega_intvect)
C:\Users\AVEES\Desktop\CP4AD_~1\WORKSP~1\test\05E762~1.BUT\erika\lib\libee.a(ee_avr8_asm.S.o)
                              C:\Users\AVEES\Desktop\CP4AD_~1\WORKSP~1\test\05E762~1.BUT\erika\lib\libee.a(ee_std_change_context.c.o) (osEE_hal_save_ctx_and_restore_ctx)
C:\Users\AVEES\Desktop\CP4AD_~1\WORKSP~1\test\05E762~1.BUT\erika\lib\libee.a(ee_avr8_irqstub.c.o)
                              C:\Users\AVEES\Desktop\CP4AD_~1\WORKSP~1\test\05E762~1.BUT\erika\lib\libee.a(ee_atmega_intvect.c.o) (osEE_avr8_isr2_stub)
c:/arduino/hardware/tools/avr/bin/../lib/gcc/avr/7.3.0/../../../../avr/lib/avr5\libm.a(addsf3.o)
                              C:\Users\AVEES\Desktop\CP4AD_~1\WORKSP~1\test\05E762~1.BUT\erika\lib\libarduinosdk.a(Print.cpp.o) (__subsf3)
c:/arduino/hardware/tools/avr/bin/../lib/gcc/avr/7.3.0/../../../../avr/lib/avr5\libm.a(addsf3x.o)
                              c:/arduino/hardware/tools/avr/bin/../lib/gcc/avr/7.3.0/../../../../avr/lib/avr5\libm.a(addsf3.o) (__addsf3x)
c:/arduino/hardware/tools/avr/bin/../lib/gcc/avr/7.3.0/../../../../avr/lib/avr5\libm.a(cmpsf2.o)
                              C:\Users\AVEES\Desktop\CP4AD_~1\WORKSP~1\test\05E762~1.BUT\erika\lib\libarduinosdk.a(Print.cpp.o) (__ltsf2)
c:/arduino/hardware/tools/avr/bin/../lib/gcc/avr/7.3.0/../../../../avr/lib/avr5\libm.a(divsf3.o)
                              C:\Users\AVEES\Desktop\CP4AD_~1\WORKSP~1\test\05E762~1.BUT\erika\lib\libarduinosdk.a(Print.cpp.o) (__divsf3)
c:/arduino/hardware/tools/avr/bin/../lib/gcc/avr/7.3.0/../../../../avr/lib/avr5\libm.a(divsf3x.o)
                              c:/arduino/hardware/tools/avr/bin/../lib/gcc/avr/7.3.0/../../../../avr/lib/avr5\libm.a(divsf3.o) (__divsf3x)
c:/arduino/hardware/tools/avr/bin/../lib/gcc/avr/7.3.0/../../../../avr/lib/avr5\libm.a(fixunssfsi.o)
                              C:\Users\AVEES\Desktop\CP4AD_~1\WORKSP~1\test\05E762~1.BUT\erika\lib\libarduinosdk.a(Print.cpp.o) (__fixunssfsi)
c:/arduino/hardware/tools/avr/bin/../lib/gcc/avr/7.3.0/../../../../avr/lib/avr5\libm.a(floatsisf.o)
                              C:\Users\AVEES\Desktop\CP4AD_~1\WORKSP~1\test\05E762~1.BUT\erika\lib\libarduinosdk.a(Print.cpp.o) (__floatunsisf)
c:/arduino/hardware/tools/avr/bin/../lib/gcc/avr/7.3.0/../../../../avr/lib/avr5\libm.a(fp_cmp.o)
                              c:/arduino/hardware/tools/avr/bin/../lib/gcc/avr/7.3.0/../../../../avr/lib/avr5\libm.a(cmpsf2.o) (__fp_cmp)
c:/arduino/hardware/tools/avr/bin/../lib/gcc/avr/7.3.0/../../../../avr/lib/avr5\libm.a(fp_inf.o)
                              c:/arduino/hardware/tools/avr/bin/../lib/gcc/avr/7.3.0/../../../../avr/lib/avr5\libm.a(addsf3x.o) (__fp_inf)
c:/arduino/hardware/tools/avr/bin/../lib/gcc/avr/7.3.0/../../../../avr/lib/avr5\libm.a(fp_nan.o)
                              c:/arduino/hardware/tools/avr/bin/../lib/gcc/avr/7.3.0/../../../../avr/lib/avr5\libm.a(addsf3x.o) (__fp_nan)
c:/arduino/hardware/tools/avr/bin/../lib/gcc/avr/7.3.0/../../../../avr/lib/avr5\libm.a(fp_pscA.o)
                              c:/arduino/hardware/tools/avr/bin/../lib/gcc/avr/7.3.0/../../../../avr/lib/avr5\libm.a(addsf3x.o) (__fp_pscA)
c:/arduino/hardware/tools/avr/bin/../lib/gcc/avr/7.3.0/../../../../avr/lib/avr5\libm.a(fp_pscB.o)
                              c:/arduino/hardware/tools/avr/bin/../lib/gcc/avr/7.3.0/../../../../avr/lib/avr5\libm.a(addsf3x.o) (__fp_pscB)
c:/arduino/hardware/tools/avr/bin/../lib/gcc/avr/7.3.0/../../../../avr/lib/avr5\libm.a(fp_round.o)
                              c:/arduino/hardware/tools/avr/bin/../lib/gcc/avr/7.3.0/../../../../avr/lib/avr5\libm.a(addsf3.o) (__fp_round)
c:/arduino/hardware/tools/avr/bin/../lib/gcc/avr/7.3.0/../../../../avr/lib/avr5\libm.a(fp_split3.o)
                              c:/arduino/hardware/tools/avr/bin/../lib/gcc/avr/7.3.0/../../../../avr/lib/avr5\libm.a(addsf3x.o) (__fp_split3)
c:/arduino/hardware/tools/avr/bin/../lib/gcc/avr/7.3.0/../../../../avr/lib/avr5\libm.a(fp_zero.o)
                              c:/arduino/hardware/tools/avr/bin/../lib/gcc/avr/7.3.0/../../../../avr/lib/avr5\libm.a(addsf3x.o) (__fp_zero)
c:/arduino/hardware/tools/avr/bin/../lib/gcc/avr/7.3.0/../../../../avr/lib/avr5\libm.a(gesf2.o)
                              C:\Users\AVEES\Desktop\CP4AD_~1\WORKSP~1\test\05E762~1.BUT\erika\lib\libarduinosdk.a(Print.cpp.o) (__gtsf2)
c:/arduino/hardware/tools/avr/bin/../lib/gcc/avr/7.3.0/../../../../avr/lib/avr5\libm.a(mulsf3.o)
                              C:\Users\AVEES\Desktop\CP4AD_~1\WORKSP~1\test\05E762~1.BUT\erika\lib\libarduinosdk.a(Print.cpp.o) (__mulsf3)
c:/arduino/hardware/tools/avr/bin/../lib/gcc/avr/7.3.0/../../../../avr/lib/avr5\libm.a(mulsf3x.o)
                              c:/arduino/hardware/tools/avr/bin/../lib/gcc/avr/7.3.0/../../../../avr/lib/avr5\libm.a(mulsf3.o) (__mulsf3x)
c:/arduino/hardware/tools/avr/bin/../lib/gcc/avr/7.3.0/../../../../avr/lib/avr5\libm.a(unordsf2.o)
                              C:\Users\AVEES\Desktop\CP4AD_~1\WORKSP~1\test\05E762~1.BUT\erika\lib\libarduinosdk.a(Print.cpp.o) (__unordsf2)
c:/arduino/hardware/tools/avr/bin/../lib/gcc/avr/7.3.0/avr5\libgcc.a(_udivmodsi4.o)
                              obj/bsw.cpp.o (__udivmodsi4)
c:/arduino/hardware/tools/avr/bin/../lib/gcc/avr/7.3.0/avr5\libgcc.a(_exit.o)
                              c:/arduino/hardware/tools/avr/bin/../lib/gcc/avr/7.3.0/../../../../avr/lib/avr5/crtatmega328p.o (exit)
c:/arduino/hardware/tools/avr/bin/../lib/gcc/avr/7.3.0/avr5\libgcc.a(_copy_data.o)
                              obj/asw.c.o (__do_copy_data)
c:/arduino/hardware/tools/avr/bin/../lib/gcc/avr/7.3.0/avr5\libgcc.a(_clear_bss.o)
                              obj/ee_applcfg.c.o (__do_clear_bss)
c:/arduino/hardware/tools/avr/bin/../lib/gcc/avr/7.3.0/avr5\libgcc.a(_ctors.o)
                              C:\Users\AVEES\Desktop\CP4AD_~1\WORKSP~1\test\05E762~1.BUT\erika\lib\libarduinosdk.a(HardwareSerial0.cpp.o) (__do_global_ctors)
c:/arduino/hardware/tools/avr/bin/../lib/gcc/avr/7.3.0/avr5\libgcc.a(_tablejump2.o)
                              c:/arduino/hardware/tools/avr/bin/../lib/gcc/avr/7.3.0/avr5\libgcc.a(_ctors.o) (__tablejump2__)
c:/arduino/hardware/tools/avr/bin/../lib/gcc/avr/7.3.0/../../../../avr/lib/avr5\libc.a(abort.o)
                              C:\Users\AVEES\Desktop\CP4AD_~1\WORKSP~1\test\05E762~1.BUT\erika\lib\libarduinosdk.a(abi.cpp.o) (abort)
c:/arduino/hardware/tools/avr/bin/../lib/gcc/avr/7.3.0/../../../../avr/lib/avr5\libc.a(vsnprintf.o)
                              obj/bsw.cpp.o (vsnprintf)
c:/arduino/hardware/tools/avr/bin/../lib/gcc/avr/7.3.0/../../../../avr/lib/avr5\libc.a(vfprintf_std.o)
                              c:/arduino/hardware/tools/avr/bin/../lib/gcc/avr/7.3.0/../../../../avr/lib/avr5\libc.a(vsnprintf.o) (vfprintf)
c:/arduino/hardware/tools/avr/bin/../lib/gcc/avr/7.3.0/../../../../avr/lib/avr5\libc.a(strnlen_P.o)
                              c:/arduino/hardware/tools/avr/bin/../lib/gcc/avr/7.3.0/../../../../avr/lib/avr5\libc.a(vfprintf_std.o) (strnlen_P)
c:/arduino/hardware/tools/avr/bin/../lib/gcc/avr/7.3.0/../../../../avr/lib/avr5\libc.a(strnlen.o)
                              c:/arduino/hardware/tools/avr/bin/../lib/gcc/avr/7.3.0/../../../../avr/lib/avr5\libc.a(vfprintf_std.o) (strnlen)
c:/arduino/hardware/tools/avr/bin/../lib/gcc/avr/7.3.0/../../../../avr/lib/avr5\libc.a(fputc.o)
                              c:/arduino/hardware/tools/avr/bin/../lib/gcc/avr/7.3.0/../../../../avr/lib/avr5\libc.a(vfprintf_std.o) (fputc)
c:/arduino/hardware/tools/avr/bin/../lib/gcc/avr/7.3.0/../../../../avr/lib/avr5\libc.a(ultoa_invert.o)
                              c:/arduino/hardware/tools/avr/bin/../lib/gcc/avr/7.3.0/../../../../avr/lib/avr5\libc.a(vfprintf_std.o) (__ultoa_invert)
c:/arduino/hardware/tools/avr/bin/../lib/gcc/avr/7.3.0/avr5\libgcc.a(_prologue.o)
                              c:/arduino/hardware/tools/avr/bin/../lib/gcc/avr/7.3.0/../../../../avr/lib/avr5\libc.a(vsnprintf.o) (__prologue_saves__)
c:/arduino/hardware/tools/avr/bin/../lib/gcc/avr/7.3.0/avr5\libgcc.a(_epilogue.o)
                              c:/arduino/hardware/tools/avr/bin/../lib/gcc/avr/7.3.0/../../../../avr/lib/avr5\libc.a(vsnprintf.o) (__epilogue_restores__)

Allocating common symbols
Common symbol       size              file

osEE_kcb_var        0x1               obj/ee_applcfg.c.o

Discarded input sections

 .data          0x00000000        0x0 c:/arduino/hardware/tools/avr/bin/../lib/gcc/avr/7.3.0/../../../../avr/lib/avr5/crtatmega328p.o
 .bss           0x00000000        0x0 c:/arduino/hardware/tools/avr/bin/../lib/gcc/avr/7.3.0/../../../../avr/lib/avr5/crtatmega328p.o
 .text          0x00000000        0x0 obj/asw.c.o
 .data          0x00000000        0x0 obj/asw.c.o
 .bss           0x00000000        0x0 obj/asw.c.o
 .text          0x00000000        0x0 obj/bsw.cpp.o
 .data          0x00000000        0x0 obj/bsw.cpp.o
 .bss           0x00000000        0x0 obj/bsw.cpp.o
 .text.loop     0x00000000        0x2 obj/bsw.cpp.o
 .text          0x00000000        0x0 obj/ee_applcfg.c.o
 .data          0x00000000        0x0 obj/ee_applcfg.c.o
 .bss           0x00000000        0x0 obj/ee_applcfg.c.o
 .text          0x00000000        0x0 C:\Users\AVEES\Desktop\CP4AD_~1\WORKSP~1\test\05E762~1.BUT\erika\lib\libarduinosdk.a(wiring.c.o)
 .data          0x00000000        0x0 C:\Users\AVEES\Desktop\CP4AD_~1\WORKSP~1\test\05E762~1.BUT\erika\lib\libarduinosdk.a(wiring.c.o)
 .bss           0x00000000        0x0 C:\Users\AVEES\Desktop\CP4AD_~1\WORKSP~1\test\05E762~1.BUT\erika\lib\libarduinosdk.a(wiring.c.o)
 .text.micros   0x00000000       0x4a C:\Users\AVEES\Desktop\CP4AD_~1\WORKSP~1\test\05E762~1.BUT\erika\lib\libarduinosdk.a(wiring.c.o)
 .text.delay    0x00000000       0x72 C:\Users\AVEES\Desktop\CP4AD_~1\WORKSP~1\test\05E762~1.BUT\erika\lib\libarduinosdk.a(wiring.c.o)
 .text.delayMicroseconds
                0x00000000       0x16 C:\Users\AVEES\Desktop\CP4AD_~1\WORKSP~1\test\05E762~1.BUT\erika\lib\libarduinosdk.a(wiring.c.o)
 .text          0x00000000        0x0 C:\Users\AVEES\Desktop\CP4AD_~1\WORKSP~1\test\05E762~1.BUT\erika\lib\libarduinosdk.a(wiring_analog.c.o)
 .data          0x00000000        0x0 C:\Users\AVEES\Desktop\CP4AD_~1\WORKSP~1\test\05E762~1.BUT\erika\lib\libarduinosdk.a(wiring_analog.c.o)
 .bss           0x00000000        0x0 C:\Users\AVEES\Desktop\CP4AD_~1\WORKSP~1\test\05E762~1.BUT\erika\lib\libarduinosdk.a(wiring_analog.c.o)
 .text.analogReference
                0x00000000        0x6 C:\Users\AVEES\Desktop\CP4AD_~1\WORKSP~1\test\05E762~1.BUT\erika\lib\libarduinosdk.a(wiring_analog.c.o)
 .text.analogWrite
                0x00000000       0xba C:\Users\AVEES\Desktop\CP4AD_~1\WORKSP~1\test\05E762~1.BUT\erika\lib\libarduinosdk.a(wiring_analog.c.o)
 .group         0x00000000        0x8 C:\Users\AVEES\Desktop\CP4AD_~1\WORKSP~1\test\05E762~1.BUT\erika\lib\libarduinosdk.a(HardwareSerial.cpp.o)
 .text          0x00000000        0x0 C:\Users\AVEES\Desktop\CP4AD_~1\WORKSP~1\test\05E762~1.BUT\erika\lib\libarduinosdk.a(HardwareSerial.cpp.o)
 .data          0x00000000        0x0 C:\Users\AVEES\Desktop\CP4AD_~1\WORKSP~1\test\05E762~1.BUT\erika\lib\libarduinosdk.a(HardwareSerial.cpp.o)
 .bss           0x00000000        0x0 C:\Users\AVEES\Desktop\CP4AD_~1\WORKSP~1\test\05E762~1.BUT\erika\lib\libarduinosdk.a(HardwareSerial.cpp.o)
 .text._Z14serialEventRunv
                0x00000000       0x1c C:\Users\AVEES\Desktop\CP4AD_~1\WORKSP~1\test\05E762~1.BUT\erika\lib\libarduinosdk.a(HardwareSerial.cpp.o)
 .text._ZN14HardwareSerial3endEv
                0x00000000       0x44 C:\Users\AVEES\Desktop\CP4AD_~1\WORKSP~1\test\05E762~1.BUT\erika\lib\libarduinosdk.a(HardwareSerial.cpp.o)
 .text          0x00000000        0x0 C:\Users\AVEES\Desktop\CP4AD_~1\WORKSP~1\test\05E762~1.BUT\erika\lib\libarduinosdk.a(HardwareSerial0.cpp.o)
 .data          0x00000000        0x0 C:\Users\AVEES\Desktop\CP4AD_~1\WORKSP~1\test\05E762~1.BUT\erika\lib\libarduinosdk.a(HardwareSerial0.cpp.o)
 .bss           0x00000000        0x0 C:\Users\AVEES\Desktop\CP4AD_~1\WORKSP~1\test\05E762~1.BUT\erika\lib\libarduinosdk.a(HardwareSerial0.cpp.o)
 .text._Z17Serial0_availablev
                0x00000000       0x14 C:\Users\AVEES\Desktop\CP4AD_~1\WORKSP~1\test\05E762~1.BUT\erika\lib\libarduinosdk.a(HardwareSerial0.cpp.o)
 .group         0x00000000        0x8 C:\Users\AVEES\Desktop\CP4AD_~1\WORKSP~1\test\05E762~1.BUT\erika\lib\libarduinosdk.a(Print.cpp.o)
 .group         0x00000000        0x8 C:\Users\AVEES\Desktop\CP4AD_~1\WORKSP~1\test\05E762~1.BUT\erika\lib\libarduinosdk.a(Print.cpp.o)
 .group         0x00000000        0x8 C:\Users\AVEES\Desktop\CP4AD_~1\WORKSP~1\test\05E762~1.BUT\erika\lib\libarduinosdk.a(Print.cpp.o)
 .text          0x00000000        0x0 C:\Users\AVEES\Desktop\CP4AD_~1\WORKSP~1\test\05E762~1.BUT\erika\lib\libarduinosdk.a(Print.cpp.o)
 .data          0x00000000        0x0 C:\Users\AVEES\Desktop\CP4AD_~1\WORKSP~1\test\05E762~1.BUT\erika\lib\libarduinosdk.a(Print.cpp.o)
 .bss           0x00000000        0x0 C:\Users\AVEES\Desktop\CP4AD_~1\WORKSP~1\test\05E762~1.BUT\erika\lib\libarduinosdk.a(Print.cpp.o)
 .text._ZN5Print17availableForWriteEv
                0x00000000        0x6 C:\Users\AVEES\Desktop\CP4AD_~1\WORKSP~1\test\05E762~1.BUT\erika\lib\libarduinosdk.a(Print.cpp.o)
 .text._ZN5Print5flushEv
                0x00000000        0x2 C:\Users\AVEES\Desktop\CP4AD_~1\WORKSP~1\test\05E762~1.BUT\erika\lib\libarduinosdk.a(Print.cpp.o)
 .text._ZN5Print5printEPK19__FlashStringHelper
                0x00000000       0x48 C:\Users\AVEES\Desktop\CP4AD_~1\WORKSP~1\test\05E762~1.BUT\erika\lib\libarduinosdk.a(Print.cpp.o)
 .text._ZN5Print5printERK6String
                0x00000000       0x1c C:\Users\AVEES\Desktop\CP4AD_~1\WORKSP~1\test\05E762~1.BUT\erika\lib\libarduinosdk.a(Print.cpp.o)
 .text._ZN5Print5printEc
                0x00000000        0xe C:\Users\AVEES\Desktop\CP4AD_~1\WORKSP~1\test\05E762~1.BUT\erika\lib\libarduinosdk.a(Print.cpp.o)
 .text._ZN5Print5printERK9Printable
                0x00000000       0x14 C:\Users\AVEES\Desktop\CP4AD_~1\WORKSP~1\test\05E762~1.BUT\erika\lib\libarduinosdk.a(Print.cpp.o)
 .rodata._ZN5Print7printlnEv.str1.1
                0x00000000        0x3 C:\Users\AVEES\Desktop\CP4AD_~1\WORKSP~1\test\05E762~1.BUT\erika\lib\libarduinosdk.a(Print.cpp.o)
 .text._ZN5Print7printlnEv
                0x00000000        0x8 C:\Users\AVEES\Desktop\CP4AD_~1\WORKSP~1\test\05E762~1.BUT\erika\lib\libarduinosdk.a(Print.cpp.o)
 .text._ZN5Print7printlnEPK19__FlashStringHelper
                0x00000000       0x24 C:\Users\AVEES\Desktop\CP4AD_~1\WORKSP~1\test\05E762~1.BUT\erika\lib\libarduinosdk.a(Print.cpp.o)
 .text._ZN5Print7printlnERK6String
                0x00000000       0x24 C:\Users\AVEES\Desktop\CP4AD_~1\WORKSP~1\test\05E762~1.BUT\erika\lib\libarduinosdk.a(Print.cpp.o)
 .text._ZN5Print7printlnEPKc
                0x00000000       0x2e C:\Users\AVEES\Desktop\CP4AD_~1\WORKSP~1\test\05E762~1.BUT\erika\lib\libarduinosdk.a(Print.cpp.o)
 .text._ZN5Print7printlnEc
                0x00000000       0x24 C:\Users\AVEES\Desktop\CP4AD_~1\WORKSP~1\test\05E762~1.BUT\erika\lib\libarduinosdk.a(Print.cpp.o)
 .text._ZN5Print7printlnERK9Printable
                0x00000000       0x24 C:\Users\AVEES\Desktop\CP4AD_~1\WORKSP~1\test\05E762~1.BUT\erika\lib\libarduinosdk.a(Print.cpp.o)
 .text._ZN5Print11printNumberEmh
                0x00000000       0x98 C:\Users\AVEES\Desktop\CP4AD_~1\WORKSP~1\test\05E762~1.BUT\erika\lib\libarduinosdk.a(Print.cpp.o)
 .text._ZN5Print5printEli
                0x00000000       0x90 C:\Users\AVEES\Desktop\CP4AD_~1\WORKSP~1\test\05E762~1.BUT\erika\lib\libarduinosdk.a(Print.cpp.o)
 .text._ZN5Print5printEii
                0x00000000        0xe C:\Users\AVEES\Desktop\CP4AD_~1\WORKSP~1\test\05E762~1.BUT\erika\lib\libarduinosdk.a(Print.cpp.o)
 .text._ZN5Print7printlnEii
                0x00000000       0x24 C:\Users\AVEES\Desktop\CP4AD_~1\WORKSP~1\test\05E762~1.BUT\erika\lib\libarduinosdk.a(Print.cpp.o)
 .text._ZN5Print7printlnEli
                0x00000000       0x24 C:\Users\AVEES\Desktop\CP4AD_~1\WORKSP~1\test\05E762~1.BUT\erika\lib\libarduinosdk.a(Print.cpp.o)
 .text._ZN5Print5printEmi
                0x00000000       0x1a C:\Users\AVEES\Desktop\CP4AD_~1\WORKSP~1\test\05E762~1.BUT\erika\lib\libarduinosdk.a(Print.cpp.o)
 .text._ZN5Print5printEhi
                0x00000000        0xe C:\Users\AVEES\Desktop\CP4AD_~1\WORKSP~1\test\05E762~1.BUT\erika\lib\libarduinosdk.a(Print.cpp.o)
 .text._ZN5Print7printlnEhi
                0x00000000       0x24 C:\Users\AVEES\Desktop\CP4AD_~1\WORKSP~1\test\05E762~1.BUT\erika\lib\libarduinosdk.a(Print.cpp.o)
 .text._ZN5Print5printEji
                0x00000000        0xc C:\Users\AVEES\Desktop\CP4AD_~1\WORKSP~1\test\05E762~1.BUT\erika\lib\libarduinosdk.a(Print.cpp.o)
 .text._ZN5Print7printlnEji
                0x00000000       0x24 C:\Users\AVEES\Desktop\CP4AD_~1\WORKSP~1\test\05E762~1.BUT\erika\lib\libarduinosdk.a(Print.cpp.o)
 .text._ZN5Print7printlnEmi
                0x00000000       0x24 C:\Users\AVEES\Desktop\CP4AD_~1\WORKSP~1\test\05E762~1.BUT\erika\lib\libarduinosdk.a(Print.cpp.o)
 .rodata._ZN5Print10printFloatEdh.str1.1
                0x00000000        0xc C:\Users\AVEES\Desktop\CP4AD_~1\WORKSP~1\test\05E762~1.BUT\erika\lib\libarduinosdk.a(Print.cpp.o)
 .text._ZN5Print10printFloatEdh
                0x00000000      0x1c8 C:\Users\AVEES\Desktop\CP4AD_~1\WORKSP~1\test\05E762~1.BUT\erika\lib\libarduinosdk.a(Print.cpp.o)
 .text._ZN5Print5printEdi
                0x00000000        0x4 C:\Users\AVEES\Desktop\CP4AD_~1\WORKSP~1\test\05E762~1.BUT\erika\lib\libarduinosdk.a(Print.cpp.o)
 .text._ZN5Print7printlnEdi
                0x00000000       0x24 C:\Users\AVEES\Desktop\CP4AD_~1\WORKSP~1\test\05E762~1.BUT\erika\lib\libarduinosdk.a(Print.cpp.o)
 .rodata._ZTV5Print
                0x00000000        0xc C:\Users\AVEES\Desktop\CP4AD_~1\WORKSP~1\test\05E762~1.BUT\erika\lib\libarduinosdk.a(Print.cpp.o)
 .text          0x00000000        0x0 C:\Users\AVEES\Desktop\CP4AD_~1\WORKSP~1\test\05E762~1.BUT\erika\lib\libarduinosdk.a(hooks.c.o)
 .data          0x00000000        0x0 C:\Users\AVEES\Desktop\CP4AD_~1\WORKSP~1\test\05E762~1.BUT\erika\lib\libarduinosdk.a(hooks.c.o)
 .bss           0x00000000        0x0 C:\Users\AVEES\Desktop\CP4AD_~1\WORKSP~1\test\05E762~1.BUT\erika\lib\libarduinosdk.a(hooks.c.o)
 .text.__empty  0x00000000        0x2 C:\Users\AVEES\Desktop\CP4AD_~1\WORKSP~1\test\05E762~1.BUT\erika\lib\libarduinosdk.a(hooks.c.o)
 .comment       0x00000000       0x12 C:\Users\AVEES\Desktop\CP4AD_~1\WORKSP~1\test\05E762~1.BUT\erika\lib\libarduinosdk.a(hooks.c.o)
 .text          0x00000000        0x0 C:\Users\AVEES\Desktop\CP4AD_~1\WORKSP~1\test\05E762~1.BUT\erika\lib\libarduinosdk.a(wiring_digital.c.o)
 .data          0x00000000        0x0 C:\Users\AVEES\Desktop\CP4AD_~1\WORKSP~1\test\05E762~1.BUT\erika\lib\libarduinosdk.a(wiring_digital.c.o)
 .bss           0x00000000        0x0 C:\Users\AVEES\Desktop\CP4AD_~1\WORKSP~1\test\05E762~1.BUT\erika\lib\libarduinosdk.a(wiring_digital.c.o)
 .text.turnOffPWM
                0x00000000       0x52 C:\Users\AVEES\Desktop\CP4AD_~1\WORKSP~1\test\05E762~1.BUT\erika\lib\libarduinosdk.a(wiring_digital.c.o)
 .text.pinMode  0x00000000       0x78 C:\Users\AVEES\Desktop\CP4AD_~1\WORKSP~1\test\05E762~1.BUT\erika\lib\libarduinosdk.a(wiring_digital.c.o)
 .text.digitalWrite
                0x00000000       0x5c C:\Users\AVEES\Desktop\CP4AD_~1\WORKSP~1\test\05E762~1.BUT\erika\lib\libarduinosdk.a(wiring_digital.c.o)
 .text.digitalRead
                0x00000000       0x52 C:\Users\AVEES\Desktop\CP4AD_~1\WORKSP~1\test\05E762~1.BUT\erika\lib\libarduinosdk.a(wiring_digital.c.o)
 .progmem.data.digital_pin_to_timer_PGM
                0x00000000       0x14 C:\Users\AVEES\Desktop\CP4AD_~1\WORKSP~1\test\05E762~1.BUT\erika\lib\libarduinosdk.a(wiring_digital.c.o)
 .progmem.data.digital_pin_to_bit_mask_PGM
                0x00000000       0x14 C:\Users\AVEES\Desktop\CP4AD_~1\WORKSP~1\test\05E762~1.BUT\erika\lib\libarduinosdk.a(wiring_digital.c.o)
 .progmem.data.digital_pin_to_port_PGM
                0x00000000       0x14 C:\Users\AVEES\Desktop\CP4AD_~1\WORKSP~1\test\05E762~1.BUT\erika\lib\libarduinosdk.a(wiring_digital.c.o)
 .progmem.data.port_to_input_PGM
                0x00000000        0xa C:\Users\AVEES\Desktop\CP4AD_~1\WORKSP~1\test\05E762~1.BUT\erika\lib\libarduinosdk.a(wiring_digital.c.o)
 .progmem.data.port_to_output_PGM
                0x00000000        0xa C:\Users\AVEES\Desktop\CP4AD_~1\WORKSP~1\test\05E762~1.BUT\erika\lib\libarduinosdk.a(wiring_digital.c.o)
 .progmem.data.port_to_mode_PGM
                0x00000000        0xa C:\Users\AVEES\Desktop\CP4AD_~1\WORKSP~1\test\05E762~1.BUT\erika\lib\libarduinosdk.a(wiring_digital.c.o)
 .comment       0x00000000       0x12 C:\Users\AVEES\Desktop\CP4AD_~1\WORKSP~1\test\05E762~1.BUT\erika\lib\libarduinosdk.a(wiring_digital.c.o)
 .text          0x00000000        0x0 C:\Users\AVEES\Desktop\CP4AD_~1\WORKSP~1\test\05E762~1.BUT\erika\lib\libarduinosdk.a(abi.cpp.o)
 .data          0x00000000        0x0 C:\Users\AVEES\Desktop\CP4AD_~1\WORKSP~1\test\05E762~1.BUT\erika\lib\libarduinosdk.a(abi.cpp.o)
 .bss           0x00000000        0x0 C:\Users\AVEES\Desktop\CP4AD_~1\WORKSP~1\test\05E762~1.BUT\erika\lib\libarduinosdk.a(abi.cpp.o)
 .text.__cxa_pure_virtual
                0x00000000        0x4 C:\Users\AVEES\Desktop\CP4AD_~1\WORKSP~1\test\05E762~1.BUT\erika\lib\libarduinosdk.a(abi.cpp.o)
 .text.__cxa_deleted_virtual
                0x00000000        0x4 C:\Users\AVEES\Desktop\CP4AD_~1\WORKSP~1\test\05E762~1.BUT\erika\lib\libarduinosdk.a(abi.cpp.o)
 .comment       0x00000000       0x12 C:\Users\AVEES\Desktop\CP4AD_~1\WORKSP~1\test\05E762~1.BUT\erika\lib\libarduinosdk.a(abi.cpp.o)
 .text          0x00000000        0x0 C:\Users\AVEES\Desktop\CP4AD_~1\WORKSP~1\test\05E762~1.BUT\erika\lib\libee.a(ee_atmega_timer1ctc.c.o)
 .data          0x00000000        0x0 C:\Users\AVEES\Desktop\CP4AD_~1\WORKSP~1\test\05E762~1.BUT\erika\lib\libee.a(ee_atmega_timer1ctc.c.o)
 .bss           0x00000000        0x0 C:\Users\AVEES\Desktop\CP4AD_~1\WORKSP~1\test\05E762~1.BUT\erika\lib\libee.a(ee_atmega_timer1ctc.c.o)
 .text          0x00000000        0x0 C:\Users\AVEES\Desktop\CP4AD_~1\WORKSP~1\test\05E762~1.BUT\erika\lib\libee.a(ee_oo_api_osek.c.o)
 .data          0x00000000        0x0 C:\Users\AVEES\Desktop\CP4AD_~1\WORKSP~1\test\05E762~1.BUT\erika\lib\libee.a(ee_oo_api_osek.c.o)
 .bss           0x00000000        0x0 C:\Users\AVEES\Desktop\CP4AD_~1\WORKSP~1\test\05E762~1.BUT\erika\lib\libee.a(ee_oo_api_osek.c.o)
 .text.SuspendAllInterrupts
                0x00000000       0x34 C:\Users\AVEES\Desktop\CP4AD_~1\WORKSP~1\test\05E762~1.BUT\erika\lib\libee.a(ee_oo_api_osek.c.o)
 .text.ResumeAllInterrupts
                0x00000000       0x1c C:\Users\AVEES\Desktop\CP4AD_~1\WORKSP~1\test\05E762~1.BUT\erika\lib\libee.a(ee_oo_api_osek.c.o)
 .text.SuspendOSInterrupts
                0x00000000       0x34 C:\Users\AVEES\Desktop\CP4AD_~1\WORKSP~1\test\05E762~1.BUT\erika\lib\libee.a(ee_oo_api_osek.c.o)
 .text.ResumeOSInterrupts
                0x00000000       0x1c C:\Users\AVEES\Desktop\CP4AD_~1\WORKSP~1\test\05E762~1.BUT\erika\lib\libee.a(ee_oo_api_osek.c.o)
 .text.GetActiveApplicationMode
                0x00000000       0x18 C:\Users\AVEES\Desktop\CP4AD_~1\WORKSP~1\test\05E762~1.BUT\erika\lib\libee.a(ee_oo_api_osek.c.o)
 .text.ChainTask
                0x00000000       0xb0 C:\Users\AVEES\Desktop\CP4AD_~1\WORKSP~1\test\05E762~1.BUT\erika\lib\libee.a(ee_oo_api_osek.c.o)
 .text.Schedule
                0x00000000       0x4c C:\Users\AVEES\Desktop\CP4AD_~1\WORKSP~1\test\05E762~1.BUT\erika\lib\libee.a(ee_oo_api_osek.c.o)
 .text.GetResource
                0x00000000       0x7a C:\Users\AVEES\Desktop\CP4AD_~1\WORKSP~1\test\05E762~1.BUT\erika\lib\libee.a(ee_oo_api_osek.c.o)
 .text.ReleaseResource
                0x00000000       0x8c C:\Users\AVEES\Desktop\CP4AD_~1\WORKSP~1\test\05E762~1.BUT\erika\lib\libee.a(ee_oo_api_osek.c.o)
 .text.ShutdownOS
                0x00000000       0x34 C:\Users\AVEES\Desktop\CP4AD_~1\WORKSP~1\test\05E762~1.BUT\erika\lib\libee.a(ee_oo_api_osek.c.o)
 .text.GetTaskID
                0x00000000       0x58 C:\Users\AVEES\Desktop\CP4AD_~1\WORKSP~1\test\05E762~1.BUT\erika\lib\libee.a(ee_oo_api_osek.c.o)
 .text.GetTaskState
                0x00000000       0x7e C:\Users\AVEES\Desktop\CP4AD_~1\WORKSP~1\test\05E762~1.BUT\erika\lib\libee.a(ee_oo_api_osek.c.o)
 .text.WaitEvent
                0x00000000       0x76 C:\Users\AVEES\Desktop\CP4AD_~1\WORKSP~1\test\05E762~1.BUT\erika\lib\libee.a(ee_oo_api_osek.c.o)
 .text.SetEvent
                0x00000000       0x76 C:\Users\AVEES\Desktop\CP4AD_~1\WORKSP~1\test\05E762~1.BUT\erika\lib\libee.a(ee_oo_api_osek.c.o)
 .text.GetEvent
                0x00000000       0x4e C:\Users\AVEES\Desktop\CP4AD_~1\WORKSP~1\test\05E762~1.BUT\erika\lib\libee.a(ee_oo_api_osek.c.o)
 .text.ClearEvent
                0x00000000       0x32 C:\Users\AVEES\Desktop\CP4AD_~1\WORKSP~1\test\05E762~1.BUT\erika\lib\libee.a(ee_oo_api_osek.c.o)
 .text.GetISRID
                0x00000000       0x1e C:\Users\AVEES\Desktop\CP4AD_~1\WORKSP~1\test\05E762~1.BUT\erika\lib\libee.a(ee_oo_api_osek.c.o)
 .text          0x00000000        0x0 C:\Users\AVEES\Desktop\CP4AD_~1\WORKSP~1\test\05E762~1.BUT\erika\lib\libee.a(ee_oo_sched_entry_points.c.o)
 .data          0x00000000        0x0 C:\Users\AVEES\Desktop\CP4AD_~1\WORKSP~1\test\05E762~1.BUT\erika\lib\libee.a(ee_oo_sched_entry_points.c.o)
 .bss           0x00000000        0x0 C:\Users\AVEES\Desktop\CP4AD_~1\WORKSP~1\test\05E762~1.BUT\erika\lib\libee.a(ee_oo_sched_entry_points.c.o)
 .text          0x00000000        0x0 C:\Users\AVEES\Desktop\CP4AD_~1\WORKSP~1\test\05E762~1.BUT\erika\lib\libee.a(ee_oo_scheduler.c.o)
 .data          0x00000000        0x0 C:\Users\AVEES\Desktop\CP4AD_~1\WORKSP~1\test\05E762~1.BUT\erika\lib\libee.a(ee_oo_scheduler.c.o)
 .bss           0x00000000        0x0 C:\Users\AVEES\Desktop\CP4AD_~1\WORKSP~1\test\05E762~1.BUT\erika\lib\libee.a(ee_oo_scheduler.c.o)
 .text          0x00000000        0x0 C:\Users\AVEES\Desktop\CP4AD_~1\WORKSP~1\test\05E762~1.BUT\erika\lib\libee.a(ee_oo_kernel.c.o)
 .data          0x00000000        0x0 C:\Users\AVEES\Desktop\CP4AD_~1\WORKSP~1\test\05E762~1.BUT\erika\lib\libee.a(ee_oo_kernel.c.o)
 .bss           0x00000000        0x0 C:\Users\AVEES\Desktop\CP4AD_~1\WORKSP~1\test\05E762~1.BUT\erika\lib\libee.a(ee_oo_kernel.c.o)
 .text.osEE_task_event_set_mask
                0x00000000       0x3a C:\Users\AVEES\Desktop\CP4AD_~1\WORKSP~1\test\05E762~1.BUT\erika\lib\libee.a(ee_oo_kernel.c.o)
 .text          0x00000000        0x0 C:\Users\AVEES\Desktop\CP4AD_~1\WORKSP~1\test\05E762~1.BUT\erika\lib\libee.a(ee_oo_sched_partitioned.c.o)
 .data          0x00000000        0x0 C:\Users\AVEES\Desktop\CP4AD_~1\WORKSP~1\test\05E762~1.BUT\erika\lib\libee.a(ee_oo_sched_partitioned.c.o)
 .bss           0x00000000        0x0 C:\Users\AVEES\Desktop\CP4AD_~1\WORKSP~1\test\05E762~1.BUT\erika\lib\libee.a(ee_oo_sched_partitioned.c.o)
 .text.osEE_scheduler_task_insert
                0x00000000       0x4e C:\Users\AVEES\Desktop\CP4AD_~1\WORKSP~1\test\05E762~1.BUT\erika\lib\libee.a(ee_oo_sched_partitioned.c.o)
 .text.osEE_scheduler_task_unblocked
                0x00000000       0x60 C:\Users\AVEES\Desktop\CP4AD_~1\WORKSP~1\test\05E762~1.BUT\erika\lib\libee.a(ee_oo_sched_partitioned.c.o)
 .text.osEE_scheduler_task_preemption_point
                0x00000000       0x36 C:\Users\AVEES\Desktop\CP4AD_~1\WORKSP~1\test\05E762~1.BUT\erika\lib\libee.a(ee_oo_sched_partitioned.c.o)
 .text          0x00000000        0x0 C:\Users\AVEES\Desktop\CP4AD_~1\WORKSP~1\test\05E762~1.BUT\erika\lib\libee.a(ee_std_change_context.c.o)
 .data          0x00000000        0x0 C:\Users\AVEES\Desktop\CP4AD_~1\WORKSP~1\test\05E762~1.BUT\erika\lib\libee.a(ee_std_change_context.c.o)
 .bss           0x00000000        0x0 C:\Users\AVEES\Desktop\CP4AD_~1\WORKSP~1\test\05E762~1.BUT\erika\lib\libee.a(ee_std_change_context.c.o)
 .text          0x00000000        0x0 C:\Users\AVEES\Desktop\CP4AD_~1\WORKSP~1\test\05E762~1.BUT\erika\lib\libee.a(ee_atmega_intvect.c.o)
 .data          0x00000000        0x0 C:\Users\AVEES\Desktop\CP4AD_~1\WORKSP~1\test\05E762~1.BUT\erika\lib\libee.a(ee_atmega_intvect.c.o)
 .bss           0x00000000        0x0 C:\Users\AVEES\Desktop\CP4AD_~1\WORKSP~1\test\05E762~1.BUT\erika\lib\libee.a(ee_atmega_intvect.c.o)
 .data          0x00000000        0x0 C:\Users\AVEES\Desktop\CP4AD_~1\WORKSP~1\test\05E762~1.BUT\erika\lib\libee.a(ee_avr8_asm.S.o)
 .bss           0x00000000        0x0 C:\Users\AVEES\Desktop\CP4AD_~1\WORKSP~1\test\05E762~1.BUT\erika\lib\libee.a(ee_avr8_asm.S.o)
 .avr.prop      0x00000000       0x3a C:\Users\AVEES\Desktop\CP4AD_~1\WORKSP~1\test\05E762~1.BUT\erika\lib\libee.a(ee_avr8_asm.S.o)
 .text          0x00000000        0x0 C:\Users\AVEES\Desktop\CP4AD_~1\WORKSP~1\test\05E762~1.BUT\erika\lib\libee.a(ee_avr8_irqstub.c.o)
 .data          0x00000000        0x0 C:\Users\AVEES\Desktop\CP4AD_~1\WORKSP~1\test\05E762~1.BUT\erika\lib\libee.a(ee_avr8_irqstub.c.o)
 .bss           0x00000000        0x0 C:\Users\AVEES\Desktop\CP4AD_~1\WORKSP~1\test\05E762~1.BUT\erika\lib\libee.a(ee_avr8_irqstub.c.o)
 .text.osEE_avr8_isr1_stub
                0x00000000       0x42 C:\Users\AVEES\Desktop\CP4AD_~1\WORKSP~1\test\05E762~1.BUT\erika\lib\libee.a(ee_avr8_irqstub.c.o)
 .text          0x00000000        0x0 c:/arduino/hardware/tools/avr/bin/../lib/gcc/avr/7.3.0/../../../../avr/lib/avr5\libm.a(addsf3.o)
 .data          0x00000000        0x0 c:/arduino/hardware/tools/avr/bin/../lib/gcc/avr/7.3.0/../../../../avr/lib/avr5\libm.a(addsf3.o)
 .bss           0x00000000        0x0 c:/arduino/hardware/tools/avr/bin/../lib/gcc/avr/7.3.0/../../../../avr/lib/avr5\libm.a(addsf3.o)
 .text.avr-libc.fplib
                0x00000000        0xe c:/arduino/hardware/tools/avr/bin/../lib/gcc/avr/7.3.0/../../../../avr/lib/avr5\libm.a(addsf3.o)
 .text          0x00000000        0x0 c:/arduino/hardware/tools/avr/bin/../lib/gcc/avr/7.3.0/../../../../avr/lib/avr5\libm.a(addsf3x.o)
 .data          0x00000000        0x0 c:/arduino/hardware/tools/avr/bin/../lib/gcc/avr/7.3.0/../../../../avr/lib/avr5\libm.a(addsf3x.o)
 .bss           0x00000000        0x0 c:/arduino/hardware/tools/avr/bin/../lib/gcc/avr/7.3.0/../../../../avr/lib/avr5\libm.a(addsf3x.o)
 .text.avr-libc.fplib
                0x00000000       0xcc c:/arduino/hardware/tools/avr/bin/../lib/gcc/avr/7.3.0/../../../../avr/lib/avr5\libm.a(addsf3x.o)
 .text          0x00000000        0x0 c:/arduino/hardware/tools/avr/bin/../lib/gcc/avr/7.3.0/../../../../avr/lib/avr5\libm.a(cmpsf2.o)
 .data          0x00000000        0x0 c:/arduino/hardware/tools/avr/bin/../lib/gcc/avr/7.3.0/../../../../avr/lib/avr5\libm.a(cmpsf2.o)
 .bss           0x00000000        0x0 c:/arduino/hardware/tools/avr/bin/../lib/gcc/avr/7.3.0/../../../../avr/lib/avr5\libm.a(cmpsf2.o)
 .text.avr-libc.fplib
                0x00000000        0xa c:/arduino/hardware/tools/avr/bin/../lib/gcc/avr/7.3.0/../../../../avr/lib/avr5\libm.a(cmpsf2.o)
 .text          0x00000000        0x0 c:/arduino/hardware/tools/avr/bin/../lib/gcc/avr/7.3.0/../../../../avr/lib/avr5\libm.a(divsf3.o)
 .data          0x00000000        0x0 c:/arduino/hardware/tools/avr/bin/../lib/gcc/avr/7.3.0/../../../../avr/lib/avr5\libm.a(divsf3.o)
 .bss           0x00000000        0x0 c:/arduino/hardware/tools/avr/bin/../lib/gcc/avr/7.3.0/../../../../avr/lib/avr5\libm.a(divsf3.o)
 .text.avr-libc.fplib
                0x00000000        0x8 c:/arduino/hardware/tools/avr/bin/../lib/gcc/avr/7.3.0/../../../../avr/lib/avr5\libm.a(divsf3.o)
 .text          0x00000000        0x0 c:/arduino/hardware/tools/avr/bin/../lib/gcc/avr/7.3.0/../../../../avr/lib/avr5\libm.a(divsf3x.o)
 .data          0x00000000        0x0 c:/arduino/hardware/tools/avr/bin/../lib/gcc/avr/7.3.0/../../../../avr/lib/avr5\libm.a(divsf3x.o)
 .bss           0x00000000        0x0 c:/arduino/hardware/tools/avr/bin/../lib/gcc/avr/7.3.0/../../../../avr/lib/avr5\libm.a(divsf3x.o)
 .text.avr-libc.fplib
                0x00000000       0xdc c:/arduino/hardware/tools/avr/bin/../lib/gcc/avr/7.3.0/../../../../avr/lib/avr5\libm.a(divsf3x.o)
 .text          0x00000000        0x0 c:/arduino/hardware/tools/avr/bin/../lib/gcc/avr/7.3.0/../../../../avr/lib/avr5\libm.a(fixunssfsi.o)
 .data          0x00000000        0x0 c:/arduino/hardware/tools/avr/bin/../lib/gcc/avr/7.3.0/../../../../avr/lib/avr5\libm.a(fixunssfsi.o)
 .bss           0x00000000        0x0 c:/arduino/hardware/tools/avr/bin/../lib/gcc/avr/7.3.0/../../../../avr/lib/avr5\libm.a(fixunssfsi.o)
 .text.avr-libc.fplib
                0x00000000       0x5e c:/arduino/hardware/tools/avr/bin/../lib/gcc/avr/7.3.0/../../../../avr/lib/avr5\libm.a(fixunssfsi.o)
 .text          0x00000000        0x0 c:/arduino/hardware/tools/avr/bin/../lib/gcc/avr/7.3.0/../../../../avr/lib/avr5\libm.a(floatsisf.o)
 .data          0x00000000        0x0 c:/arduino/hardware/tools/avr/bin/../lib/gcc/avr/7.3.0/../../../../avr/lib/avr5\libm.a(floatsisf.o)
 .bss           0x00000000        0x0 c:/arduino/hardware/tools/avr/bin/../lib/gcc/avr/7.3.0/../../../../avr/lib/avr5\libm.a(floatsisf.o)
 .text.avr-libc.fplib
                0x00000000       0x7a c:/arduino/hardware/tools/avr/bin/../lib/gcc/avr/7.3.0/../../../../avr/lib/avr5\libm.a(floatsisf.o)
 .text          0x00000000        0x0 c:/arduino/hardware/tools/avr/bin/../lib/gcc/avr/7.3.0/../../../../avr/lib/avr5\libm.a(fp_cmp.o)
 .data          0x00000000        0x0 c:/arduino/hardware/tools/avr/bin/../lib/gcc/avr/7.3.0/../../../../avr/lib/avr5\libm.a(fp_cmp.o)
 .bss           0x00000000        0x0 c:/arduino/hardware/tools/avr/bin/../lib/gcc/avr/7.3.0/../../../../avr/lib/avr5\libm.a(fp_cmp.o)
 .text.avr-libc.fplib
                0x00000000       0x48 c:/arduino/hardware/tools/avr/bin/../lib/gcc/avr/7.3.0/../../../../avr/lib/avr5\libm.a(fp_cmp.o)
 .text          0x00000000        0x0 c:/arduino/hardware/tools/avr/bin/../lib/gcc/avr/7.3.0/../../../../avr/lib/avr5\libm.a(fp_inf.o)
 .data          0x00000000        0x0 c:/arduino/hardware/tools/avr/bin/../lib/gcc/avr/7.3.0/../../../../avr/lib/avr5\libm.a(fp_inf.o)
 .bss           0x00000000        0x0 c:/arduino/hardware/tools/avr/bin/../lib/gcc/avr/7.3.0/../../../../avr/lib/avr5\libm.a(fp_inf.o)
 .text.avr-libc.fplib
                0x00000000        0xc c:/arduino/hardware/tools/avr/bin/../lib/gcc/avr/7.3.0/../../../../avr/lib/avr5\libm.a(fp_inf.o)
 .text          0x00000000        0x0 c:/arduino/hardware/tools/avr/bin/../lib/gcc/avr/7.3.0/../../../../avr/lib/avr5\libm.a(fp_nan.o)
 .data          0x00000000        0x0 c:/arduino/hardware/tools/avr/bin/../lib/gcc/avr/7.3.0/../../../../avr/lib/avr5\libm.a(fp_nan.o)
 .bss           0x00000000        0x0 c:/arduino/hardware/tools/avr/bin/../lib/gcc/avr/7.3.0/../../../../avr/lib/avr5\libm.a(fp_nan.o)
 .text.avr-libc.fplib
                0x00000000        0x6 c:/arduino/hardware/tools/avr/bin/../lib/gcc/avr/7.3.0/../../../../avr/lib/avr5\libm.a(fp_nan.o)
 .text          0x00000000        0x0 c:/arduino/hardware/tools/avr/bin/../lib/gcc/avr/7.3.0/../../../../avr/lib/avr5\libm.a(fp_pscA.o)
 .data          0x00000000        0x0 c:/arduino/hardware/tools/avr/bin/../lib/gcc/avr/7.3.0/../../../../avr/lib/avr5\libm.a(fp_pscA.o)
 .bss           0x00000000        0x0 c:/arduino/hardware/tools/avr/bin/../lib/gcc/avr/7.3.0/../../../../avr/lib/avr5\libm.a(fp_pscA.o)
 .text.avr-libc.fplib
                0x00000000        0xe c:/arduino/hardware/tools/avr/bin/../lib/gcc/avr/7.3.0/../../../../avr/lib/avr5\libm.a(fp_pscA.o)
 .text          0x00000000        0x0 c:/arduino/hardware/tools/avr/bin/../lib/gcc/avr/7.3.0/../../../../avr/lib/avr5\libm.a(fp_pscB.o)
 .data          0x00000000        0x0 c:/arduino/hardware/tools/avr/bin/../lib/gcc/avr/7.3.0/../../../../avr/lib/avr5\libm.a(fp_pscB.o)
 .bss           0x00000000        0x0 c:/arduino/hardware/tools/avr/bin/../lib/gcc/avr/7.3.0/../../../../avr/lib/avr5\libm.a(fp_pscB.o)
 .text.avr-libc.fplib
                0x00000000        0xe c:/arduino/hardware/tools/avr/bin/../lib/gcc/avr/7.3.0/../../../../avr/lib/avr5\libm.a(fp_pscB.o)
 .text          0x00000000        0x0 c:/arduino/hardware/tools/avr/bin/../lib/gcc/avr/7.3.0/../../../../avr/lib/avr5\libm.a(fp_round.o)
 .data          0x00000000        0x0 c:/arduino/hardware/tools/avr/bin/../lib/gcc/avr/7.3.0/../../../../avr/lib/avr5\libm.a(fp_round.o)
 .bss           0x00000000        0x0 c:/arduino/hardware/tools/avr/bin/../lib/gcc/avr/7.3.0/../../../../avr/lib/avr5\libm.a(fp_round.o)
 .text.avr-libc.fplib
                0x00000000       0x22 c:/arduino/hardware/tools/avr/bin/../lib/gcc/avr/7.3.0/../../../../avr/lib/avr5\libm.a(fp_round.o)
 .text          0x00000000        0x0 c:/arduino/hardware/tools/avr/bin/../lib/gcc/avr/7.3.0/../../../../avr/lib/avr5\libm.a(fp_split3.o)
 .data          0x00000000        0x0 c:/arduino/hardware/tools/avr/bin/../lib/gcc/avr/7.3.0/../../../../avr/lib/avr5\libm.a(fp_split3.o)
 .bss           0x00000000        0x0 c:/arduino/hardware/tools/avr/bin/../lib/gcc/avr/7.3.0/../../../../avr/lib/avr5\libm.a(fp_split3.o)
 .text.avr-libc.fplib
                0x00000000       0x44 c:/arduino/hardware/tools/avr/bin/../lib/gcc/avr/7.3.0/../../../../avr/lib/avr5\libm.a(fp_split3.o)
 .text          0x00000000        0x0 c:/arduino/hardware/tools/avr/bin/../lib/gcc/avr/7.3.0/../../../../avr/lib/avr5\libm.a(fp_zero.o)
 .data          0x00000000        0x0 c:/arduino/hardware/tools/avr/bin/../lib/gcc/avr/7.3.0/../../../../avr/lib/avr5\libm.a(fp_zero.o)
 .bss           0x00000000        0x0 c:/arduino/hardware/tools/avr/bin/../lib/gcc/avr/7.3.0/../../../../avr/lib/avr5\libm.a(fp_zero.o)
 .text.avr-libc.fplib
                0x00000000        0xe c:/arduino/hardware/tools/avr/bin/../lib/gcc/avr/7.3.0/../../../../avr/lib/avr5\libm.a(fp_zero.o)
 .text          0x00000000        0x0 c:/arduino/hardware/tools/avr/bin/../lib/gcc/avr/7.3.0/../../../../avr/lib/avr5\libm.a(gesf2.o)
 .data          0x00000000        0x0 c:/arduino/hardware/tools/avr/bin/../lib/gcc/avr/7.3.0/../../../../avr/lib/avr5\libm.a(gesf2.o)
 .bss           0x00000000        0x0 c:/arduino/hardware/tools/avr/bin/../lib/gcc/avr/7.3.0/../../../../avr/lib/avr5\libm.a(gesf2.o)
 .text.avr-libc.fplib
                0x00000000        0xa c:/arduino/hardware/tools/avr/bin/../lib/gcc/avr/7.3.0/../../../../avr/lib/avr5\libm.a(gesf2.o)
 .text          0x00000000        0x0 c:/arduino/hardware/tools/avr/bin/../lib/gcc/avr/7.3.0/../../../../avr/lib/avr5\libm.a(mulsf3.o)
 .data          0x00000000        0x0 c:/arduino/hardware/tools/avr/bin/../lib/gcc/avr/7.3.0/../../../../avr/lib/avr5\libm.a(mulsf3.o)
 .bss           0x00000000        0x0 c:/arduino/hardware/tools/avr/bin/../lib/gcc/avr/7.3.0/../../../../avr/lib/avr5\libm.a(mulsf3.o)
 .text.avr-libc.fplib
                0x00000000        0x8 c:/arduino/hardware/tools/avr/bin/../lib/gcc/avr/7.3.0/../../../../avr/lib/avr5\libm.a(mulsf3.o)
 .text          0x00000000        0x0 c:/arduino/hardware/tools/avr/bin/../lib/gcc/avr/7.3.0/../../../../avr/lib/avr5\libm.a(mulsf3x.o)
 .data          0x00000000        0x0 c:/arduino/hardware/tools/avr/bin/../lib/gcc/avr/7.3.0/../../../../avr/lib/avr5\libm.a(mulsf3x.o)
 .bss           0x00000000        0x0 c:/arduino/hardware/tools/avr/bin/../lib/gcc/avr/7.3.0/../../../../avr/lib/avr5\libm.a(mulsf3x.o)
 .text.avr-libc.fplib
                0x00000000       0xd2 c:/arduino/hardware/tools/avr/bin/../lib/gcc/avr/7.3.0/../../../../avr/lib/avr5\libm.a(mulsf3x.o)
 .text          0x00000000        0x0 c:/arduino/hardware/tools/avr/bin/../lib/gcc/avr/7.3.0/../../../../avr/lib/avr5\libm.a(unordsf2.o)
 .data          0x00000000        0x0 c:/arduino/hardware/tools/avr/bin/../lib/gcc/avr/7.3.0/../../../../avr/lib/avr5\libm.a(unordsf2.o)
 .bss           0x00000000        0x0 c:/arduino/hardware/tools/avr/bin/../lib/gcc/avr/7.3.0/../../../../avr/lib/avr5\libm.a(unordsf2.o)
 .text.avr-libc.fplib
                0x00000000        0xa c:/arduino/hardware/tools/avr/bin/../lib/gcc/avr/7.3.0/../../../../avr/lib/avr5\libm.a(unordsf2.o)
 .text          0x00000000        0x0 c:/arduino/hardware/tools/avr/bin/../lib/gcc/avr/7.3.0/avr5\libgcc.a(_udivmodsi4.o)
 .data          0x00000000        0x0 c:/arduino/hardware/tools/avr/bin/../lib/gcc/avr/7.3.0/avr5\libgcc.a(_udivmodsi4.o)
 .bss           0x00000000        0x0 c:/arduino/hardware/tools/avr/bin/../lib/gcc/avr/7.3.0/avr5\libgcc.a(_udivmodsi4.o)
 .text.libgcc.mul
                0x00000000        0x0 c:/arduino/hardware/tools/avr/bin/../lib/gcc/avr/7.3.0/avr5\libgcc.a(_udivmodsi4.o)
 .text.libgcc   0x00000000        0x0 c:/arduino/hardware/tools/avr/bin/../lib/gcc/avr/7.3.0/avr5\libgcc.a(_udivmodsi4.o)
 .text.libgcc.prologue
                0x00000000        0x0 c:/arduino/hardware/tools/avr/bin/../lib/gcc/avr/7.3.0/avr5\libgcc.a(_udivmodsi4.o)
 .text.libgcc.builtins
                0x00000000        0x0 c:/arduino/hardware/tools/avr/bin/../lib/gcc/avr/7.3.0/avr5\libgcc.a(_udivmodsi4.o)
 .text.libgcc.fmul
                0x00000000        0x0 c:/arduino/hardware/tools/avr/bin/../lib/gcc/avr/7.3.0/avr5\libgcc.a(_udivmodsi4.o)
 .text.libgcc.fixed
                0x00000000        0x0 c:/arduino/hardware/tools/avr/bin/../lib/gcc/avr/7.3.0/avr5\libgcc.a(_udivmodsi4.o)
 .text          0x00000000        0x0 c:/arduino/hardware/tools/avr/bin/../lib/gcc/avr/7.3.0/avr5\libgcc.a(_exit.o)
 .data          0x00000000        0x0 c:/arduino/hardware/tools/avr/bin/../lib/gcc/avr/7.3.0/avr5\libgcc.a(_exit.o)
 .bss           0x00000000        0x0 c:/arduino/hardware/tools/avr/bin/../lib/gcc/avr/7.3.0/avr5\libgcc.a(_exit.o)
 .text.libgcc.mul
                0x00000000        0x0 c:/arduino/hardware/tools/avr/bin/../lib/gcc/avr/7.3.0/avr5\libgcc.a(_exit.o)
 .text.libgcc.div
                0x00000000        0x0 c:/arduino/hardware/tools/avr/bin/../lib/gcc/avr/7.3.0/avr5\libgcc.a(_exit.o)
 .text.libgcc   0x00000000        0x0 c:/arduino/hardware/tools/avr/bin/../lib/gcc/avr/7.3.0/avr5\libgcc.a(_exit.o)
 .text.libgcc.prologue
                0x00000000        0x0 c:/arduino/hardware/tools/avr/bin/../lib/gcc/avr/7.3.0/avr5\libgcc.a(_exit.o)
 .text.libgcc.builtins
                0x00000000        0x0 c:/arduino/hardware/tools/avr/bin/../lib/gcc/avr/7.3.0/avr5\libgcc.a(_exit.o)
 .text.libgcc.fmul
                0x00000000        0x0 c:/arduino/hardware/tools/avr/bin/../lib/gcc/avr/7.3.0/avr5\libgcc.a(_exit.o)
 .text.libgcc.fixed
                0x00000000        0x0 c:/arduino/hardware/tools/avr/bin/../lib/gcc/avr/7.3.0/avr5\libgcc.a(_exit.o)
 .text          0x00000000        0x0 c:/arduino/hardware/tools/avr/bin/../lib/gcc/avr/7.3.0/avr5\libgcc.a(_copy_data.o)
 .data          0x00000000        0x0 c:/arduino/hardware/tools/avr/bin/../lib/gcc/avr/7.3.0/avr5\libgcc.a(_copy_data.o)
 .bss           0x00000000        0x0 c:/arduino/hardware/tools/avr/bin/../lib/gcc/avr/7.3.0/avr5\libgcc.a(_copy_data.o)
 .text.libgcc.mul
                0x00000000        0x0 c:/arduino/hardware/tools/avr/bin/../lib/gcc/avr/7.3.0/avr5\libgcc.a(_copy_data.o)
 .text.libgcc.div
                0x00000000        0x0 c:/arduino/hardware/tools/avr/bin/../lib/gcc/avr/7.3.0/avr5\libgcc.a(_copy_data.o)
 .text.libgcc   0x00000000        0x0 c:/arduino/hardware/tools/avr/bin/../lib/gcc/avr/7.3.0/avr5\libgcc.a(_copy_data.o)
 .text.libgcc.prologue
                0x00000000        0x0 c:/arduino/hardware/tools/avr/bin/../lib/gcc/avr/7.3.0/avr5\libgcc.a(_copy_data.o)
 .text.libgcc.builtins
                0x00000000        0x0 c:/arduino/hardware/tools/avr/bin/../lib/gcc/avr/7.3.0/avr5\libgcc.a(_copy_data.o)
 .text.libgcc.fmul
                0x00000000        0x0 c:/arduino/hardware/tools/avr/bin/../lib/gcc/avr/7.3.0/avr5\libgcc.a(_copy_data.o)
 .text.libgcc.fixed
                0x00000000        0x0 c:/arduino/hardware/tools/avr/bin/../lib/gcc/avr/7.3.0/avr5\libgcc.a(_copy_data.o)
 .text          0x00000000        0x0 c:/arduino/hardware/tools/avr/bin/../lib/gcc/avr/7.3.0/avr5\libgcc.a(_clear_bss.o)
 .data          0x00000000        0x0 c:/arduino/hardware/tools/avr/bin/../lib/gcc/avr/7.3.0/avr5\libgcc.a(_clear_bss.o)
 .bss           0x00000000        0x0 c:/arduino/hardware/tools/avr/bin/../lib/gcc/avr/7.3.0/avr5\libgcc.a(_clear_bss.o)
 .text.libgcc.mul
                0x00000000        0x0 c:/arduino/hardware/tools/avr/bin/../lib/gcc/avr/7.3.0/avr5\libgcc.a(_clear_bss.o)
 .text.libgcc.div
                0x00000000        0x0 c:/arduino/hardware/tools/avr/bin/../lib/gcc/avr/7.3.0/avr5\libgcc.a(_clear_bss.o)
 .text.libgcc   0x00000000        0x0 c:/arduino/hardware/tools/avr/bin/../lib/gcc/avr/7.3.0/avr5\libgcc.a(_clear_bss.o)
 .text.libgcc.prologue
                0x00000000        0x0 c:/arduino/hardware/tools/avr/bin/../lib/gcc/avr/7.3.0/avr5\libgcc.a(_clear_bss.o)
 .text.libgcc.builtins
                0x00000000        0x0 c:/arduino/hardware/tools/avr/bin/../lib/gcc/avr/7.3.0/avr5\libgcc.a(_clear_bss.o)
 .text.libgcc.fmul
                0x00000000        0x0 c:/arduino/hardware/tools/avr/bin/../lib/gcc/avr/7.3.0/avr5\libgcc.a(_clear_bss.o)
 .text.libgcc.fixed
                0x00000000        0x0 c:/arduino/hardware/tools/avr/bin/../lib/gcc/avr/7.3.0/avr5\libgcc.a(_clear_bss.o)
 .text          0x00000000        0x0 c:/arduino/hardware/tools/avr/bin/../lib/gcc/avr/7.3.0/avr5\libgcc.a(_ctors.o)
 .data          0x00000000        0x0 c:/arduino/hardware/tools/avr/bin/../lib/gcc/avr/7.3.0/avr5\libgcc.a(_ctors.o)
 .bss           0x00000000        0x0 c:/arduino/hardware/tools/avr/bin/../lib/gcc/avr/7.3.0/avr5\libgcc.a(_ctors.o)
 .text.libgcc.mul
                0x00000000        0x0 c:/arduino/hardware/tools/avr/bin/../lib/gcc/avr/7.3.0/avr5\libgcc.a(_ctors.o)
 .text.libgcc.div
                0x00000000        0x0 c:/arduino/hardware/tools/avr/bin/../lib/gcc/avr/7.3.0/avr5\libgcc.a(_ctors.o)
 .text.libgcc   0x00000000        0x0 c:/arduino/hardware/tools/avr/bin/../lib/gcc/avr/7.3.0/avr5\libgcc.a(_ctors.o)
 .text.libgcc.prologue
                0x00000000        0x0 c:/arduino/hardware/tools/avr/bin/../lib/gcc/avr/7.3.0/avr5\libgcc.a(_ctors.o)
 .text.libgcc.builtins
                0x00000000        0x0 c:/arduino/hardware/tools/avr/bin/../lib/gcc/avr/7.3.0/avr5\libgcc.a(_ctors.o)
 .text.libgcc.fmul
                0x00000000        0x0 c:/arduino/hardware/tools/avr/bin/../lib/gcc/avr/7.3.0/avr5\libgcc.a(_ctors.o)
 .text.libgcc.fixed
                0x00000000        0x0 c:/arduino/hardware/tools/avr/bin/../lib/gcc/avr/7.3.0/avr5\libgcc.a(_ctors.o)
 .text          0x00000000        0x0 c:/arduino/hardware/tools/avr/bin/../lib/gcc/avr/7.3.0/avr5\libgcc.a(_tablejump2.o)
 .data          0x00000000        0x0 c:/arduino/hardware/tools/avr/bin/../lib/gcc/avr/7.3.0/avr5\libgcc.a(_tablejump2.o)
 .bss           0x00000000        0x0 c:/arduino/hardware/tools/avr/bin/../lib/gcc/avr/7.3.0/avr5\libgcc.a(_tablejump2.o)
 .text.libgcc.mul
                0x00000000        0x0 c:/arduino/hardware/tools/avr/bin/../lib/gcc/avr/7.3.0/avr5\libgcc.a(_tablejump2.o)
 .text.libgcc.div
                0x00000000        0x0 c:/arduino/hardware/tools/avr/bin/../lib/gcc/avr/7.3.0/avr5\libgcc.a(_tablejump2.o)
 .text.libgcc.prologue
                0x00000000        0x0 c:/arduino/hardware/tools/avr/bin/../lib/gcc/avr/7.3.0/avr5\libgcc.a(_tablejump2.o)
 .text.libgcc.builtins
                0x00000000        0x0 c:/arduino/hardware/tools/avr/bin/../lib/gcc/avr/7.3.0/avr5\libgcc.a(_tablejump2.o)
 .text.libgcc.fmul
                0x00000000        0x0 c:/arduino/hardware/tools/avr/bin/../lib/gcc/avr/7.3.0/avr5\libgcc.a(_tablejump2.o)
 .text.libgcc.fixed
                0x00000000        0x0 c:/arduino/hardware/tools/avr/bin/../lib/gcc/avr/7.3.0/avr5\libgcc.a(_tablejump2.o)
 .text          0x00000000        0x0 c:/arduino/hardware/tools/avr/bin/../lib/gcc/avr/7.3.0/../../../../avr/lib/avr5\libc.a(abort.o)
 .data          0x00000000        0x0 c:/arduino/hardware/tools/avr/bin/../lib/gcc/avr/7.3.0/../../../../avr/lib/avr5\libc.a(abort.o)
 .bss           0x00000000        0x0 c:/arduino/hardware/tools/avr/bin/../lib/gcc/avr/7.3.0/../../../../avr/lib/avr5\libc.a(abort.o)
 .text.avr-libc
                0x00000000        0xa c:/arduino/hardware/tools/avr/bin/../lib/gcc/avr/7.3.0/../../../../avr/lib/avr5\libc.a(abort.o)
 .text          0x00000000        0x0 c:/arduino/hardware/tools/avr/bin/../lib/gcc/avr/7.3.0/../../../../avr/lib/avr5\libc.a(vsnprintf.o)
 .data          0x00000000        0x0 c:/arduino/hardware/tools/avr/bin/../lib/gcc/avr/7.3.0/../../../../avr/lib/avr5\libc.a(vsnprintf.o)
 .bss           0x00000000        0x0 c:/arduino/hardware/tools/avr/bin/../lib/gcc/avr/7.3.0/../../../../avr/lib/avr5\libc.a(vsnprintf.o)
 .text          0x00000000        0x0 c:/arduino/hardware/tools/avr/bin/../lib/gcc/avr/7.3.0/../../../../avr/lib/avr5\libc.a(vfprintf_std.o)
 .data          0x00000000        0x0 c:/arduino/hardware/tools/avr/bin/../lib/gcc/avr/7.3.0/../../../../avr/lib/avr5\libc.a(vfprintf_std.o)
 .bss           0x00000000        0x0 c:/arduino/hardware/tools/avr/bin/../lib/gcc/avr/7.3.0/../../../../avr/lib/avr5\libc.a(vfprintf_std.o)
 .text          0x00000000        0x0 c:/arduino/hardware/tools/avr/bin/../lib/gcc/avr/7.3.0/../../../../avr/lib/avr5\libc.a(strnlen_P.o)
 .data          0x00000000        0x0 c:/arduino/hardware/tools/avr/bin/../lib/gcc/avr/7.3.0/../../../../avr/lib/avr5\libc.a(strnlen_P.o)
 .bss           0x00000000        0x0 c:/arduino/hardware/tools/avr/bin/../lib/gcc/avr/7.3.0/../../../../avr/lib/avr5\libc.a(strnlen_P.o)
 .text          0x00000000        0x0 c:/arduino/hardware/tools/avr/bin/../lib/gcc/avr/7.3.0/../../../../avr/lib/avr5\libc.a(strnlen.o)
 .data          0x00000000        0x0 c:/arduino/hardware/tools/avr/bin/../lib/gcc/avr/7.3.0/../../../../avr/lib/avr5\libc.a(strnlen.o)
 .bss           0x00000000        0x0 c:/arduino/hardware/tools/avr/bin/../lib/gcc/avr/7.3.0/../../../../avr/lib/avr5\libc.a(strnlen.o)
 .text          0x00000000        0x0 c:/arduino/hardware/tools/avr/bin/../lib/gcc/avr/7.3.0/../../../../avr/lib/avr5\libc.a(fputc.o)
 .data          0x00000000        0x0 c:/arduino/hardware/tools/avr/bin/../lib/gcc/avr/7.3.0/../../../../avr/lib/avr5\libc.a(fputc.o)
 .bss           0x00000000        0x0 c:/arduino/hardware/tools/avr/bin/../lib/gcc/avr/7.3.0/../../../../avr/lib/avr5\libc.a(fputc.o)
 .text          0x00000000        0x0 c:/arduino/hardware/tools/avr/bin/../lib/gcc/avr/7.3.0/../../../../avr/lib/avr5\libc.a(ultoa_invert.o)
 .data          0x00000000        0x0 c:/arduino/hardware/tools/avr/bin/../lib/gcc/avr/7.3.0/../../../../avr/lib/avr5\libc.a(ultoa_invert.o)
 .bss           0x00000000        0x0 c:/arduino/hardware/tools/avr/bin/../lib/gcc/avr/7.3.0/../../../../avr/lib/avr5\libc.a(ultoa_invert.o)
 .text          0x00000000        0x0 c:/arduino/hardware/tools/avr/bin/../lib/gcc/avr/7.3.0/avr5\libgcc.a(_prologue.o)
 .data          0x00000000        0x0 c:/arduino/hardware/tools/avr/bin/../lib/gcc/avr/7.3.0/avr5\libgcc.a(_prologue.o)
 .bss           0x00000000        0x0 c:/arduino/hardware/tools/avr/bin/../lib/gcc/avr/7.3.0/avr5\libgcc.a(_prologue.o)
 .text.libgcc.mul
                0x00000000        0x0 c:/arduino/hardware/tools/avr/bin/../lib/gcc/avr/7.3.0/avr5\libgcc.a(_prologue.o)
 .text.libgcc.div
                0x00000000        0x0 c:/arduino/hardware/tools/avr/bin/../lib/gcc/avr/7.3.0/avr5\libgcc.a(_prologue.o)
 .text.libgcc   0x00000000        0x0 c:/arduino/hardware/tools/avr/bin/../lib/gcc/avr/7.3.0/avr5\libgcc.a(_prologue.o)
 .text.libgcc.builtins
                0x00000000        0x0 c:/arduino/hardware/tools/avr/bin/../lib/gcc/avr/7.3.0/avr5\libgcc.a(_prologue.o)
 .text.libgcc.fmul
                0x00000000        0x0 c:/arduino/hardware/tools/avr/bin/../lib/gcc/avr/7.3.0/avr5\libgcc.a(_prologue.o)
 .text.libgcc.fixed
                0x00000000        0x0 c:/arduino/hardware/tools/avr/bin/../lib/gcc/avr/7.3.0/avr5\libgcc.a(_prologue.o)
 .text          0x00000000        0x0 c:/arduino/hardware/tools/avr/bin/../lib/gcc/avr/7.3.0/avr5\libgcc.a(_epilogue.o)
 .data          0x00000000        0x0 c:/arduino/hardware/tools/avr/bin/../lib/gcc/avr/7.3.0/avr5\libgcc.a(_epilogue.o)
 .bss           0x00000000        0x0 c:/arduino/hardware/tools/avr/bin/../lib/gcc/avr/7.3.0/avr5\libgcc.a(_epilogue.o)
 .text.libgcc.mul
                0x00000000        0x0 c:/arduino/hardware/tools/avr/bin/../lib/gcc/avr/7.3.0/avr5\libgcc.a(_epilogue.o)
 .text.libgcc.div
                0x00000000        0x0 c:/arduino/hardware/tools/avr/bin/../lib/gcc/avr/7.3.0/avr5\libgcc.a(_epilogue.o)
 .text.libgcc   0x00000000        0x0 c:/arduino/hardware/tools/avr/bin/../lib/gcc/avr/7.3.0/avr5\libgcc.a(_epilogue.o)
 .text.libgcc.builtins
                0x00000000        0x0 c:/arduino/hardware/tools/avr/bin/../lib/gcc/avr/7.3.0/avr5\libgcc.a(_epilogue.o)
 .text.libgcc.fmul
                0x00000000        0x0 c:/arduino/hardware/tools/avr/bin/../lib/gcc/avr/7.3.0/avr5\libgcc.a(_epilogue.o)
 .text.libgcc.fixed
                0x00000000        0x0 c:/arduino/hardware/tools/avr/bin/../lib/gcc/avr/7.3.0/avr5\libgcc.a(_epilogue.o)

Memory Configuration

Name             Origin             Length             Attributes
text             0x00000000         0x00020000         xr
data             0x00800060         0x0000ffa0         rw !x
eeprom           0x00810000         0x00010000         rw !x
fuse             0x00820000         0x00000003         rw !x
lock             0x00830000         0x00000400         rw !x
signature        0x00840000         0x00000400         rw !x
user_signatures  0x00850000         0x00000400         rw !x
*default*        0x00000000         0xffffffff

Linker script and memory map

Address of section .data set to 0x800100
LOAD c:/arduino/hardware/tools/avr/bin/../lib/gcc/avr/7.3.0/../../../../avr/lib/avr5/crtatmega328p.o
LOAD obj/asw.c.o
LOAD obj/bsw.cpp.o
LOAD obj/ee_applcfg.c.o
START GROUP
LOAD C:\Users\AVEES\Desktop\CP4AD_~1\WORKSP~1\test\05E762~1.BUT\erika\lib\libarduinosdk.a
LOAD C:\Users\AVEES\Desktop\CP4AD_~1\WORKSP~1\test\05E762~1.BUT\erika\lib\libee.a
END GROUP
LOAD c:/arduino/hardware/tools/avr/bin/../lib/gcc/avr/7.3.0/../../../../avr/lib/avr5\libm.a
START GROUP
LOAD c:/arduino/hardware/tools/avr/bin/../lib/gcc/avr/7.3.0/avr5\libgcc.a
LOAD c:/arduino/hardware/tools/avr/bin/../lib/gcc/avr/7.3.0/../../../../avr/lib/avr5\libm.a
LOAD c:/arduino/hardware/tools/avr/bin/../lib/gcc/avr/7.3.0/../../../../avr/lib/avr5\libc.a
LOAD c:/arduino/hardware/tools/avr/bin/../lib/gcc/avr/7.3.0/../../../../avr/lib/avr5\libatmega328p.a
END GROUP
                0x00020000                __TEXT_REGION_LENGTH__ = DEFINED (__TEXT_REGION_LENGTH__)?__TEXT_REGION_LENGTH__:0x20000
                0x0000ffa0                __DATA_REGION_LENGTH__ = DEFINED (__DATA_REGION_LENGTH__)?__DATA_REGION_LENGTH__:0xffa0
                0x00010000                __EEPROM_REGION_LENGTH__ = DEFINED (__EEPROM_REGION_LENGTH__)?__EEPROM_REGION_LENGTH__:0x10000
                [0x00000003]                __FUSE_REGION_LENGTH__ = DEFINED (__FUSE_REGION_LENGTH__)?__FUSE_REGION_LENGTH__:0x400
                0x00000400                __LOCK_REGION_LENGTH__ = DEFINED (__LOCK_REGION_LENGTH__)?__LOCK_REGION_LENGTH__:0x400
                0x00000400                __SIGNATURE_REGION_LENGTH__ = DEFINED (__SIGNATURE_REGION_LENGTH__)?__SIGNATURE_REGION_LENGTH__:0x400
                0x00000400                __USER_SIGNATURE_REGION_LENGTH__ = DEFINED (__USER_SIGNATURE_REGION_LENGTH__)?__USER_SIGNATURE_REGION_LENGTH__:0x400
                0x00800060                __DATA_REGION_ORIGIN__ = DEFINED (__DATA_REGION_ORIGIN__)?__DATA_REGION_ORIGIN__:0x800060

.hash
 *(.hash)

.dynsym
 *(.dynsym)

.dynstr
 *(.dynstr)

.gnu.version
 *(.gnu.version)

.gnu.version_d
 *(.gnu.version_d)

.gnu.version_r
 *(.gnu.version_r)

.rel.init
 *(.rel.init)

.rela.init
 *(.rela.init)

.rel.text
 *(.rel.text)
 *(.rel.text.*)
 *(.rel.gnu.linkonce.t*)

.rela.text
 *(.rela.text)
 *(.rela.text.*)
 *(.rela.gnu.linkonce.t*)

.rel.fini
 *(.rel.fini)

.rela.fini
 *(.rela.fini)

.rel.rodata
 *(.rel.rodata)
 *(.rel.rodata.*)
 *(.rel.gnu.linkonce.r*)

.rela.rodata
 *(.rela.rodata)
 *(.rela.rodata.*)
 *(.rela.gnu.linkonce.r*)

.rel.data
 *(.rel.data)
 *(.rel.data.*)
 *(.rel.gnu.linkonce.d*)

.rela.data
 *(.rela.data)
 *(.rela.data.*)
 *(.rela.gnu.linkonce.d*)

.rel.ctors
 *(.rel.ctors)

.rela.ctors
 *(.rela.ctors)

.rel.dtors
 *(.rel.dtors)

.rela.dtors
 *(.rela.dtors)

.rel.got
 *(.rel.got)

.rela.got
 *(.rela.got)

.rel.bss
 *(.rel.bss)

.rela.bss
 *(.rela.bss)

.rel.plt
 *(.rel.plt)

.rela.plt
 *(.rela.plt)

.text           0x00000000     0x1724
 *(.vectors)
 .vectors       0x00000000       0x68 c:/arduino/hardware/tools/avr/bin/../lib/gcc/avr/7.3.0/../../../../avr/lib/avr5/crtatmega328p.o
                0x00000000                __vectors
 *(.vectors)
 *(.progmem.gcc*)
                0x00000068                . = ALIGN (0x2)
                0x00000068                __trampolines_start = .
 *(.trampolines)
 .trampolines   0x00000068        0x0 linker stubs
 *(.trampolines*)
                0x00000068                __trampolines_end = .
 *libprintf_flt.a:*(.progmem.data)
 *libc.a:*(.progmem.data)
 *(.progmem*)
                0x00000068                . = ALIGN (0x2)
 *(.jumptables)
 *(.jumptables*)
 *(.lowtext)
 *(.lowtext*)
                0x00000068                __ctors_start = .
 *(.ctors)
 .ctors         0x00000068        0x2 C:\Users\AVEES\Desktop\CP4AD_~1\WORKSP~1\test\05E762~1.BUT\erika\lib\libarduinosdk.a(HardwareSerial0.cpp.o)
                0x0000006a                __ctors_end = .
                0x0000006a                __dtors_start = .
 *(.dtors)
                0x0000006a                __dtors_end = .
 SORT(*)(.ctors)
 SORT(*)(.dtors)
 *(.init0)
 .init0         0x0000006a        0x0 c:/arduino/hardware/tools/avr/bin/../lib/gcc/avr/7.3.0/../../../../avr/lib/avr5/crtatmega328p.o
                0x0000006a                __init
 *(.init0)
 *(.init1)
 *(.init1)
 *(.init2)
 .init2         0x0000006a        0xc c:/arduino/hardware/tools/avr/bin/../lib/gcc/avr/7.3.0/../../../../avr/lib/avr5/crtatmega328p.o
 *(.init2)
 *(.init3)
 *(.init3)
 *(.init4)
 .init4         0x00000076       0x16 c:/arduino/hardware/tools/avr/bin/../lib/gcc/avr/7.3.0/avr5\libgcc.a(_copy_data.o)
                0x00000076                __do_copy_data
 .init4         0x0000008c       0x10 c:/arduino/hardware/tools/avr/bin/../lib/gcc/avr/7.3.0/avr5\libgcc.a(_clear_bss.o)
                0x0000008c                __do_clear_bss
 *(.init4)
 *(.init5)
 *(.init5)
 *(.init6)
 .init6         0x0000009c       0x16 c:/arduino/hardware/tools/avr/bin/../lib/gcc/avr/7.3.0/avr5\libgcc.a(_ctors.o)
                0x0000009c                __do_global_ctors
 *(.init6)
 *(.init7)
 *(.init7)
 *(.init8)
 *(.init8)
 *(.init9)
 .init9         0x000000b2        0x8 c:/arduino/hardware/tools/avr/bin/../lib/gcc/avr/7.3.0/../../../../avr/lib/avr5/crtatmega328p.o
 *(.init9)
 *(.text)
 .text          0x000000ba        0x4 c:/arduino/hardware/tools/avr/bin/../lib/gcc/avr/7.3.0/../../../../avr/lib/avr5/crtatmega328p.o
                0x000000ba                __vector_22
                0x000000ba                __vector_1
                0x000000ba                __vector_24
                0x000000ba                __vector_12
                0x000000ba                __bad_interrupt
                0x000000ba                __vector_6
                0x000000ba                __vector_3
                0x000000ba                __vector_23
                0x000000ba                __vector_25
                0x000000ba                __vector_13
                0x000000ba                __vector_17
                0x000000ba                __vector_7
                0x000000ba                __vector_5
                0x000000ba                __vector_9
                0x000000ba                __vector_2
                0x000000ba                __vector_21
                0x000000ba                __vector_15
                0x000000ba                __vector_8
                0x000000ba                __vector_14
                0x000000ba                __vector_10
                0x000000ba                __vector_20
 *fill*         0x000000be        0x2 
 .text          0x000000c0       0xe4 C:\Users\AVEES\Desktop\CP4AD_~1\WORKSP~1\test\05E762~1.BUT\erika\lib\libee.a(ee_avr8_asm.S.o)
                0x000000c0                osEE_hal_save_ctx_and_restore_ctx
                0x00000100                osEE_hal_restore_ctx
                0x00000140                osEE_hal_ready2stacked
                0x00000150                osEE_hal_save_ctx_and_ready2stacked
                0x00000190                osEE_hal_terminate_ctx
                0x000001a4                . = ALIGN (0x2)
 *(.text.*)
 .text.FuncTask1
                0x000001a4       0x42 obj/asw.c.o
                0x000001a4                FuncTask1
 .text.FuncTask2
                0x000001e6       0x30 obj/asw.c.o
                0x000001e6                FuncTask2
 .text.TimerISR
                0x00000216       0x4e obj/asw.c.o
                0x00000216                TimerISR
 .text.ButtonISR
                0x00000264       0x3a obj/asw.c.o
                0x00000264                ButtonISR
 .text.mdelay   0x0000029e       0x90 obj/bsw.cpp.o
                0x0000029e                mdelay
 .text.printfSerial
                0x0000032e       0x52 obj/bsw.cpp.o
                0x0000032e                printfSerial
 .text.setup    0x00000380       0x1e obj/bsw.cpp.o
                0x00000380                setup
 .text.startup.main
                0x0000039e       0x58 obj/bsw.cpp.o
                0x0000039e                main
 .text.__vector_16
                0x000003f6       0x94 C:\Users\AVEES\Desktop\CP4AD_~1\WORKSP~1\test\05E762~1.BUT\erika\lib\libarduinosdk.a(wiring.c.o)
                0x000003f6                __vector_16
 .text.millis   0x0000048a       0x18 C:\Users\AVEES\Desktop\CP4AD_~1\WORKSP~1\test\05E762~1.BUT\erika\lib\libarduinosdk.a(wiring.c.o)
                0x0000048a                millis
 .text.init     0x000004a2       0x76 C:\Users\AVEES\Desktop\CP4AD_~1\WORKSP~1\test\05E762~1.BUT\erika\lib\libarduinosdk.a(wiring.c.o)
                0x000004a2                init
 .text.analogRead
                0x00000518       0x36 C:\Users\AVEES\Desktop\CP4AD_~1\WORKSP~1\test\05E762~1.BUT\erika\lib\libarduinosdk.a(wiring_analog.c.o)
                0x00000518                analogRead
 .text._ZN14HardwareSerial9availableEv
                0x0000054e       0x18 C:\Users\AVEES\Desktop\CP4AD_~1\WORKSP~1\test\05E762~1.BUT\erika\lib\libarduinosdk.a(HardwareSerial.cpp.o)
                0x0000054e                _ZN14HardwareSerial9availableEv
 .text._ZN14HardwareSerial4peekEv
                0x00000566       0x1c C:\Users\AVEES\Desktop\CP4AD_~1\WORKSP~1\test\05E762~1.BUT\erika\lib\libarduinosdk.a(HardwareSerial.cpp.o)
                0x00000566                _ZN14HardwareSerial4peekEv
 .text._ZN14HardwareSerial4readEv
                0x00000582       0x28 C:\Users\AVEES\Desktop\CP4AD_~1\WORKSP~1\test\05E762~1.BUT\erika\lib\libarduinosdk.a(HardwareSerial.cpp.o)
                0x00000582                _ZN14HardwareSerial4readEv
 .text._ZN14HardwareSerial17availableForWriteEv
                0x000005aa       0x1e C:\Users\AVEES\Desktop\CP4AD_~1\WORKSP~1\test\05E762~1.BUT\erika\lib\libarduinosdk.a(HardwareSerial.cpp.o)
                0x000005aa                _ZN14HardwareSerial17availableForWriteEv
 .text._ZN14HardwareSerial17_tx_udr_empty_irqEv
                0x000005c8       0x44 C:\Users\AVEES\Desktop\CP4AD_~1\WORKSP~1\test\05E762~1.BUT\erika\lib\libarduinosdk.a(HardwareSerial.cpp.o)
                0x000005c8                _ZN14HardwareSerial17_tx_udr_empty_irqEv
 .text._ZN14HardwareSerial5flushEv
                0x0000060c       0x40 C:\Users\AVEES\Desktop\CP4AD_~1\WORKSP~1\test\05E762~1.BUT\erika\lib\libarduinosdk.a(HardwareSerial.cpp.o)
                0x0000060c                _ZN14HardwareSerial5flushEv
 .text._ZN14HardwareSerial5writeEh
                0x0000064c       0x9a C:\Users\AVEES\Desktop\CP4AD_~1\WORKSP~1\test\05E762~1.BUT\erika\lib\libarduinosdk.a(HardwareSerial.cpp.o)
                0x0000064c                _ZN14HardwareSerial5writeEh
 .text._ZN14HardwareSerial5beginEmh
                0x000006e6       0xc4 C:\Users\AVEES\Desktop\CP4AD_~1\WORKSP~1\test\05E762~1.BUT\erika\lib\libarduinosdk.a(HardwareSerial.cpp.o)
                0x000006e6                _ZN14HardwareSerial5beginEmh
 .text.__vector_18
                0x000007aa       0x64 C:\Users\AVEES\Desktop\CP4AD_~1\WORKSP~1\test\05E762~1.BUT\erika\lib\libarduinosdk.a(HardwareSerial0.cpp.o)
                0x000007aa                __vector_18
 .text.__vector_19
                0x0000080e       0x4c C:\Users\AVEES\Desktop\CP4AD_~1\WORKSP~1\test\05E762~1.BUT\erika\lib\libarduinosdk.a(HardwareSerial0.cpp.o)
                0x0000080e                __vector_19
 .text.startup._GLOBAL__sub_I___vector_18
                0x0000085a       0x5a C:\Users\AVEES\Desktop\CP4AD_~1\WORKSP~1\test\05E762~1.BUT\erika\lib\libarduinosdk.a(HardwareSerial0.cpp.o)
 .text._ZN5Print5writeEPKhj
                0x000008b4       0x5a C:\Users\AVEES\Desktop\CP4AD_~1\WORKSP~1\test\05E762~1.BUT\erika\lib\libarduinosdk.a(Print.cpp.o)
                0x000008b4                _ZN5Print5writeEPKhj
 .text._ZN5Print5writeEPKc.part.2
                0x0000090e       0x1e C:\Users\AVEES\Desktop\CP4AD_~1\WORKSP~1\test\05E762~1.BUT\erika\lib\libarduinosdk.a(Print.cpp.o)
 .text._ZN5Print5printEPKc
                0x0000092c       0x10 C:\Users\AVEES\Desktop\CP4AD_~1\WORKSP~1\test\05E762~1.BUT\erika\lib\libarduinosdk.a(Print.cpp.o)
                0x0000092c                _ZN5Print5printEPKc
 .text.OsEE_atmega_startTimer1
                0x0000093c       0xbc C:\Users\AVEES\Desktop\CP4AD_~1\WORKSP~1\test\05E762~1.BUT\erika\lib\libee.a(ee_atmega_timer1ctc.c.o)
                0x0000093c                OsEE_atmega_startTimer1
 .text.DisableAllInterrupts
                0x000009f8       0x10 C:\Users\AVEES\Desktop\CP4AD_~1\WORKSP~1\test\05E762~1.BUT\erika\lib\libee.a(ee_oo_api_osek.c.o)
                0x000009f8                DisableAllInterrupts
 .text.EnableAllInterrupts
                0x00000a08       0x14 C:\Users\AVEES\Desktop\CP4AD_~1\WORKSP~1\test\05E762~1.BUT\erika\lib\libee.a(ee_oo_api_osek.c.o)
                0x00000a08                EnableAllInterrupts
 .text.StartOS  0x00000a1c       0x82 C:\Users\AVEES\Desktop\CP4AD_~1\WORKSP~1\test\05E762~1.BUT\erika\lib\libee.a(ee_oo_api_osek.c.o)
                0x00000a1c                StartOS
 .text.ActivateTask
                0x00000a9e       0x6a C:\Users\AVEES\Desktop\CP4AD_~1\WORKSP~1\test\05E762~1.BUT\erika\lib\libee.a(ee_oo_api_osek.c.o)
                0x00000a9e                ActivateTask
 .text.TerminateTask
                0x00000b08       0x34 C:\Users\AVEES\Desktop\CP4AD_~1\WORKSP~1\test\05E762~1.BUT\erika\lib\libee.a(ee_oo_api_osek.c.o)
                0x00000b08                TerminateTask
 .text.osEE_scheduler_task_wrapper_restore
                0x00000b3c       0x12 C:\Users\AVEES\Desktop\CP4AD_~1\WORKSP~1\test\05E762~1.BUT\erika\lib\libee.a(ee_oo_sched_entry_points.c.o)
                0x00000b3c                osEE_scheduler_task_wrapper_restore
 .text.osEE_scheduler_task_wrapper_run
                0x00000b4e       0x98 C:\Users\AVEES\Desktop\CP4AD_~1\WORKSP~1\test\05E762~1.BUT\erika\lib\libee.a(ee_oo_sched_entry_points.c.o)
                0x00000b4e                osEE_scheduler_task_wrapper_run
 .text.osEE_idle_hook_wrapper
                0x00000be6       0x1c C:\Users\AVEES\Desktop\CP4AD_~1\WORKSP~1\test\05E762~1.BUT\erika\lib\libee.a(ee_oo_sched_entry_points.c.o)
                0x00000be6                osEE_idle_hook_wrapper
 .text.osEE_scheduler_core_rq_preempt_stk
                0x00000c02       0xae C:\Users\AVEES\Desktop\CP4AD_~1\WORKSP~1\test\05E762~1.BUT\erika\lib\libee.a(ee_oo_scheduler.c.o)
                0x00000c02                osEE_scheduler_core_rq_preempt_stk
 .text.osEE_sn_priority_insert
                0x00000cb0       0x74 C:\Users\AVEES\Desktop\CP4AD_~1\WORKSP~1\test\05E762~1.BUT\erika\lib\libee.a(ee_oo_scheduler.c.o)
                0x00000cb0                osEE_sn_priority_insert
 .text.osEE_scheduler_rq_insert
                0x00000d24        0xe C:\Users\AVEES\Desktop\CP4AD_~1\WORKSP~1\test\05E762~1.BUT\erika\lib\libee.a(ee_oo_scheduler.c.o)
                0x00000d24                osEE_scheduler_rq_insert
 .text.osEE_scheduler_core_pop_running
                0x00000d32       0x50 C:\Users\AVEES\Desktop\CP4AD_~1\WORKSP~1\test\05E762~1.BUT\erika\lib\libee.a(ee_oo_scheduler.c.o)
                0x00000d32                osEE_scheduler_core_pop_running
 .text.osEE_task_activated
                0x00000d82       0x24 C:\Users\AVEES\Desktop\CP4AD_~1\WORKSP~1\test\05E762~1.BUT\erika\lib\libee.a(ee_oo_kernel.c.o)
                0x00000d82                osEE_task_activated
 .text.osEE_task_end
                0x00000da6       0x2a C:\Users\AVEES\Desktop\CP4AD_~1\WORKSP~1\test\05E762~1.BUT\erika\lib\libee.a(ee_oo_kernel.c.o)
                0x00000da6                osEE_task_end
 .text.osEE_activate_isr2
                0x00000dd0       0x30 C:\Users\AVEES\Desktop\CP4AD_~1\WORKSP~1\test\05E762~1.BUT\erika\lib\libee.a(ee_oo_kernel.c.o)
                0x00000dd0                osEE_activate_isr2
 .text.osEE_scheduler_task_activated
                0x00000e00       0xb0 C:\Users\AVEES\Desktop\CP4AD_~1\WORKSP~1\test\05E762~1.BUT\erika\lib\libee.a(ee_oo_sched_partitioned.c.o)
                0x00000e00                osEE_scheduler_task_activated
 .text.osEE_scheduler_task_terminated
                0x00000eb0       0xd8 C:\Users\AVEES\Desktop\CP4AD_~1\WORKSP~1\test\05E762~1.BUT\erika\lib\libee.a(ee_oo_sched_partitioned.c.o)
                0x00000eb0                osEE_scheduler_task_terminated
 .text.osEE_scheduler_task_set_running
                0x00000f88       0x70 C:\Users\AVEES\Desktop\CP4AD_~1\WORKSP~1\test\05E762~1.BUT\erika\lib\libee.a(ee_oo_sched_partitioned.c.o)
                0x00000f88                osEE_scheduler_task_set_running
 .text.osEE_change_context_from_running
                0x00000ff8       0x28 C:\Users\AVEES\Desktop\CP4AD_~1\WORKSP~1\test\05E762~1.BUT\erika\lib\libee.a(ee_std_change_context.c.o)
                0x00000ff8                osEE_change_context_from_running
 .text.osEE_change_context_from_task_end
                0x00001020       0x24 C:\Users\AVEES\Desktop\CP4AD_~1\WORKSP~1\test\05E762~1.BUT\erika\lib\libee.a(ee_std_change_context.c.o)
                0x00001020                osEE_change_context_from_task_end
 .text.osEE_idle_task_terminate
                0x00001044       0x36 C:\Users\AVEES\Desktop\CP4AD_~1\WORKSP~1\test\05E762~1.BUT\erika\lib\libee.a(ee_std_change_context.c.o)
                0x00001044                osEE_idle_task_terminate
 .text.osEE_scheduler_task_end
                0x0000107a       0x2c C:\Users\AVEES\Desktop\CP4AD_~1\WORKSP~1\test\05E762~1.BUT\erika\lib\libee.a(ee_std_change_context.c.o)
                0x0000107a                osEE_scheduler_task_end
 .text.__vector_default
                0x000010a6        0x4 C:\Users\AVEES\Desktop\CP4AD_~1\WORKSP~1\test\05E762~1.BUT\erika\lib\libee.a(ee_atmega_intvect.c.o)
                0x000010a6                tag___vector_default
                0x000010a6                __vector_default
 .text.osEE_atmega_intvect
                0x000010aa        0x4 C:\Users\AVEES\Desktop\CP4AD_~1\WORKSP~1\test\05E762~1.BUT\erika\lib\libee.a(ee_atmega_intvect.c.o)
                0x000010aa                osEE_atmega_intvect
 .text.__vector_4
                0x000010ae       0x10 C:\Users\AVEES\Desktop\CP4AD_~1\WORKSP~1\test\05E762~1.BUT\erika\lib\libee.a(ee_atmega_intvect.c.o)
                0x000010ae                __vector_4
                0x000010ae                tag___vector_4
 .text.__vector_11
                0x000010be       0x10 C:\Users\AVEES\Desktop\CP4AD_~1\WORKSP~1\test\05E762~1.BUT\erika\lib\libee.a(ee_atmega_intvect.c.o)
                0x000010be                tag___vector_11
                0x000010be                __vector_11
 .text.osEE_avr8_isr2_stub
                0x000010ce       0x40 C:\Users\AVEES\Desktop\CP4AD_~1\WORKSP~1\test\05E762~1.BUT\erika\lib\libee.a(ee_avr8_irqstub.c.o)
                0x000010ce                osEE_avr8_isr2_stub
 .text.libgcc.div
                0x0000110e       0x44 c:/arduino/hardware/tools/avr/bin/../lib/gcc/avr/7.3.0/avr5\libgcc.a(_udivmodsi4.o)
                0x0000110e                __udivmodsi4
 .text.libgcc   0x00001152        0xc c:/arduino/hardware/tools/avr/bin/../lib/gcc/avr/7.3.0/avr5\libgcc.a(_tablejump2.o)
                0x00001152                __tablejump2__
 .text.avr-libc
                0x0000115e       0x58 c:/arduino/hardware/tools/avr/bin/../lib/gcc/avr/7.3.0/../../../../avr/lib/avr5\libc.a(vsnprintf.o)
                0x0000115e                vsnprintf
 .text.avr-libc
                0x000011b6      0x3b4 c:/arduino/hardware/tools/avr/bin/../lib/gcc/avr/7.3.0/../../../../avr/lib/avr5\libc.a(vfprintf_std.o)
                0x000011b6                vfprintf
 .text.avr-libc
                0x0000156a       0x16 c:/arduino/hardware/tools/avr/bin/../lib/gcc/avr/7.3.0/../../../../avr/lib/avr5\libc.a(strnlen_P.o)
                0x0000156a                strnlen_P
 .text.avr-libc
                0x00001580       0x16 c:/arduino/hardware/tools/avr/bin/../lib/gcc/avr/7.3.0/../../../../avr/lib/avr5\libc.a(strnlen.o)
                0x00001580                strnlen
 .text.avr-libc
                0x00001596       0x60 c:/arduino/hardware/tools/avr/bin/../lib/gcc/avr/7.3.0/../../../../avr/lib/avr5\libc.a(fputc.o)
                0x00001596                fputc
 .text.avr-libc
                0x000015f6       0xbc c:/arduino/hardware/tools/avr/bin/../lib/gcc/avr/7.3.0/../../../../avr/lib/avr5\libc.a(ultoa_invert.o)
                0x000015f6                __ultoa_invert
 .text.libgcc.prologue
                0x000016b2       0x38 c:/arduino/hardware/tools/avr/bin/../lib/gcc/avr/7.3.0/avr5\libgcc.a(_prologue.o)
                0x000016b2                __prologue_saves__
 .text.libgcc.prologue
                0x000016ea       0x36 c:/arduino/hardware/tools/avr/bin/../lib/gcc/avr/7.3.0/avr5\libgcc.a(_epilogue.o)
                0x000016ea                __epilogue_restores__
                0x00001720                . = ALIGN (0x2)
 *(.fini9)
 .fini9         0x00001720        0x0 c:/arduino/hardware/tools/avr/bin/../lib/gcc/avr/7.3.0/avr5\libgcc.a(_exit.o)
                0x00001720                _exit
                0x00001720                exit
 *(.fini9)
 *(.fini8)
 *(.fini8)
 *(.fini7)
 *(.fini7)
 *(.fini6)
 *(.fini6)
 *(.fini5)
 *(.fini5)
 *(.fini4)
 *(.fini4)
 *(.fini3)
 *(.fini3)
 *(.fini2)
 *(.fini2)
 *(.fini1)
 *(.fini1)
 *(.fini0)
 .fini0         0x00001720        0x4 c:/arduino/hardware/tools/avr/bin/../lib/gcc/avr/7.3.0/avr5\libgcc.a(_exit.o)
 *(.fini0)
                0x00001724                _etext = .

.data           0x00800100      0x158 load address 0x00001724
                0x00800100                PROVIDE (__data_start, .)
 *(.data)
 *(.data*)
 .data.c.2340   0x00800100        0x4 obj/asw.c.o
 .data.osEE_ccb_var
                0x00800104       0x12 obj/ee_applcfg.c.o
                0x00800104                osEE_ccb_var
 .data.osEE_sn_array
                0x00800116       0x10 obj/ee_applcfg.c.o
 .data.osEE_tcb_array
                0x00800126       0x3c obj/ee_applcfg.c.o
 .data.analog_reference
                0x00800162        0x1 C:\Users\AVEES\Desktop\CP4AD_~1\WORKSP~1\test\05E762~1.BUT\erika\lib\libarduinosdk.a(wiring_analog.c.o)
                0x00800162                analog_reference
 *(.gnu.linkonce.d*)
 *(.rodata)
 *(.rodata*)
 .rodata.FuncTask1.str1.1
                0x00800163       0x22 obj/asw.c.o
 .rodata.FuncTask2.str1.1
                0x00800185       0x22 obj/asw.c.o
 .rodata.TimerISR.str1.1
                0x008001a7        0x8 obj/asw.c.o
 .rodata.ButtonISR.str1.1
                0x008001af        0xd obj/asw.c.o
 .rodata.main.str1.1
                0x008001bc       0x23 obj/bsw.cpp.o
                                 0x34 (size before relaxing)
 .rodata.osEE_kdb_var
                0x008001df        0xa obj/ee_applcfg.c.o
                0x008001df                osEE_kdb_var
 .rodata.osEE_cdb_var
                0x008001e9        0x4 obj/ee_applcfg.c.o
                0x008001e9                osEE_cdb_var
 .rodata.osEE_res_db_ptr_array
                0x008001ed        0x2 obj/ee_applcfg.c.o
 .rodata.osEE_res_db_array
                0x008001ef        0x3 obj/ee_applcfg.c.o
 .rodata.osEE_tdb_ptr_array
                0x008001f2        0xa obj/ee_applcfg.c.o
 .rodata.osEE_tdb_array
                0x008001fc       0x46 obj/ee_applcfg.c.o
 .rodata.osEE_sdb_array
                0x00800242        0x4 obj/ee_applcfg.c.o
 .rodata._ZTV14HardwareSerial
                0x00800246       0x12 C:\Users\AVEES\Desktop\CP4AD_~1\WORKSP~1\test\05E762~1.BUT\erika\lib\libarduinosdk.a(HardwareSerial.cpp.o)
                0x00800246                _ZTV14HardwareSerial
 *(.gnu.linkonce.r*)
                0x00800258                . = ALIGN (0x2)
                0x00800258                _edata = .
                0x00800258                PROVIDE (__data_end, .)

.bss            0x00800258       0xae
                0x00800258                PROVIDE (__bss_start, .)
 *(.bss)
 *(.bss*)
 .bss.osEE_res_cb_array
                0x00800258        0x5 obj/ee_applcfg.c.o
 .bss.osEE_scb_array
                0x0080025d        0x2 obj/ee_applcfg.c.o
 .bss.timer0_fract
                0x0080025f        0x1 C:\Users\AVEES\Desktop\CP4AD_~1\WORKSP~1\test\05E762~1.BUT\erika\lib\libarduinosdk.a(wiring.c.o)
 .bss.timer0_millis
                0x00800260        0x4 C:\Users\AVEES\Desktop\CP4AD_~1\WORKSP~1\test\05E762~1.BUT\erika\lib\libarduinosdk.a(wiring.c.o)
                0x00800260                timer0_millis
 .bss.timer0_overflow_count
                0x00800264        0x4 C:\Users\AVEES\Desktop\CP4AD_~1\WORKSP~1\test\05E762~1.BUT\erika\lib\libarduinosdk.a(wiring.c.o)
                0x00800264                timer0_overflow_count
 .bss.Serial    0x00800268       0x9d C:\Users\AVEES\Desktop\CP4AD_~1\WORKSP~1\test\05E762~1.BUT\erika\lib\libarduinosdk.a(HardwareSerial0.cpp.o)
                0x00800268                Serial
 *(COMMON)
 COMMON         0x00800305        0x1 obj/ee_applcfg.c.o
                0x00800305                osEE_kcb_var
                0x00800306                PROVIDE (__bss_end, .)
                0x00001724                __data_load_start = LOADADDR (.data)
                0x0000187c                __data_load_end = (__data_load_start + SIZEOF (.data))

.noinit         0x00800306        0x0
                [!provide]                PROVIDE (__noinit_start, .)
 *(.noinit*)
                [!provide]                PROVIDE (__noinit_end, .)
                0x00800306                _end = .
                [!provide]                PROVIDE (__heap_start, .)

.eeprom         0x00810000        0x0
 *(.eeprom*)
                0x00810000                __eeprom_end = .

.fuse
 *(.fuse)
 *(.lfuse)
 *(.hfuse)
 *(.efuse)

.lock
 *(.lock*)

.signature
 *(.signature*)

.user_signatures
 *(.user_signatures*)

.stab
 *(.stab)

.stabstr
 *(.stabstr)

.stab.excl
 *(.stab.excl)

.stab.exclstr
 *(.stab.exclstr)

.stab.index
 *(.stab.index)

.stab.indexstr
 *(.stab.indexstr)

.comment        0x00000000       0x11
 *(.comment)
 .comment       0x00000000       0x11 obj/asw.c.o
                                 0x12 (size before relaxing)
 .comment       0x00000011       0x12 obj/bsw.cpp.o
 .comment       0x00000011       0x12 obj/ee_applcfg.c.o
 .comment       0x00000011       0x12 C:\Users\AVEES\Desktop\CP4AD_~1\WORKSP~1\test\05E762~1.BUT\erika\lib\libarduinosdk.a(wiring.c.o)
 .comment       0x00000011       0x12 C:\Users\AVEES\Desktop\CP4AD_~1\WORKSP~1\test\05E762~1.BUT\erika\lib\libarduinosdk.a(wiring_analog.c.o)
 .comment       0x00000011       0x12 C:\Users\AVEES\Desktop\CP4AD_~1\WORKSP~1\test\05E762~1.BUT\erika\lib\libarduinosdk.a(HardwareSerial.cpp.o)
 .comment       0x00000011       0x12 C:\Users\AVEES\Desktop\CP4AD_~1\WORKSP~1\test\05E762~1.BUT\erika\lib\libarduinosdk.a(HardwareSerial0.cpp.o)
 .comment       0x00000011       0x12 C:\Users\AVEES\Desktop\CP4AD_~1\WORKSP~1\test\05E762~1.BUT\erika\lib\libarduinosdk.a(Print.cpp.o)
 .comment       0x00000011       0x12 C:\Users\AVEES\Desktop\CP4AD_~1\WORKSP~1\test\05E762~1.BUT\erika\lib\libee.a(ee_atmega_timer1ctc.c.o)
 .comment       0x00000011       0x12 C:\Users\AVEES\Desktop\CP4AD_~1\WORKSP~1\test\05E762~1.BUT\erika\lib\libee.a(ee_oo_api_osek.c.o)
 .comment       0x00000011       0x12 C:\Users\AVEES\Desktop\CP4AD_~1\WORKSP~1\test\05E762~1.BUT\erika\lib\libee.a(ee_oo_sched_entry_points.c.o)
 .comment       0x00000011       0x12 C:\Users\AVEES\Desktop\CP4AD_~1\WORKSP~1\test\05E762~1.BUT\erika\lib\libee.a(ee_oo_scheduler.c.o)
 .comment       0x00000011       0x12 C:\Users\AVEES\Desktop\CP4AD_~1\WORKSP~1\test\05E762~1.BUT\erika\lib\libee.a(ee_oo_kernel.c.o)
 .comment       0x00000011       0x12 C:\Users\AVEES\Desktop\CP4AD_~1\WORKSP~1\test\05E762~1.BUT\erika\lib\libee.a(ee_oo_sched_partitioned.c.o)
 .comment       0x00000011       0x12 C:\Users\AVEES\Desktop\CP4AD_~1\WORKSP~1\test\05E762~1.BUT\erika\lib\libee.a(ee_std_change_context.c.o)
 .comment       0x00000011       0x12 C:\Users\AVEES\Desktop\CP4AD_~1\WORKSP~1\test\05E762~1.BUT\erika\lib\libee.a(ee_atmega_intvect.c.o)
 .comment       0x00000011       0x12 C:\Users\AVEES\Desktop\CP4AD_~1\WORKSP~1\test\05E762~1.BUT\erika\lib\libee.a(ee_avr8_irqstub.c.o)
 .comment       0x00000011       0x12 c:/arduino/hardware/tools/avr/bin/../lib/gcc/avr/7.3.0/../../../../avr/lib/avr5\libc.a(vsnprintf.o)
 .comment       0x00000011       0x12 c:/arduino/hardware/tools/avr/bin/../lib/gcc/avr/7.3.0/../../../../avr/lib/avr5\libc.a(vfprintf_std.o)
 .comment       0x00000011       0x12 c:/arduino/hardware/tools/avr/bin/../lib/gcc/avr/7.3.0/../../../../avr/lib/avr5\libc.a(fputc.o)

.note.gnu.avr.deviceinfo
                0x00000000       0x40
 .note.gnu.avr.deviceinfo
                0x00000000       0x40 c:/arduino/hardware/tools/avr/bin/../lib/gcc/avr/7.3.0/../../../../avr/lib/avr5/crtatmega328p.o

.note.gnu.build-id
 *(.note.gnu.build-id)

.debug
 *(.debug)

.line
 *(.line)

.debug_srcinfo
 *(.debug_srcinfo)

.debug_sfnames
 *(.debug_sfnames)

.debug_aranges  0x00000000      0x100
 *(.debug_aranges)
 .debug_aranges
                0x00000000       0x20 c:/arduino/hardware/tools/avr/bin/../lib/gcc/avr/7.3.0/avr5\libgcc.a(_udivmodsi4.o)
 .debug_aranges
                0x00000020       0x20 c:/arduino/hardware/tools/avr/bin/../lib/gcc/avr/7.3.0/avr5\libgcc.a(_exit.o)
 .debug_aranges
                0x00000040       0x20 c:/arduino/hardware/tools/avr/bin/../lib/gcc/avr/7.3.0/avr5\libgcc.a(_copy_data.o)
 .debug_aranges
                0x00000060       0x20 c:/arduino/hardware/tools/avr/bin/../lib/gcc/avr/7.3.0/avr5\libgcc.a(_clear_bss.o)
 .debug_aranges
                0x00000080       0x20 c:/arduino/hardware/tools/avr/bin/../lib/gcc/avr/7.3.0/avr5\libgcc.a(_ctors.o)
 .debug_aranges
                0x000000a0       0x20 c:/arduino/hardware/tools/avr/bin/../lib/gcc/avr/7.3.0/avr5\libgcc.a(_tablejump2.o)
 .debug_aranges
                0x000000c0       0x20 c:/arduino/hardware/tools/avr/bin/../lib/gcc/avr/7.3.0/avr5\libgcc.a(_prologue.o)
 .debug_aranges
                0x000000e0       0x20 c:/arduino/hardware/tools/avr/bin/../lib/gcc/avr/7.3.0/avr5\libgcc.a(_epilogue.o)

.debug_pubnames
 *(.debug_pubnames)

.debug_info     0x00000000      0xbcc
 *(.debug_info .gnu.linkonce.wi.*)
 .debug_info    0x00000000      0x5f4 c:/arduino/hardware/tools/avr/bin/../lib/gcc/avr/7.3.0/../../../../avr/lib/avr5/crtatmega328p.o
 .debug_info    0x000005f4       0xbb c:/arduino/hardware/tools/avr/bin/../lib/gcc/avr/7.3.0/avr5\libgcc.a(_udivmodsi4.o)
 .debug_info    0x000006af       0xbb c:/arduino/hardware/tools/avr/bin/../lib/gcc/avr/7.3.0/avr5\libgcc.a(_exit.o)
 .debug_info    0x0000076a       0xbb c:/arduino/hardware/tools/avr/bin/../lib/gcc/avr/7.3.0/avr5\libgcc.a(_copy_data.o)
 .debug_info    0x00000825       0xbb c:/arduino/hardware/tools/avr/bin/../lib/gcc/avr/7.3.0/avr5\libgcc.a(_clear_bss.o)
 .debug_info    0x000008e0       0xbb c:/arduino/hardware/tools/avr/bin/../lib/gcc/avr/7.3.0/avr5\libgcc.a(_ctors.o)
 .debug_info    0x0000099b       0xbb c:/arduino/hardware/tools/avr/bin/../lib/gcc/avr/7.3.0/avr5\libgcc.a(_tablejump2.o)
 .debug_info    0x00000a56       0xbb c:/arduino/hardware/tools/avr/bin/../lib/gcc/avr/7.3.0/avr5\libgcc.a(_prologue.o)
 .debug_info    0x00000b11       0xbb c:/arduino/hardware/tools/avr/bin/../lib/gcc/avr/7.3.0/avr5\libgcc.a(_epilogue.o)

.debug_abbrev   0x00000000      0x642
 *(.debug_abbrev)
 .debug_abbrev  0x00000000      0x5a2 c:/arduino/hardware/tools/avr/bin/../lib/gcc/avr/7.3.0/../../../../avr/lib/avr5/crtatmega328p.o
 .debug_abbrev  0x000005a2       0x14 c:/arduino/hardware/tools/avr/bin/../lib/gcc/avr/7.3.0/avr5\libgcc.a(_udivmodsi4.o)
 .debug_abbrev  0x000005b6       0x14 c:/arduino/hardware/tools/avr/bin/../lib/gcc/avr/7.3.0/avr5\libgcc.a(_exit.o)
 .debug_abbrev  0x000005ca       0x14 c:/arduino/hardware/tools/avr/bin/../lib/gcc/avr/7.3.0/avr5\libgcc.a(_copy_data.o)
 .debug_abbrev  0x000005de       0x14 c:/arduino/hardware/tools/avr/bin/../lib/gcc/avr/7.3.0/avr5\libgcc.a(_clear_bss.o)
 .debug_abbrev  0x000005f2       0x14 c:/arduino/hardware/tools/avr/bin/../lib/gcc/avr/7.3.0/avr5\libgcc.a(_ctors.o)
 .debug_abbrev  0x00000606       0x14 c:/arduino/hardware/tools/avr/bin/../lib/gcc/avr/7.3.0/avr5\libgcc.a(_tablejump2.o)
 .debug_abbrev  0x0000061a       0x14 c:/arduino/hardware/tools/avr/bin/../lib/gcc/avr/7.3.0/avr5\libgcc.a(_prologue.o)
 .debug_abbrev  0x0000062e       0x14 c:/arduino/hardware/tools/avr/bin/../lib/gcc/avr/7.3.0/avr5\libgcc.a(_epilogue.o)

.debug_line     0x00000000      0x5be
 *(.debug_line .debug_line.* .debug_line_end)
 .debug_line    0x00000000       0x1a c:/arduino/hardware/tools/avr/bin/../lib/gcc/avr/7.3.0/../../../../avr/lib/avr5/crtatmega328p.o
 .debug_line    0x0000001a      0x122 c:/arduino/hardware/tools/avr/bin/../lib/gcc/avr/7.3.0/avr5\libgcc.a(_udivmodsi4.o)
 .debug_line    0x0000013c       0x62 c:/arduino/hardware/tools/avr/bin/../lib/gcc/avr/7.3.0/avr5\libgcc.a(_exit.o)
 .debug_line    0x0000019e       0x98 c:/arduino/hardware/tools/avr/bin/../lib/gcc/avr/7.3.0/avr5\libgcc.a(_copy_data.o)
 .debug_line    0x00000236       0x86 c:/arduino/hardware/tools/avr/bin/../lib/gcc/avr/7.3.0/avr5\libgcc.a(_clear_bss.o)
 .debug_line    0x000002bc       0x92 c:/arduino/hardware/tools/avr/bin/../lib/gcc/avr/7.3.0/avr5\libgcc.a(_ctors.o)
 .debug_line    0x0000034e       0x7a c:/arduino/hardware/tools/avr/bin/../lib/gcc/avr/7.3.0/avr5\libgcc.a(_tablejump2.o)
 .debug_line    0x000003c8       0xfe c:/arduino/hardware/tools/avr/bin/../lib/gcc/avr/7.3.0/avr5\libgcc.a(_prologue.o)
 .debug_line    0x000004c6       0xf8 c:/arduino/hardware/tools/avr/bin/../lib/gcc/avr/7.3.0/avr5\libgcc.a(_epilogue.o)

.debug_frame
 *(.debug_frame)

.debug_str      0x00000000      0x208
 *(.debug_str)
 .debug_str     0x00000000      0x208 c:/arduino/hardware/tools/avr/bin/../lib/gcc/avr/7.3.0/../../../../avr/lib/avr5/crtatmega328p.o

.debug_loc
 *(.debug_loc)

.debug_macinfo
 *(.debug_macinfo)

.debug_weaknames
 *(.debug_weaknames)

.debug_funcnames
 *(.debug_funcnames)

.debug_typenames
 *(.debug_typenames)

.debug_varnames
 *(.debug_varnames)

.debug_pubtypes
 *(.debug_pubtypes)

.debug_ranges
 *(.debug_ranges)

.debug_macro
 *(.debug_macro)
OUTPUT(arduino.elf elf32-avr)
LOAD linker stubs
