Archive member included to satisfy reference by file (symbol)

C:\Users\AVEES\Desktop\CP4AD_~1\WORKSP~1\CAN\erika\lib\libarduinosdk.a(wiring.c.o)
                              obj/bsw.cpp.o (millis)
C:\Users\AVEES\Desktop\CP4AD_~1\WORKSP~1\CAN\erika\lib\libarduinosdk.a(wiring_digital.c.o)
                              obj/SPI.cpp.o (pinMode)
C:\Users\AVEES\Desktop\CP4AD_~1\WORKSP~1\CAN\erika\lib\libarduinosdk.a(abi.cpp.o)
                              obj/mcp_can.cpp.o (__cxa_pure_virtual)
C:\Users\AVEES\Desktop\CP4AD_~1\WORKSP~1\CAN\erika\lib\libarduinosdk.a(HardwareSerial.cpp.o)
                              obj/bsw.cpp.o (_ZN14HardwareSerial5beginEmh)
C:\Users\AVEES\Desktop\CP4AD_~1\WORKSP~1\CAN\erika\lib\libarduinosdk.a(HardwareSerial0.cpp.o)
                              obj/bsw.cpp.o (Serial)
C:\Users\AVEES\Desktop\CP4AD_~1\WORKSP~1\CAN\erika\lib\libarduinosdk.a(Print.cpp.o)
                              C:\Users\AVEES\Desktop\CP4AD_~1\WORKSP~1\CAN\erika\lib\libarduinosdk.a(HardwareSerial.cpp.o) (_ZN5Print5writeEPKhj)
C:\Users\AVEES\Desktop\CP4AD_~1\WORKSP~1\CAN\erika\lib\libarduinosdk.a(hooks.c.o)
                              C:\Users\AVEES\Desktop\CP4AD_~1\WORKSP~1\CAN\erika\lib\libarduinosdk.a(wiring.c.o) (yield)
C:\Users\AVEES\Desktop\CP4AD_~1\WORKSP~1\CAN\erika\lib\libee.a(ee_atmega_timer1ctc.c.o)
                              obj/bsw.cpp.o (OsEE_atmega_startTimer1)
C:\Users\AVEES\Desktop\CP4AD_~1\WORKSP~1\CAN\erika\lib\libee.a(ee_oo_api_osek.c.o)
                              obj/bsw.cpp.o (StartOS)
C:\Users\AVEES\Desktop\CP4AD_~1\WORKSP~1\CAN\erika\lib\libee.a(ee_oo_sched_entry_points.c.o)
                              obj/ee_applcfg.c.o (osEE_idle_hook_wrapper)
C:\Users\AVEES\Desktop\CP4AD_~1\WORKSP~1\CAN\erika\lib\libee.a(ee_oo_scheduler.c.o)
                              C:\Users\AVEES\Desktop\CP4AD_~1\WORKSP~1\CAN\erika\lib\libee.a(ee_oo_api_osek.c.o) (osEE_scheduler_core_pop_running)
C:\Users\AVEES\Desktop\CP4AD_~1\WORKSP~1\CAN\erika\lib\libee.a(ee_oo_kernel.c.o)
                              C:\Users\AVEES\Desktop\CP4AD_~1\WORKSP~1\CAN\erika\lib\libee.a(ee_oo_api_osek.c.o) (osEE_task_activated)
C:\Users\AVEES\Desktop\CP4AD_~1\WORKSP~1\CAN\erika\lib\libee.a(ee_oo_sched_partitioned.c.o)
                              C:\Users\AVEES\Desktop\CP4AD_~1\WORKSP~1\CAN\erika\lib\libee.a(ee_oo_api_osek.c.o) (osEE_scheduler_task_activated)
C:\Users\AVEES\Desktop\CP4AD_~1\WORKSP~1\CAN\erika\lib\libee.a(ee_oo_counter.c.o)
                              C:\Users\AVEES\Desktop\CP4AD_~1\WORKSP~1\CAN\erika\lib\libee.a(ee_oo_api_osek.c.o) (osEE_counter_increment)
C:\Users\AVEES\Desktop\CP4AD_~1\WORKSP~1\CAN\erika\lib\libee.a(ee_oo_alarm.c.o)
                              C:\Users\AVEES\Desktop\CP4AD_~1\WORKSP~1\CAN\erika\lib\libee.a(ee_oo_api_osek.c.o) (osEE_alarm_set_rel)
C:\Users\AVEES\Desktop\CP4AD_~1\WORKSP~1\CAN\erika\lib\libee.a(ee_std_change_context.c.o)
                              C:\Users\AVEES\Desktop\CP4AD_~1\WORKSP~1\CAN\erika\lib\libee.a(ee_oo_api_osek.c.o) (osEE_change_context_from_running)
C:\Users\AVEES\Desktop\CP4AD_~1\WORKSP~1\CAN\erika\lib\libee.a(ee_atmega_intvect.c.o)
                              C:\Users\AVEES\Desktop\CP4AD_~1\WORKSP~1\CAN\erika\lib\libee.a(ee_oo_api_osek.c.o) (osEE_atmega_intvect)
C:\Users\AVEES\Desktop\CP4AD_~1\WORKSP~1\CAN\erika\lib\libee.a(ee_avr8_asm.S.o)
                              C:\Users\AVEES\Desktop\CP4AD_~1\WORKSP~1\CAN\erika\lib\libee.a(ee_std_change_context.c.o) (osEE_hal_save_ctx_and_restore_ctx)
C:\Users\AVEES\Desktop\CP4AD_~1\WORKSP~1\CAN\erika\lib\libee.a(ee_avr8_irqstub.c.o)
                              C:\Users\AVEES\Desktop\CP4AD_~1\WORKSP~1\CAN\erika\lib\libee.a(ee_atmega_intvect.c.o) (osEE_avr8_isr2_stub)
c:/arduino/hardware/tools/avr/bin/../lib/gcc/avr/7.3.0/../../../../avr/lib/avr5\libm.a(addsf3.o)
                              C:\Users\AVEES\Desktop\CP4AD_~1\WORKSP~1\CAN\erika\lib\libarduinosdk.a(Print.cpp.o) (__subsf3)
c:/arduino/hardware/tools/avr/bin/../lib/gcc/avr/7.3.0/../../../../avr/lib/avr5\libm.a(addsf3x.o)
                              c:/arduino/hardware/tools/avr/bin/../lib/gcc/avr/7.3.0/../../../../avr/lib/avr5\libm.a(addsf3.o) (__addsf3x)
c:/arduino/hardware/tools/avr/bin/../lib/gcc/avr/7.3.0/../../../../avr/lib/avr5\libm.a(cmpsf2.o)
                              C:\Users\AVEES\Desktop\CP4AD_~1\WORKSP~1\CAN\erika\lib\libarduinosdk.a(Print.cpp.o) (__ltsf2)
c:/arduino/hardware/tools/avr/bin/../lib/gcc/avr/7.3.0/../../../../avr/lib/avr5\libm.a(divsf3.o)
                              C:\Users\AVEES\Desktop\CP4AD_~1\WORKSP~1\CAN\erika\lib\libarduinosdk.a(Print.cpp.o) (__divsf3)
c:/arduino/hardware/tools/avr/bin/../lib/gcc/avr/7.3.0/../../../../avr/lib/avr5\libm.a(divsf3x.o)
                              c:/arduino/hardware/tools/avr/bin/../lib/gcc/avr/7.3.0/../../../../avr/lib/avr5\libm.a(divsf3.o) (__divsf3x)
c:/arduino/hardware/tools/avr/bin/../lib/gcc/avr/7.3.0/../../../../avr/lib/avr5\libm.a(fixunssfsi.o)
[...]
Memory Configuration

Name             Origin             Length             Attributes
text             0x00000000         0x00020000         xr
data             0x00800060         0x0000ffa0         rw !x
eeprom           0x00810000         0x00010000         rw !x
fuse             0x00820000         0x00000003         rw !x
lock             0x00830000         0x00000400         rw !x
signature        0x00840000         0x00000400         rw !x
user_signatures  0x00850000         0x00000400         rw !x
*default*        0x00000000         0xffffffff

Linker script and memory map

Address of section .data set to 0x800100
LOAD c:/arduino/hardware/tools/avr/bin/../lib/gcc/avr/7.3.0/../../../../avr/lib/avr5/crtatmega328p.o
LOAD obj/SPI.cpp.o
LOAD obj/asw.c.o
LOAD obj/bsw.cpp.o
LOAD obj/ee_applcfg.c.o
LOAD obj/mcp2515_can.cpp.o
LOAD obj/mcp_can.cpp.o
START GROUP
LOAD C:\Users\AVEES\Desktop\CP4AD_~1\WORKSP~1\CAN\erika\lib\libarduinosdk.a
LOAD C:\Users\AVEES\Desktop\CP4AD_~1\WORKSP~1\CAN\erika\lib\libee.a
END GROUP
LOAD c:/arduino/hardware/tools/avr/bin/../lib/gcc/avr/7.3.0/../../../../avr/lib/avr5\libm.a
START GROUP
LOAD c:/arduino/hardware/tools/avr/bin/../lib/gcc/avr/7.3.0/avr5\libgcc.a
LOAD c:/arduino/hardware/tools/avr/bin/../lib/gcc/avr/7.3.0/../../../../avr/lib/avr5\libm.a
LOAD c:/arduino/hardware/tools/avr/bin/../lib/gcc/avr/7.3.0/../../../../avr/lib/avr5\libc.a
LOAD c:/arduino/hardware/tools/avr/bin/../lib/gcc/avr/7.3.0/../../../../avr/lib/avr5\libatmega328p.a
END GROUP
                0x00020000                __TEXT_REGION_LENGTH__ = DEFINED (__TEXT_REGION_LENGTH__)?__TEXT_REGION_LENGTH__:0x20000
                0x0000ffa0                __DATA_REGION_LENGTH__ = DEFINED (__DATA_REGION_LENGTH__)?__DATA_REGION_LENGTH__:0xffa0
                0x00010000                __EEPROM_REGION_LENGTH__ = DEFINED (__EEPROM_REGION_LENGTH__)?__EEPROM_REGION_LENGTH__:0x10000
                [0x00000003]                __FUSE_REGION_LENGTH__ = DEFINED (__FUSE_REGION_LENGTH__)?__FUSE_REGION_LENGTH__:0x400
                0x00000400                __LOCK_REGION_LENGTH__ = DEFINED (__LOCK_REGION_LENGTH__)?__LOCK_REGION_LENGTH__:0x400
                0x00000400                __SIGNATURE_REGION_LENGTH__ = DEFINED (__SIGNATURE_REGION_LENGTH__)?__SIGNATURE_REGION_LENGTH__:0x400
                0x00000400                __USER_SIGNATURE_REGION_LENGTH__ = DEFINED (__USER_SIGNATURE_REGION_LENGTH__)?__USER_SIGNATURE_REGION_LENGTH__:0x400
                0x00800060                __DATA_REGION_ORIGIN__ = DEFINED (__DATA_REGION_ORIGIN__)?__DATA_REGION_ORIGIN__:0x800060

.hash
 *(.hash)

.dynsym
 *(.dynsym)

.dynstr
 *(.dynstr)

.gnu.version
 *(.gnu.version)

.gnu.version_d
 *(.gnu.version_d)

.gnu.version_r
 *(.gnu.version_r)

.rel.init
 *(.rel.init)

.rela.init
 *(.rela.init)

.rel.text
 *(.rel.text)
 *(.rel.text.*)
 *(.rel.gnu.linkonce.t*)

.rela.text
 *(.rela.text)
 *(.rela.text.*)
 *(.rela.gnu.linkonce.t*)

.rel.fini
 *(.rel.fini)

.rela.fini
 *(.rela.fini)

.rel.rodata
 *(.rel.rodata)
 *(.rel.rodata.*)
 *(.rel.gnu.linkonce.r*)

.rela.rodata
 *(.rela.rodata)
 *(.rela.rodata.*)
 *(.rela.gnu.linkonce.r*)

.rel.data
 *(.rel.data)
 *(.rel.data.*)
 *(.rel.gnu.linkonce.d*)

.rela.data
 *(.rela.data)
 *(.rela.data.*)
 *(.rela.gnu.linkonce.d*)

.rel.ctors
 *(.rel.ctors)

.rela.ctors
 *(.rela.ctors)

.rel.dtors
 *(.rel.dtors)

.rela.dtors
 *(.rela.dtors)

.rel.got
 *(.rel.got)

.rela.got
 *(.rela.got)

.rel.bss
 *(.rel.bss)

.rela.bss
 *(.rela.bss)

.rel.plt
 *(.rel.plt)

.rela.plt
 *(.rela.plt)

.text           0x00000000     0x2f82
 *(.vectors)
 .vectors       0x00000000       0x68 c:/arduino/hardware/tools/avr/bin/../lib/gcc/avr/7.3.0/../../../../avr/lib/avr5/crtatmega328p.o
                0x00000000                __vectors
 *(.vectors)
 *(.progmem.gcc*)
                0x00000068                . = ALIGN (0x2)
                0x00000068                __trampolines_start = .
 *(.trampolines)
 .trampolines   0x00000068        0x0 linker stubs
 *(.trampolines*)
                0x00000068                __trampolines_end = .
 *libprintf_flt.a:*(.progmem.data)
 *libc.a:*(.progmem.data)
 *(.progmem*)
 .progmem.data.digital_pin_to_timer_PGM
                0x00000068       0x14 C:\Users\AVEES\Desktop\CP4AD_~1\WORKSP~1\CAN\erika\lib\libarduinosdk.a(wiring_digital.c.o)
                0x00000068                digital_pin_to_timer_PGM
 .progmem.data.digital_pin_to_bit_mask_PGM
                0x0000007c       0x14 C:\Users\AVEES\Desktop\CP4AD_~1\WORKSP~1\CAN\erika\lib\libarduinosdk.a(wiring_digital.c.o)
                0x0000007c                digital_pin_to_bit_mask_PGM
 .progmem.data.digital_pin_to_port_PGM
                0x00000090       0x14 C:\Users\AVEES\Desktop\CP4AD_~1\WORKSP~1\CAN\erika\lib\libarduinosdk.a(wiring_digital.c.o)
                0x00000090                digital_pin_to_port_PGM
 .progmem.data.port_to_output_PGM
                0x000000a4        0xa C:\Users\AVEES\Desktop\CP4AD_~1\WORKSP~1\CAN\erika\lib\libarduinosdk.a(wiring_digital.c.o)
                0x000000a4                port_to_output_PGM
 .progmem.data.port_to_mode_PGM
                0x000000ae        0xa C:\Users\AVEES\Desktop\CP4AD_~1\WORKSP~1\CAN\erika\lib\libarduinosdk.a(wiring_digital.c.o)
                0x000000ae                port_to_mode_PGM
                0x000000b8                . = ALIGN (0x2)
 *(.jumptables)
 *(.jumptables*)
 *(.lowtext)
 *(.lowtext*)
                0x000000b8                __ctors_start = .
 *(.ctors)
 .ctors         0x000000b8        0x2 obj/bsw.cpp.o
 .ctors         0x000000ba        0x2 C:\Users\AVEES\Desktop\CP4AD_~1\WORKSP~1\CAN\erika\lib\libarduinosdk.a(HardwareSerial0.cpp.o)
                0x000000bc                __ctors_end = .
                0x000000bc                __dtors_start = .
 *(.dtors)
                0x000000bc                __dtors_end = .
 SORT(*)(.ctors)
 SORT(*)(.dtors)
 *(.init0)
 .init0         0x000000bc        0x0 c:/arduino/hardware/tools/avr/bin/../lib/gcc/avr/7.3.0/../../../../avr/lib/avr5/crtatmega328p.o
                0x000000bc                __init
 *(.init0)
 *(.init1)
 *(.init1)
 *(.init2)
 .init2         0x000000bc        0xc c:/arduino/hardware/tools/avr/bin/../lib/gcc/avr/7.3.0/../../../../avr/lib/avr5/crtatmega328p.o
 *(.init2)
 *(.init3)
 *(.init3)
 *(.init4)
 .init4         0x000000c8       0x16 c:/arduino/hardware/tools/avr/bin/../lib/gcc/avr/7.3.0/avr5\libgcc.a(_copy_data.o)
                0x000000c8                __do_copy_data
 .init4         0x000000de       0x10 c:/arduino/hardware/tools/avr/bin/../lib/gcc/avr/7.3.0/avr5\libgcc.a(_clear_bss.o)
                0x000000de                __do_clear_bss
 *(.init4)
 *(.init5)
 *(.init5)
 *(.init6)
 .init6         0x000000ee       0x16 c:/arduino/hardware/tools/avr/bin/../lib/gcc/avr/7.3.0/avr5\libgcc.a(_ctors.o)
                0x000000ee                __do_global_ctors
 *(.init6)
 *(.init7)
 *(.init7)
 *(.init8)
 *(.init8)
 *(.init9)
 .init9         0x00000104        0x8 c:/arduino/hardware/tools/avr/bin/../lib/gcc/avr/7.3.0/../../../../avr/lib/avr5/crtatmega328p.o
 *(.init9)
 *(.text)
 .text          0x0000010c        0x4 c:/arduino/hardware/tools/avr/bin/../lib/gcc/avr/7.3.0/../../../../avr/lib/avr5/crtatmega328p.o
                0x0000010c                __vector_22
                0x0000010c                __vector_1
                0x0000010c                __vector_24
                0x0000010c                __vector_12
                0x0000010c                __bad_interrupt
                0x0000010c                __vector_6
                0x0000010c                __vector_3
                0x0000010c                __vector_23
                0x0000010c                __vector_25
                0x0000010c                __vector_13
                0x0000010c                __vector_17
                0x0000010c                __vector_7
                0x0000010c                __vector_5
                0x0000010c                __vector_4
                0x0000010c                __vector_9
                0x0000010c                __vector_2
                0x0000010c                __vector_21
                0x0000010c                __vector_15
                0x0000010c                __vector_8
                0x0000010c                __vector_14
                0x0000010c                __vector_10
                0x0000010c                __vector_20
 .text          0x00000110       0xe4 C:\Users\AVEES\Desktop\CP4AD_~1\WORKSP~1\CAN\erika\lib\libee.a(ee_avr8_asm.S.o)
                0x00000110                osEE_hal_save_ctx_and_restore_ctx
                0x00000150                osEE_hal_restore_ctx
                0x00000190                osEE_hal_ready2stacked
                0x000001a0                osEE_hal_save_ctx_and_ready2stacked
                0x000001e0                osEE_hal_terminate_ctx
                0x000001f4                . = ALIGN (0x2)
 *(.text.*)
 .text._ZN8SPIClass5beginEv
                0x000001f4       0x6c obj/SPI.cpp.o
                0x000001f4                _ZN8SPIClass5beginEv
 .text.TimerISR
                0x00000260        0x6 obj/asw.c.o
                0x00000260                TimerISR
 .text.FuncTask1
                0x00000266       0xae obj/asw.c.o
                0x00000266                FuncTask1
 .text.CAN_checkMsg
                0x00000314        0x8 obj/bsw.cpp.o
                0x00000314                CAN_checkMsg
 .text.CAN_readMsg
                0x0000031c       0x44 obj/bsw.cpp.o
                0x0000031c                CAN_readMsg
 .text.printfSerial
                0x00000360       0x52 obj/bsw.cpp.o
                0x00000360                printfSerial
 .text.setup    0x000003b2       0x60 obj/bsw.cpp.o
                0x000003b2                setup
 .text.startup.main
                0x00000412       0x28 obj/bsw.cpp.o
                0x00000412                main
 .text.startup._GLOBAL__sub_I_CAN
                0x0000043a       0x1a obj/bsw.cpp.o
 .text._ZN11mcp2515_can16reserveTxBuffersEh
                0x00000454        0xc obj/mcp2515_can.cpp.o
                0x00000454                _ZN11mcp2515_can16reserveTxBuffersEh
 .text._ZN11mcp2515_can15getLastTxBufferEv
                0x00000460        0x4 obj/mcp2515_can.cpp.o
                0x00000460                _ZN11mcp2515_can15getLastTxBufferEv
 .text._ZN11mcp2515_can12readMsgBufIDEPmPhS1_
                0x00000464       0x60 obj/mcp2515_can.cpp.o
                0x00000464                _ZN11mcp2515_can12readMsgBufIDEPmPhS1_
 .text._ZN11mcp2515_can10readMsgBufEPhS0_
                0x000004c4       0x5a obj/mcp2515_can.cpp.o
                0x000004c4                _ZN11mcp2515_can10readMsgBufEPhS0_
 .text._ZN11mcp2515_can18checkClearRxStatusEPh
                0x0000051e       0x1a obj/mcp2515_can.cpp.o
                0x0000051e                _ZN11mcp2515_can18checkClearRxStatusEPh
 .text._ZN11mcp2515_can18checkClearTxStatusEPhh
                0x00000538       0x5c obj/mcp2515_can.cpp.o
                0x00000538                _ZN11mcp2515_can18checkClearTxStatusEPhh
 .text._ZN8SPIClass16beginTransactionE11SPISettings
                0x00000594       0x34 obj/mcp2515_can.cpp.o
                0x00000594                _ZN8SPIClass16beginTransactionE11SPISettings
 .text._ZN8SPIClass8transferEh
                0x000005c8        0xe obj/mcp2515_can.cpp.o
                0x000005c8                _ZN8SPIClass8transferEh
 .text._ZN8SPIClass14endTransactionEv
                0x000005d6       0x22 obj/mcp2515_can.cpp.o
                0x000005d6                _ZN8SPIClass14endTransactionEv
 .text._Z14statusToTxSidhh
                0x000005f8       0x16 obj/mcp2515_can.cpp.o
                0x000005f8                _Z14statusToTxSidhh
 .text._Z11txSidhToRTSh
                0x0000060e       0x1c obj/mcp2515_can.cpp.o
                0x0000060e                _Z11txSidhToRTSh
 .text._Z14txSidhToTxLoadh
                0x0000062a       0x1c obj/mcp2515_can.cpp.o
                0x0000062a                _Z14txSidhToTxLoadh
 .text._ZN11mcp2515_can13mcp2515_resetEv
                0x00000646       0x38 obj/mcp2515_can.cpp.o
                0x00000646                _ZN11mcp2515_can13mcp2515_resetEv
 .text._ZN11mcp2515_can20mcp2515_readRegisterEh
                0x0000067e       0x44 obj/mcp2515_can.cpp.o
                0x0000067e                _ZN11mcp2515_can20mcp2515_readRegisterEh
 .text._ZN11mcp2515_can7getModeEv
                0x000006c2        0xa obj/mcp2515_can.cpp.o
                0x000006c2                _ZN11mcp2515_can7getModeEv
 .text._ZN11mcp2515_can10checkErrorEPh
                0x000006cc       0x1e obj/mcp2515_can.cpp.o
                0x000006cc                _ZN11mcp2515_can10checkErrorEPh
 .text._ZN11mcp2515_can14mcpDigitalReadEh
                0x000006ea       0x4a obj/mcp2515_can.cpp.o
                0x000006ea                _ZN11mcp2515_can14mcpDigitalReadEh
 .text._ZN11mcp2515_can19mcp2515_setRegisterEhh
                0x00000734       0x44 obj/mcp2515_can.cpp.o
                0x00000734                _ZN11mcp2515_can19mcp2515_setRegisterEhh
 .text._ZN11mcp2515_can17enableTxInterruptEb
                0x00000778       0x2a obj/mcp2515_can.cpp.o
                0x00000778                _ZN11mcp2515_can17enableTxInterruptEb
 .text._ZN11mcp2515_can20mcp2515_setRegisterSEhPKhh
                0x000007a2       0x6a obj/mcp2515_can.cpp.o
                0x000007a2                _ZN11mcp2515_can20mcp2515_setRegisterSEhPKhh
 .text._ZN11mcp2515_can22mcp2515_modifyRegisterEhhh
                0x0000080c       0x50 obj/mcp2515_can.cpp.o
                0x0000080c                _ZN11mcp2515_can22mcp2515_modifyRegisterEhhh
 .text._ZN11mcp2515_can14setSleepWakeupEh
                0x0000085c        0xe obj/mcp2515_can.cpp.o
                0x0000085c                _ZN11mcp2515_can14setSleepWakeupEh
 .text._ZN11mcp2515_can26clearBufferTransmitIfFlagsEh
                0x0000086a       0x10 obj/mcp2515_can.cpp.o
                0x0000086a                _ZN11mcp2515_can26clearBufferTransmitIfFlagsEh
 .text._ZN11mcp2515_can15mcpDigitalWriteEhh
                0x0000087a       0x2c obj/mcp2515_can.cpp.o
                0x0000087a                _ZN11mcp2515_can15mcpDigitalWriteEhh
 .text._ZN11mcp2515_can18mcp2515_readStatusEv
                0x000008a6       0x3c obj/mcp2515_can.cpp.o
                0x000008a6                _ZN11mcp2515_can18mcp2515_readStatusEv
 .text._ZN11mcp2515_can14readRxTxStatusEv
                0x000008e2       0x32 obj/mcp2515_can.cpp.o
                0x000008e2                _ZN11mcp2515_can14readRxTxStatusEv
 .text._ZN11mcp2515_can12checkReceiveEv
                0x00000914       0x10 obj/mcp2515_can.cpp.o
                0x00000914                _ZN11mcp2515_can12checkReceiveEv
 .text._ZN11mcp2515_can22mcp2515_requestNewModeEh
                0x00000924       0x60 obj/mcp2515_can.cpp.o
                0x00000924                _ZN11mcp2515_can22mcp2515_requestNewModeEh
 .text._ZN11mcp2515_can23mcp2515_setCANCTRL_ModeEh
                0x00000984       0x8c obj/mcp2515_can.cpp.o
                0x00000984                _ZN11mcp2515_can23mcp2515_setCANCTRL_ModeEh
 .text._ZN11mcp2515_can5sleepEv
                0x00000a10       0x2a obj/mcp2515_can.cpp.o
                0x00000a10                _ZN11mcp2515_can5sleepEv
 .text._ZN11mcp2515_can4wakeEv
                0x00000a3a       0x2a obj/mcp2515_can.cpp.o
                0x00000a3a                _ZN11mcp2515_can4wakeEv
 .text._ZN11mcp2515_can7setModeEh
                0x00000a64        0xc obj/mcp2515_can.cpp.o
                0x00000a64                _ZN11mcp2515_can7setModeEh
 .text._ZN11mcp2515_can10mcpPinModeEhh
                0x00000a70       0xea obj/mcp2515_can.cpp.o
                0x00000a70                _ZN11mcp2515_can10mcpPinModeEhh
 .text._ZN11mcp2515_can18mcp2515_configRateEhh
                0x00000b5a      0x22e obj/mcp2515_can.cpp.o
                0x00000b5a                _ZN11mcp2515_can18mcp2515_configRateEhh
 .text._ZN11mcp2515_can22mcp2515_initCANBuffersEv
                0x00000d88       0x4c obj/mcp2515_can.cpp.o
                0x00000d88                _ZN11mcp2515_can22mcp2515_initCANBuffersEv
 .text._ZN11mcp2515_can12mcp2515_initEhh
                0x00000dd4       0xb2 obj/mcp2515_can.cpp.o
                0x00000dd4                _ZN11mcp2515_can12mcp2515_initEhh
 .text._ZN11mcp2515_can5beginEmh
                0x00000e86       0x30 obj/mcp2515_can.cpp.o
                0x00000e86                _ZN11mcp2515_can5beginEmh
 .text._Z17mcp2515_id_to_bufhmPh
                0x00000eb6       0x4e obj/mcp2515_can.cpp.o
                0x00000eb6                _Z17mcp2515_id_to_bufhmPh
 .text._ZN11mcp2515_can16mcp2515_write_idEhhm
                0x00000f04       0x52 obj/mcp2515_can.cpp.o
                0x00000f04                _ZN11mcp2515_can16mcp2515_write_idEhhm
 .text._ZN11mcp2515_can9init_MaskEhhm
                0x00000f56       0x8a obj/mcp2515_can.cpp.o
                0x00000f56                _ZN11mcp2515_can9init_MaskEhhm
 .text._ZN11mcp2515_can9init_FiltEhhm
                0x00000fe0       0xce obj/mcp2515_can.cpp.o
                0x00000fe0                _ZN11mcp2515_can9init_FiltEhhm
 .text._ZN11mcp2515_can19mcp2515_read_canMsgEhPVmPVhS3_S3_S3_
                0x000010ae      0x188 obj/mcp2515_can.cpp.o
                0x000010ae                _ZN11mcp2515_can19mcp2515_read_canMsgEhPVmPVhS3_S3_S3_
 .text._ZN11mcp2515_can12readMsgBufIDEhPVmPVhS3_S3_S3_
                0x00001236       0x7e obj/mcp2515_can.cpp.o
                0x00001236                _ZN11mcp2515_can12readMsgBufIDEhPVmPVhS3_S3_S3_
 .text._ZN11mcp2515_can22mcp2515_start_transmitEh
                0x000012b4       0x36 obj/mcp2515_can.cpp.o
                0x000012b4                _ZN11mcp2515_can22mcp2515_start_transmitEh
 .text._ZN11mcp2515_can20mcp2515_write_canMsgEhmhhhPVKh
                0x000012ea       0xf2 obj/mcp2515_can.cpp.o
                0x000012ea                _ZN11mcp2515_can20mcp2515_write_canMsgEhmhhhPVKh
 .text._ZN11mcp2515_can10sendMsgBufEhmhhhPVKh
                0x000013dc       0x66 obj/mcp2515_can.cpp.o
                0x000013dc                _ZN11mcp2515_can10sendMsgBufEhmhhhPVKh
 .text._ZN11mcp2515_can19mcp2515_isTXBufFreeEPhh
                0x00001442       0x5e obj/mcp2515_can.cpp.o
                0x00001442                _ZN11mcp2515_can19mcp2515_isTXBufFreeEPhh
 .text._ZN11mcp2515_can24mcp2515_getNextFreeTXBufEPh
                0x000014a0       0x82 obj/mcp2515_can.cpp.o
                0x000014a0                _ZN11mcp2515_can24mcp2515_getNextFreeTXBufEPh
 .text._ZN11mcp2515_can13trySendMsgBufEmhhhPKhh
                0x00001522       0x82 obj/mcp2515_can.cpp.o
                0x00001522                _ZN11mcp2515_can13trySendMsgBufEmhhhPKhh
 .text._ZN11mcp2515_can7sendMsgEmhhhPKhb
                0x000015a4       0xe8 obj/mcp2515_can.cpp.o
                0x000015a4                _ZN11mcp2515_can7sendMsgEmhhhPKhb
 .text._ZN11mcp2515_can10sendMsgBufEmhhhPKhb
                0x0000168c       0x1a obj/mcp2515_can.cpp.o
                0x0000168c                _ZN11mcp2515_can10sendMsgBufEmhhhPKhb
 .text._ZN7MCP_CAN7init_CSEh
                0x000016a6       0x26 obj/mcp_can.cpp.o
                0x000016a6                _ZN7MCP_CAN7init_CSEh
 .text._ZN7MCP_CANC2Eh
                0x000016cc       0x16 obj/mcp_can.cpp.o
                0x000016cc                _ZN7MCP_CANC2Eh
                0x000016cc                _ZN7MCP_CANC1Eh
 .text.__vector_16
                0x000016e2       0x94 C:\Users\AVEES\Desktop\CP4AD_~1\WORKSP~1\CAN\erika\lib\libarduinosdk.a(wiring.c.o)
                0x000016e2                __vector_16
 .text.millis   0x00001776       0x18 C:\Users\AVEES\Desktop\CP4AD_~1\WORKSP~1\CAN\erika\lib\libarduinosdk.a(wiring.c.o)
                0x00001776                millis
 .text.micros   0x0000178e       0x4a C:\Users\AVEES\Desktop\CP4AD_~1\WORKSP~1\CAN\erika\lib\libarduinosdk.a(wiring.c.o)
                0x0000178e                micros
 .text.delay    0x000017d8       0x72 C:\Users\AVEES\Desktop\CP4AD_~1\WORKSP~1\CAN\erika\lib\libarduinosdk.a(wiring.c.o)
                0x000017d8                delay
 .text.delayMicroseconds
                0x0000184a       0x16 C:\Users\AVEES\Desktop\CP4AD_~1\WORKSP~1\CAN\erika\lib\libarduinosdk.a(wiring.c.o)
                0x0000184a                delayMicroseconds
 .text.init     0x00001860       0x76 C:\Users\AVEES\Desktop\CP4AD_~1\WORKSP~1\CAN\erika\lib\libarduinosdk.a(wiring.c.o)
                0x00001860                init
 .text.turnOffPWM
                0x000018d6       0x52 C:\Users\AVEES\Desktop\CP4AD_~1\WORKSP~1\CAN\erika\lib\libarduinosdk.a(wiring_digital.c.o)
 .text.pinMode  0x00001928       0x78 C:\Users\AVEES\Desktop\CP4AD_~1\WORKSP~1\CAN\erika\lib\libarduinosdk.a(wiring_digital.c.o)
                0x00001928                pinMode
 .text.digitalWrite
                0x000019a0       0x5c C:\Users\AVEES\Desktop\CP4AD_~1\WORKSP~1\CAN\erika\lib\libarduinosdk.a(wiring_digital.c.o)
                0x000019a0                digitalWrite
 .text.__cxa_pure_virtual
                0x000019fc        0x4 C:\Users\AVEES\Desktop\CP4AD_~1\WORKSP~1\CAN\erika\lib\libarduinosdk.a(abi.cpp.o)
                0x000019fc                __cxa_pure_virtual
 .text._ZN14HardwareSerial9availableEv
                0x00001a00       0x18 C:\Users\AVEES\Desktop\CP4AD_~1\WORKSP~1\CAN\erika\lib\libarduinosdk.a(HardwareSerial.cpp.o)
                0x00001a00                _ZN14HardwareSerial9availableEv
 .text._ZN14HardwareSerial4peekEv
                0x00001a18       0x1c C:\Users\AVEES\Desktop\CP4AD_~1\WORKSP~1\CAN\erika\lib\libarduinosdk.a(HardwareSerial.cpp.o)
                0x00001a18                _ZN14HardwareSerial4peekEv
 .text._ZN14HardwareSerial4readEv
                0x00001a34       0x28 C:\Users\AVEES\Desktop\CP4AD_~1\WORKSP~1\CAN\erika\lib\libarduinosdk.a(HardwareSerial.cpp.o)
                0x00001a34                _ZN14HardwareSerial4readEv
 .text._ZN14HardwareSerial17availableForWriteEv
                0x00001a5c       0x1e C:\Users\AVEES\Desktop\CP4AD_~1\WORKSP~1\CAN\erika\lib\libarduinosdk.a(HardwareSerial.cpp.o)
                0x00001a5c                _ZN14HardwareSerial17availableForWriteEv
 .text._ZN14HardwareSerial17_tx_udr_empty_irqEv
                0x00001a7a       0x44 C:\Users\AVEES\Desktop\CP4AD_~1\WORKSP~1\CAN\erika\lib\libarduinosdk.a(HardwareSerial.cpp.o)
                0x00001a7a                _ZN14HardwareSerial17_tx_udr_empty_irqEv
 .text._ZN14HardwareSerial5flushEv
                0x00001abe       0x40 C:\Users\AVEES\Desktop\CP4AD_~1\WORKSP~1\CAN\erika\lib\libarduinosdk.a(HardwareSerial.cpp.o)
                0x00001abe                _ZN14HardwareSerial5flushEv
 .text._ZN14HardwareSerial5writeEh
                0x00001afe       0x9a C:\Users\AVEES\Desktop\CP4AD_~1\WORKSP~1\CAN\erika\lib\libarduinosdk.a(HardwareSerial.cpp.o)
                0x00001afe                _ZN14HardwareSerial5writeEh
 .text._ZN14HardwareSerial5beginEmh
                0x00001b98       0xc4 C:\Users\AVEES\Desktop\CP4AD_~1\WORKSP~1\CAN\erika\lib\libarduinosdk.a(HardwareSerial.cpp.o)
                0x00001b98                _ZN14HardwareSerial5beginEmh
 .text.__vector_18
                0x00001c5c       0x64 C:\Users\AVEES\Desktop\CP4AD_~1\WORKSP~1\CAN\erika\lib\libarduinosdk.a(HardwareSerial0.cpp.o)
                0x00001c5c                __vector_18
 .text.__vector_19
                0x00001cc0       0x4c C:\Users\AVEES\Desktop\CP4AD_~1\WORKSP~1\CAN\erika\lib\libarduinosdk.a(HardwareSerial0.cpp.o)
                0x00001cc0                __vector_19
 .text.startup._GLOBAL__sub_I___vector_18
                0x00001d0c       0x5a C:\Users\AVEES\Desktop\CP4AD_~1\WORKSP~1\CAN\erika\lib\libarduinosdk.a(HardwareSerial0.cpp.o)
 .text._ZN5Print5writeEPKhj
                0x00001d66       0x5a C:\Users\AVEES\Desktop\CP4AD_~1\WORKSP~1\CAN\erika\lib\libarduinosdk.a(Print.cpp.o)
                0x00001d66                _ZN5Print5writeEPKhj
 .text._ZN5Print5writeEPKc.part.2
                0x00001dc0       0x1e C:\Users\AVEES\Desktop\CP4AD_~1\WORKSP~1\CAN\erika\lib\libarduinosdk.a(Print.cpp.o)
 .text._ZN5Print5printEPKc
                0x00001dde       0x10 C:\Users\AVEES\Desktop\CP4AD_~1\WORKSP~1\CAN\erika\lib\libarduinosdk.a(Print.cpp.o)
                0x00001dde                _ZN5Print5printEPKc
 .text.__empty  0x00001dee        0x2 C:\Users\AVEES\Desktop\CP4AD_~1\WORKSP~1\CAN\erika\lib\libarduinosdk.a(hooks.c.o)
                0x00001dee                yield
 .text.OsEE_atmega_startTimer1
                0x00001df0       0xbc C:\Users\AVEES\Desktop\CP4AD_~1\WORKSP~1\CAN\erika\lib\libee.a(ee_atmega_timer1ctc.c.o)
                0x00001df0                OsEE_atmega_startTimer1
 .text.StartOS  0x00001eac      0x10e C:\Users\AVEES\Desktop\CP4AD_~1\WORKSP~1\CAN\erika\lib\libee.a(ee_oo_api_osek.c.o)
                0x00001eac                StartOS
 .text.TerminateTask
                0x00001fba       0x34 C:\Users\AVEES\Desktop\CP4AD_~1\WORKSP~1\CAN\erika\lib\libee.a(ee_oo_api_osek.c.o)
                0x00001fba                TerminateTask
 .text.IncrementCounter
                0x00001fee       0x5e C:\Users\AVEES\Desktop\CP4AD_~1\WORKSP~1\CAN\erika\lib\libee.a(ee_oo_api_osek.c.o)
                0x00001fee                IncrementCounter
 .text.osEE_scheduler_task_wrapper_restore
                0x0000204c       0x12 C:\Users\AVEES\Desktop\CP4AD_~1\WORKSP~1\CAN\erika\lib\libee.a(ee_oo_sched_entry_points.c.o)
                0x0000204c                osEE_scheduler_task_wrapper_restore
 .text.osEE_scheduler_task_wrapper_run
                0x0000205e       0x98 C:\Users\AVEES\Desktop\CP4AD_~1\WORKSP~1\CAN\erika\lib\libee.a(ee_oo_sched_entry_points.c.o)
                0x0000205e                osEE_scheduler_task_wrapper_run
 .text.osEE_idle_hook_wrapper
                0x000020f6       0x1c C:\Users\AVEES\Desktop\CP4AD_~1\WORKSP~1\CAN\erika\lib\libee.a(ee_oo_sched_entry_points.c.o)
                0x000020f6                osEE_idle_hook_wrapper
 .text.osEE_scheduler_core_rq_preempt_stk
                0x00002112       0xae C:\Users\AVEES\Desktop\CP4AD_~1\WORKSP~1\CAN\erika\lib\libee.a(ee_oo_scheduler.c.o)
                0x00002112                osEE_scheduler_core_rq_preempt_stk
 .text.osEE_sn_priority_insert
                0x000021c0       0x74 C:\Users\AVEES\Desktop\CP4AD_~1\WORKSP~1\CAN\erika\lib\libee.a(ee_oo_scheduler.c.o)
                0x000021c0                osEE_sn_priority_insert
 .text.osEE_scheduler_rq_insert
                0x00002234        0xe C:\Users\AVEES\Desktop\CP4AD_~1\WORKSP~1\CAN\erika\lib\libee.a(ee_oo_scheduler.c.o)
                0x00002234                osEE_scheduler_rq_insert
 .text.osEE_scheduler_core_pop_running
                0x00002242       0x50 C:\Users\AVEES\Desktop\CP4AD_~1\WORKSP~1\CAN\erika\lib\libee.a(ee_oo_scheduler.c.o)
                0x00002242                osEE_scheduler_core_pop_running
 .text.osEE_task_activated
                0x00002292       0x24 C:\Users\AVEES\Desktop\CP4AD_~1\WORKSP~1\CAN\erika\lib\libee.a(ee_oo_kernel.c.o)
                0x00002292                osEE_task_activated
 .text.osEE_task_end
                0x000022b6       0x2a C:\Users\AVEES\Desktop\CP4AD_~1\WORKSP~1\CAN\erika\lib\libee.a(ee_oo_kernel.c.o)
                0x000022b6                osEE_task_end
 .text.osEE_task_event_set_mask
                0x000022e0       0x3a C:\Users\AVEES\Desktop\CP4AD_~1\WORKSP~1\CAN\erika\lib\libee.a(ee_oo_kernel.c.o)
                0x000022e0                osEE_task_event_set_mask
 .text.osEE_activate_isr2
                0x0000231a       0x30 C:\Users\AVEES\Desktop\CP4AD_~1\WORKSP~1\CAN\erika\lib\libee.a(ee_oo_kernel.c.o)
                0x0000231a                osEE_activate_isr2
 .text.osEE_scheduler_task_insert
                0x0000234a       0x4e C:\Users\AVEES\Desktop\CP4AD_~1\WORKSP~1\CAN\erika\lib\libee.a(ee_oo_sched_partitioned.c.o)
                0x0000234a                osEE_scheduler_task_insert
 .text.osEE_scheduler_task_unblocked
                0x00002398       0x60 C:\Users\AVEES\Desktop\CP4AD_~1\WORKSP~1\CAN\erika\lib\libee.a(ee_oo_sched_partitioned.c.o)
                0x00002398                osEE_scheduler_task_unblocked
 .text.osEE_scheduler_task_terminated
                0x000023f8       0xd8 C:\Users\AVEES\Desktop\CP4AD_~1\WORKSP~1\CAN\erika\lib\libee.a(ee_oo_sched_partitioned.c.o)
                0x000023f8                osEE_scheduler_task_terminated
 .text.osEE_scheduler_task_preemption_point
                0x000024d0       0x36 C:\Users\AVEES\Desktop\CP4AD_~1\WORKSP~1\CAN\erika\lib\libee.a(ee_oo_sched_partitioned.c.o)
                0x000024d0                osEE_scheduler_task_preemption_point
 .text.osEE_scheduler_task_set_running
                0x00002506       0x70 C:\Users\AVEES\Desktop\CP4AD_~1\WORKSP~1\CAN\erika\lib\libee.a(ee_oo_sched_partitioned.c.o)
                0x00002506                osEE_scheduler_task_set_running
 .text.osEE_counter_insert_abs_trigger
                0x00002576       0xa6 C:\Users\AVEES\Desktop\CP4AD_~1\WORKSP~1\CAN\erika\lib\libee.a(ee_oo_counter.c.o)
                0x00002576                osEE_counter_insert_abs_trigger
 .text.osEE_counter_insert_rel_trigger
                0x0000261c       0x40 C:\Users\AVEES\Desktop\CP4AD_~1\WORKSP~1\CAN\erika\lib\libee.a(ee_oo_counter.c.o)
                0x0000261c                osEE_counter_insert_rel_trigger
 .text.osEE_counter_increment
                0x0000265c      0x18c C:\Users\AVEES\Desktop\CP4AD_~1\WORKSP~1\CAN\erika\lib\libee.a(ee_oo_counter.c.o)
                0x0000265c                osEE_counter_increment
 .text.osEE_alarm_set_rel
                0x000027e8       0x74 C:\Users\AVEES\Desktop\CP4AD_~1\WORKSP~1\CAN\erika\lib\libee.a(ee_oo_alarm.c.o)
                0x000027e8                osEE_alarm_set_rel
 .text.osEE_change_context_from_running
                0x0000285c       0x28 C:\Users\AVEES\Desktop\CP4AD_~1\WORKSP~1\CAN\erika\lib\libee.a(ee_std_change_context.c.o)
                0x0000285c                osEE_change_context_from_running
 .text.osEE_change_context_from_task_end
                0x00002884       0x24 C:\Users\AVEES\Desktop\CP4AD_~1\WORKSP~1\CAN\erika\lib\libee.a(ee_std_change_context.c.o)
                0x00002884                osEE_change_context_from_task_end
 .text.osEE_idle_task_terminate
                0x000028a8       0x36 C:\Users\AVEES\Desktop\CP4AD_~1\WORKSP~1\CAN\erika\lib\libee.a(ee_std_change_context.c.o)
                0x000028a8                osEE_idle_task_terminate
 .text.osEE_scheduler_task_end
                0x000028de       0x2c C:\Users\AVEES\Desktop\CP4AD_~1\WORKSP~1\CAN\erika\lib\libee.a(ee_std_change_context.c.o)
                0x000028de                osEE_scheduler_task_end
 .text.__vector_default
                0x0000290a        0x4 C:\Users\AVEES\Desktop\CP4AD_~1\WORKSP~1\CAN\erika\lib\libee.a(ee_atmega_intvect.c.o)
                0x0000290a                tag___vector_default
                0x0000290a                __vector_default
 .text.osEE_atmega_intvect
                0x0000290e        0x4 C:\Users\AVEES\Desktop\CP4AD_~1\WORKSP~1\CAN\erika\lib\libee.a(ee_atmega_intvect.c.o)
                0x0000290e                osEE_atmega_intvect
 .text.__vector_11
                0x00002912       0x10 C:\Users\AVEES\Desktop\CP4AD_~1\WORKSP~1\CAN\erika\lib\libee.a(ee_atmega_intvect.c.o)
                0x00002912                tag___vector_11
                0x00002912                __vector_11
 .text.osEE_avr8_isr2_stub
                0x00002922       0x40 C:\Users\AVEES\Desktop\CP4AD_~1\WORKSP~1\CAN\erika\lib\libee.a(ee_avr8_irqstub.c.o)
                0x00002922                osEE_avr8_isr2_stub
 .text.libgcc.div
                0x00002962       0x44 c:/arduino/hardware/tools/avr/bin/../lib/gcc/avr/7.3.0/avr5\libgcc.a(_udivmodsi4.o)
                0x00002962                __udivmodsi4
 .text.libgcc   0x000029a6        0xc c:/arduino/hardware/tools/avr/bin/../lib/gcc/avr/7.3.0/avr5\libgcc.a(_tablejump2.o)
                0x000029a6                __tablejump2__
 .text.avr-libc
                0x000029b2        0xa c:/arduino/hardware/tools/avr/bin/../lib/gcc/avr/7.3.0/../../../../avr/lib/avr5\libc.a(abort.o)
                0x000029b2                abort
 .text.avr-libc
                0x000029bc       0x58 c:/arduino/hardware/tools/avr/bin/../lib/gcc/avr/7.3.0/../../../../avr/lib/avr5\libc.a(vsnprintf.o)
                0x000029bc                vsnprintf
 .text.avr-libc
                0x00002a14      0x3b4 c:/arduino/hardware/tools/avr/bin/../lib/gcc/avr/7.3.0/../../../../avr/lib/avr5\libc.a(vfprintf_std.o)
                0x00002a14                vfprintf
 .text.avr-libc
                0x00002dc8       0x16 c:/arduino/hardware/tools/avr/bin/../lib/gcc/avr/7.3.0/../../../../avr/lib/avr5\libc.a(strnlen_P.o)
                0x00002dc8                strnlen_P
 .text.avr-libc
                0x00002dde       0x16 c:/arduino/hardware/tools/avr/bin/../lib/gcc/avr/7.3.0/../../../../avr/lib/avr5\libc.a(strnlen.o)
                0x00002dde                strnlen
 .text.avr-libc
                0x00002df4       0x60 c:/arduino/hardware/tools/avr/bin/../lib/gcc/avr/7.3.0/../../../../avr/lib/avr5\libc.a(fputc.o)
                0x00002df4                fputc
 .text.avr-libc
                0x00002e54       0xbc c:/arduino/hardware/tools/avr/bin/../lib/gcc/avr/7.3.0/../../../../avr/lib/avr5\libc.a(ultoa_invert.o)
                0x00002e54                __ultoa_invert
 .text.libgcc.prologue
                0x00002f10       0x38 c:/arduino/hardware/tools/avr/bin/../lib/gcc/avr/7.3.0/avr5\libgcc.a(_prologue.o)
                0x00002f10                __prologue_saves__
 .text.libgcc.prologue
                0x00002f48       0x36 c:/arduino/hardware/tools/avr/bin/../lib/gcc/avr/7.3.0/avr5\libgcc.a(_epilogue.o)
                0x00002f48                __epilogue_restores__
                0x00002f7e                . = ALIGN (0x2)
 *(.fini9)
 .fini9         0x00002f7e        0x0 c:/arduino/hardware/tools/avr/bin/../lib/gcc/avr/7.3.0/avr5\libgcc.a(_exit.o)
                0x00002f7e                _exit
                0x00002f7e                exit
 *(.fini9)
 *(.fini8)
 *(.fini8)
 *(.fini7)
 *(.fini7)
 *(.fini6)
 *(.fini6)
 *(.fini5)
 *(.fini5)
 *(.fini4)
 *(.fini4)
 *(.fini3)
 *(.fini3)
 *(.fini2)
 *(.fini2)
 *(.fini1)
 *(.fini1)
 *(.fini0)
 .fini0         0x00002f7e        0x4 c:/arduino/hardware/tools/avr/bin/../lib/gcc/avr/7.3.0/avr5\libgcc.a(_exit.o)
 *(.fini0)
                0x00002f82                _etext = .

.data           0x00800100      0x1b4 load address 0x00002f82
                0x00800100                PROVIDE (__data_start, .)
 *(.data)
 *(.data*)
 .data.osEE_ccb_var
                0x00800100       0x12 obj/ee_applcfg.c.o
                0x00800100                osEE_ccb_var
 .data.osEE_sn_array
                0x00800112        0x8 obj/ee_applcfg.c.o
 .data.osEE_tcb_array
                0x0080011a       0x24 obj/ee_applcfg.c.o
 *(.gnu.linkonce.d*)
 *(.rodata)
 *(.rodata*)
 .rodata.FuncTask1.str1.1
                0x0080013e       0x53 obj/asw.c.o
                                 0x55 (size before relaxing)
 .rodata.setup.str1.1
                0x00800191       0x15 obj/bsw.cpp.o
 .rodata.osEE_kdb_var
                0x008001a6       0x12 obj/ee_applcfg.c.o
                0x008001a6                osEE_kdb_var
 .rodata.osEE_cdb_var
                0x008001b8        0x8 obj/ee_applcfg.c.o
                0x008001b8                osEE_cdb_var
 .rodata.osEE_autostart_trigger_db
                0x008001c0        0x4 obj/ee_applcfg.c.o
 .rodata.osEE_trigger_autostart_info_OSDEFAULTAPPMODE
                0x008001c4        0x6 obj/ee_applcfg.c.o
 .rodata.osEE_alarm_db_ptr_array
                0x008001ca        0x2 obj/ee_applcfg.c.o
 .rodata.osEE_alarm_db_array
                0x008001cc        0xe obj/ee_applcfg.c.o
 .rodata.osEE_counter_db_ptr_array
                0x008001da        0x2 obj/ee_applcfg.c.o
 .rodata.osEE_counter_db_array
                0x008001dc        0x6 obj/ee_applcfg.c.o
 .rodata.osEE_res_db_ptr_array
                0x008001e2        0x2 obj/ee_applcfg.c.o
 .rodata.osEE_res_db_array
                0x008001e4        0x3 obj/ee_applcfg.c.o
 .rodata.osEE_tdb_ptr_array
                0x008001e7        0x6 obj/ee_applcfg.c.o
 .rodata.osEE_tdb_array
                0x008001ed       0x2a obj/ee_applcfg.c.o
 .rodata.osEE_sdb_array
                0x00800217        0x4 obj/ee_applcfg.c.o
 .rodata.CSWTCH.75
                0x0080021b        0x3 obj/mcp2515_can.cpp.o
 .rodata.CSWTCH.72
                0x0080021e        0x3 obj/mcp2515_can.cpp.o
 .rodata.CSWTCH.68
                0x00800221        0xd obj/mcp2515_can.cpp.o
 .rodata.CSWTCH.64
                0x0080022e        0x3 obj/mcp2515_can.cpp.o
 .rodata._ZTV11mcp2515_can
                0x00800231       0x38 obj/mcp2515_can.cpp.o
                0x00800231                _ZTV11mcp2515_can
 .rodata._ZTV7MCP_CAN
                0x00800269       0x38 obj/mcp_can.cpp.o
                0x00800269                _ZTV7MCP_CAN
 .rodata._ZTV14HardwareSerial
                0x008002a1       0x12 C:\Users\AVEES\Desktop\CP4AD_~1\WORKSP~1\CAN\erika\lib\libarduinosdk.a(HardwareSerial.cpp.o)
                0x008002a1                _ZTV14HardwareSerial
 *(.gnu.linkonce.r*)
                0x008002b4                . = ALIGN (0x2)
 *fill*         0x008002b3        0x1 
                0x008002b4                _edata = .
                0x008002b4                PROVIDE (__data_end, .)

.bss            0x008002b4       0xd9
                0x008002b4                PROVIDE (__bss_start, .)
 *(.bss)
 *(.bss*)
 .bss._ZN8SPIClass13interruptSaveE
                0x008002b4        0x1 obj/SPI.cpp.o
                0x008002b4                _ZN8SPIClass13interruptSaveE
 .bss._ZN8SPIClass13interruptMaskE
                0x008002b5        0x1 obj/SPI.cpp.o
                0x008002b5                _ZN8SPIClass13interruptMaskE
 .bss._ZN8SPIClass13interruptModeE
                0x008002b6        0x1 obj/SPI.cpp.o
                0x008002b6                _ZN8SPIClass13interruptModeE
 .bss._ZN8SPIClass11initializedE
                0x008002b7        0x1 obj/SPI.cpp.o
                0x008002b7                _ZN8SPIClass11initializedE
 .bss.SPI       0x008002b8        0x1 obj/SPI.cpp.o
                0x008002b8                SPI
 .bss.CAN       0x008002b9        0xd obj/bsw.cpp.o
                0x008002b9                CAN
 .bss.osEE_alarm_cb_array
                0x008002c6        0x8 obj/ee_applcfg.c.o
 .bss.osEE_counter_cb_array
                0x008002ce        0x4 obj/ee_applcfg.c.o
 .bss.osEE_res_cb_array
                0x008002d2        0x5 obj/ee_applcfg.c.o
 .bss.osEE_scb_array
                0x008002d7        0x2 obj/ee_applcfg.c.o
 .bss.timer0_fract
                0x008002d9        0x1 C:\Users\AVEES\Desktop\CP4AD_~1\WORKSP~1\CAN\erika\lib\libarduinosdk.a(wiring.c.o)
 .bss.timer0_millis
                0x008002da        0x4 C:\Users\AVEES\Desktop\CP4AD_~1\WORKSP~1\CAN\erika\lib\libarduinosdk.a(wiring.c.o)
                0x008002da                timer0_millis
 .bss.timer0_overflow_count
                0x008002de        0x4 C:\Users\AVEES\Desktop\CP4AD_~1\WORKSP~1\CAN\erika\lib\libarduinosdk.a(wiring.c.o)
                0x008002de                timer0_overflow_count
 .bss.Serial    0x008002e2       0x9d C:\Users\AVEES\Desktop\CP4AD_~1\WORKSP~1\CAN\erika\lib\libarduinosdk.a(HardwareSerial0.cpp.o)
                0x008002e2                Serial
 *(COMMON)
 COMMON         0x0080037f        0xd obj/asw.c.o
                0x0080037f                id
                0x00800383                buf
                0x0080038b                len
 COMMON         0x0080038c        0x1 obj/ee_applcfg.c.o
                0x0080038c                osEE_kcb_var
                0x0080038d                PROVIDE (__bss_end, .)
                0x00002f82                __data_load_start = LOADADDR (.data)
                0x00003136                __data_load_end = (__data_load_start + SIZEOF (.data))

.noinit         0x0080038d        0x0
                [!provide]                PROVIDE (__noinit_start, .)
 *(.noinit*)
                [!provide]                PROVIDE (__noinit_end, .)
                0x0080038d                _end = .
                [!provide]                PROVIDE (__heap_start, .)

.eeprom         0x00810000        0x0
 *(.eeprom*)
                0x00810000                __eeprom_end = .

.fuse
 *(.fuse)
 *(.lfuse)
 *(.hfuse)
 *(.efuse)

.lock
 *(.lock*)

.signature
 *(.signature*)

.user_signatures
 *(.user_signatures*)

.stab
 *(.stab)

.stabstr
 *(.stabstr)

.stab.excl
 *(.stab.excl)

.stab.exclstr
 *(.stab.exclstr)

.stab.index
 *(.stab.index)

.stab.indexstr
 *(.stab.indexstr)

.comment        0x00000000       0x11
 *(.comment)
 .comment       0x00000000       0x11 obj/SPI.cpp.o
                                 0x12 (size before relaxing)
 .comment       0x00000011       0x12 obj/asw.c.o
 .comment       0x00000011       0x12 obj/bsw.cpp.o
 .comment       0x00000011       0x12 obj/ee_applcfg.c.o
 .comment       0x00000011       0x12 obj/mcp2515_can.cpp.o
 .comment       0x00000011       0x12 obj/mcp_can.cpp.o
 .comment       0x00000011       0x12 C:\Users\AVEES\Desktop\CP4AD_~1\WORKSP~1\CAN\erika\lib\libarduinosdk.a(wiring.c.o)
 .comment       0x00000011       0x12 C:\Users\AVEES\Desktop\CP4AD_~1\WORKSP~1\CAN\erika\lib\libarduinosdk.a(wiring_digital.c.o)
 .comment       0x00000011       0x12 C:\Users\AVEES\Desktop\CP4AD_~1\WORKSP~1\CAN\erika\lib\libarduinosdk.a(abi.cpp.o)
 .comment       0x00000011       0x12 C:\Users\AVEES\Desktop\CP4AD_~1\WORKSP~1\CAN\erika\lib\libarduinosdk.a(HardwareSerial.cpp.o)
 .comment       0x00000011       0x12 C:\Users\AVEES\Desktop\CP4AD_~1\WORKSP~1\CAN\erika\lib\libarduinosdk.a(HardwareSerial0.cpp.o)
 .comment       0x00000011       0x12 C:\Users\AVEES\Desktop\CP4AD_~1\WORKSP~1\CAN\erika\lib\libarduinosdk.a(Print.cpp.o)
 .comment       0x00000011       0x12 C:\Users\AVEES\Desktop\CP4AD_~1\WORKSP~1\CAN\erika\lib\libarduinosdk.a(hooks.c.o)
 .comment       0x00000011       0x12 C:\Users\AVEES\Desktop\CP4AD_~1\WORKSP~1\CAN\erika\lib\libee.a(ee_atmega_timer1ctc.c.o)
 .comment       0x00000011       0x12 C:\Users\AVEES\Desktop\CP4AD_~1\WORKSP~1\CAN\erika\lib\libee.a(ee_oo_api_osek.c.o)
 .comment       0x00000011       0x12 C:\Users\AVEES\Desktop\CP4AD_~1\WORKSP~1\CAN\erika\lib\libee.a(ee_oo_sched_entry_points.c.o)
 .comment       0x00000011       0x12 C:\Users\AVEES\Desktop\CP4AD_~1\WORKSP~1\CAN\erika\lib\libee.a(ee_oo_scheduler.c.o)
 .comment       0x00000011       0x12 C:\Users\AVEES\Desktop\CP4AD_~1\WORKSP~1\CAN\erika\lib\libee.a(ee_oo_kernel.c.o)
 .comment       0x00000011       0x12 C:\Users\AVEES\Desktop\CP4AD_~1\WORKSP~1\CAN\erika\lib\libee.a(ee_oo_sched_partitioned.c.o)
 .comment       0x00000011       0x12 C:\Users\AVEES\Desktop\CP4AD_~1\WORKSP~1\CAN\erika\lib\libee.a(ee_oo_counter.c.o)
 .comment       0x00000011       0x12 C:\Users\AVEES\Desktop\CP4AD_~1\WORKSP~1\CAN\erika\lib\libee.a(ee_oo_alarm.c.o)
 .comment       0x00000011       0x12 C:\Users\AVEES\Desktop\CP4AD_~1\WORKSP~1\CAN\erika\lib\libee.a(ee_std_change_context.c.o)
 .comment       0x00000011       0x12 C:\Users\AVEES\Desktop\CP4AD_~1\WORKSP~1\CAN\erika\lib\libee.a(ee_atmega_intvect.c.o)
 .comment       0x00000011       0x12 C:\Users\AVEES\Desktop\CP4AD_~1\WORKSP~1\CAN\erika\lib\libee.a(ee_avr8_irqstub.c.o)
 .comment       0x00000011       0x12 c:/arduino/hardware/tools/avr/bin/../lib/gcc/avr/7.3.0/../../../../avr/lib/avr5\libc.a(vsnprintf.o)
 .comment       0x00000011       0x12 c:/arduino/hardware/tools/avr/bin/../lib/gcc/avr/7.3.0/../../../../avr/lib/avr5\libc.a(vfprintf_std.o)
 .comment       0x00000011       0x12 c:/arduino/hardware/tools/avr/bin/../lib/gcc/avr/7.3.0/../../../../avr/lib/avr5\libc.a(fputc.o)

.note.gnu.avr.deviceinfo
                0x00000000       0x40
 .note.gnu.avr.deviceinfo
                0x00000000       0x40 c:/arduino/hardware/tools/avr/bin/../lib/gcc/avr/7.3.0/../../../../avr/lib/avr5/crtatmega328p.o

.note.gnu.build-id
 *(.note.gnu.build-id)

.debug
 *(.debug)

.line
 *(.line)

.debug_srcinfo
 *(.debug_srcinfo)

.debug_sfnames
 *(.debug_sfnames)

.debug_aranges  0x00000000      0x100
 *(.debug_aranges)
 .debug_aranges
                0x00000000       0x20 c:/arduino/hardware/tools/avr/bin/../lib/gcc/avr/7.3.0/avr5\libgcc.a(_udivmodsi4.o)
 .debug_aranges
                0x00000020       0x20 c:/arduino/hardware/tools/avr/bin/../lib/gcc/avr/7.3.0/avr5\libgcc.a(_exit.o)
 .debug_aranges
                0x00000040       0x20 c:/arduino/hardware/tools/avr/bin/../lib/gcc/avr/7.3.0/avr5\libgcc.a(_tablejump2.o)
 .debug_aranges
                0x00000060       0x20 c:/arduino/hardware/tools/avr/bin/../lib/gcc/avr/7.3.0/avr5\libgcc.a(_copy_data.o)
 .debug_aranges
                0x00000080       0x20 c:/arduino/hardware/tools/avr/bin/../lib/gcc/avr/7.3.0/avr5\libgcc.a(_clear_bss.o)
 .debug_aranges
                0x000000a0       0x20 c:/arduino/hardware/tools/avr/bin/../lib/gcc/avr/7.3.0/avr5\libgcc.a(_ctors.o)
 .debug_aranges
                0x000000c0       0x20 c:/arduino/hardware/tools/avr/bin/../lib/gcc/avr/7.3.0/avr5\libgcc.a(_prologue.o)
 .debug_aranges
                0x000000e0       0x20 c:/arduino/hardware/tools/avr/bin/../lib/gcc/avr/7.3.0/avr5\libgcc.a(_epilogue.o)

.debug_pubnames
 *(.debug_pubnames)

.debug_info     0x00000000      0xbcc
 *(.debug_info .gnu.linkonce.wi.*)
 .debug_info    0x00000000      0x5f4 c:/arduino/hardware/tools/avr/bin/../lib/gcc/avr/7.3.0/../../../../avr/lib/avr5/crtatmega328p.o
 .debug_info    0x000005f4       0xbb c:/arduino/hardware/tools/avr/bin/../lib/gcc/avr/7.3.0/avr5\libgcc.a(_udivmodsi4.o)
 .debug_info    0x000006af       0xbb c:/arduino/hardware/tools/avr/bin/../lib/gcc/avr/7.3.0/avr5\libgcc.a(_exit.o)
 .debug_info    0x0000076a       0xbb c:/arduino/hardware/tools/avr/bin/../lib/gcc/avr/7.3.0/avr5\libgcc.a(_tablejump2.o)
 .debug_info    0x00000825       0xbb c:/arduino/hardware/tools/avr/bin/../lib/gcc/avr/7.3.0/avr5\libgcc.a(_copy_data.o)
 .debug_info    0x000008e0       0xbb c:/arduino/hardware/tools/avr/bin/../lib/gcc/avr/7.3.0/avr5\libgcc.a(_clear_bss.o)
 .debug_info    0x0000099b       0xbb c:/arduino/hardware/tools/avr/bin/../lib/gcc/avr/7.3.0/avr5\libgcc.a(_ctors.o)
 .debug_info    0x00000a56       0xbb c:/arduino/hardware/tools/avr/bin/../lib/gcc/avr/7.3.0/avr5\libgcc.a(_prologue.o)
 .debug_info    0x00000b11       0xbb c:/arduino/hardware/tools/avr/bin/../lib/gcc/avr/7.3.0/avr5\libgcc.a(_epilogue.o)

.debug_abbrev   0x00000000      0x642
 *(.debug_abbrev)
 .debug_abbrev  0x00000000      0x5a2 c:/arduino/hardware/tools/avr/bin/../lib/gcc/avr/7.3.0/../../../../avr/lib/avr5/crtatmega328p.o
 .debug_abbrev  0x000005a2       0x14 c:/arduino/hardware/tools/avr/bin/../lib/gcc/avr/7.3.0/avr5\libgcc.a(_udivmodsi4.o)
 .debug_abbrev  0x000005b6       0x14 c:/arduino/hardware/tools/avr/bin/../lib/gcc/avr/7.3.0/avr5\libgcc.a(_exit.o)
 .debug_abbrev  0x000005ca       0x14 c:/arduino/hardware/tools/avr/bin/../lib/gcc/avr/7.3.0/avr5\libgcc.a(_tablejump2.o)
 .debug_abbrev  0x000005de       0x14 c:/arduino/hardware/tools/avr/bin/../lib/gcc/avr/7.3.0/avr5\libgcc.a(_copy_data.o)
 .debug_abbrev  0x000005f2       0x14 c:/arduino/hardware/tools/avr/bin/../lib/gcc/avr/7.3.0/avr5\libgcc.a(_clear_bss.o)
 .debug_abbrev  0x00000606       0x14 c:/arduino/hardware/tools/avr/bin/../lib/gcc/avr/7.3.0/avr5\libgcc.a(_ctors.o)
 .debug_abbrev  0x0000061a       0x14 c:/arduino/hardware/tools/avr/bin/../lib/gcc/avr/7.3.0/avr5\libgcc.a(_prologue.o)
 .debug_abbrev  0x0000062e       0x14 c:/arduino/hardware/tools/avr/bin/../lib/gcc/avr/7.3.0/avr5\libgcc.a(_epilogue.o)

.debug_line     0x00000000      0x5be
 *(.debug_line .debug_line.* .debug_line_end)
 .debug_line    0x00000000       0x1a c:/arduino/hardware/tools/avr/bin/../lib/gcc/avr/7.3.0/../../../../avr/lib/avr5/crtatmega328p.o
 .debug_line    0x0000001a      0x122 c:/arduino/hardware/tools/avr/bin/../lib/gcc/avr/7.3.0/avr5\libgcc.a(_udivmodsi4.o)
 .debug_line    0x0000013c       0x62 c:/arduino/hardware/tools/avr/bin/../lib/gcc/avr/7.3.0/avr5\libgcc.a(_exit.o)
 .debug_line    0x0000019e       0x7a c:/arduino/hardware/tools/avr/bin/../lib/gcc/avr/7.3.0/avr5\libgcc.a(_tablejump2.o)
 .debug_line    0x00000218       0x98 c:/arduino/hardware/tools/avr/bin/../lib/gcc/avr/7.3.0/avr5\libgcc.a(_copy_data.o)
 .debug_line    0x000002b0       0x86 c:/arduino/hardware/tools/avr/bin/../lib/gcc/avr/7.3.0/avr5\libgcc.a(_clear_bss.o)
 .debug_line    0x00000336       0x92 c:/arduino/hardware/tools/avr/bin/../lib/gcc/avr/7.3.0/avr5\libgcc.a(_ctors.o)
 .debug_line    0x000003c8       0xfe c:/arduino/hardware/tools/avr/bin/../lib/gcc/avr/7.3.0/avr5\libgcc.a(_prologue.o)
 .debug_line    0x000004c6       0xf8 c:/arduino/hardware/tools/avr/bin/../lib/gcc/avr/7.3.0/avr5\libgcc.a(_epilogue.o)

.debug_frame
 *(.debug_frame)

.debug_str      0x00000000      0x208
 *(.debug_str)
 .debug_str     0x00000000      0x208 c:/arduino/hardware/tools/avr/bin/../lib/gcc/avr/7.3.0/../../../../avr/lib/avr5/crtatmega328p.o

.debug_loc
 *(.debug_loc)

.debug_macinfo
 *(.debug_macinfo)

.debug_weaknames
 *(.debug_weaknames)

.debug_funcnames
 *(.debug_funcnames)

.debug_typenames
 *(.debug_typenames)

.debug_varnames
 *(.debug_varnames)

.debug_pubtypes
 *(.debug_pubtypes)

.debug_ranges
 *(.debug_ranges)

.debug_macro
 *(.debug_macro)
OUTPUT(arduino.elf elf32-avr)
LOAD linker stubs
