Archive member included to satisfy reference by file (symbol)

C:\Users\AVEES\Desktop\CP4AD_~1\WORKSP~1\test\0273B5~1.TIM\erika\lib\libarduinosdk.a(wiring.c.o)
                              obj/bsw.cpp.o (millis)
C:\Users\AVEES\Desktop\CP4AD_~1\WORKSP~1\test\0273B5~1.TIM\erika\lib\libarduinosdk.a(HardwareSerial.cpp.o)
                              obj/bsw.cpp.o (_ZN14HardwareSerial5beginEmh)
C:\Users\AVEES\Desktop\CP4AD_~1\WORKSP~1\test\0273B5~1.TIM\erika\lib\libarduinosdk.a(HardwareSerial0.cpp.o)
                              obj/bsw.cpp.o (Serial)
C:\Users\AVEES\Desktop\CP4AD_~1\WORKSP~1\test\0273B5~1.TIM\erika\lib\libarduinosdk.a(Print.cpp.o)
                              C:\Users\AVEES\Desktop\CP4AD_~1\WORKSP~1\test\0273B5~1.TIM\erika\lib\libarduinosdk.a(HardwareSerial.cpp.o) (_ZN5Print5writeEPKhj)
C:\Users\AVEES\Desktop\CP4AD_~1\WORKSP~1\test\0273B5~1.TIM\erika\lib\libarduinosdk.a(hooks.c.o)
                              C:\Users\AVEES\Desktop\CP4AD_~1\WORKSP~1\test\0273B5~1.TIM\erika\lib\libarduinosdk.a(wiring.c.o) (yield)
C:\Users\AVEES\Desktop\CP4AD_~1\WORKSP~1\test\0273B5~1.TIM\erika\lib\libarduinosdk.a(abi.cpp.o)
                              C:\Users\AVEES\Desktop\CP4AD_~1\WORKSP~1\test\0273B5~1.TIM\erika\lib\libarduinosdk.a(Print.cpp.o) (__cxa_pure_virtual)
C:\Users\AVEES\Desktop\CP4AD_~1\WORKSP~1\test\0273B5~1.TIM\erika\lib\libee.a(ee_atmega_timer1ctc.c.o)
                              obj/bsw.cpp.o (OsEE_atmega_startTimer1)
C:\Users\AVEES\Desktop\CP4AD_~1\WORKSP~1\test\0273B5~1.TIM\erika\lib\libee.a(ee_oo_api_osek.c.o)
                              obj/bsw.cpp.o (StartOS)
C:\Users\AVEES\Desktop\CP4AD_~1\WORKSP~1\test\0273B5~1.TIM\erika\lib\libee.a(ee_oo_sched_entry_points.c.o)
                              obj/ee_applcfg.c.o (osEE_idle_hook_wrapper)
C:\Users\AVEES\Desktop\CP4AD_~1\WORKSP~1\test\0273B5~1.TIM\erika\lib\libee.a(ee_oo_scheduler.c.o)
                              C:\Users\AVEES\Desktop\CP4AD_~1\WORKSP~1\test\0273B5~1.TIM\erika\lib\libee.a(ee_oo_api_osek.c.o) (osEE_scheduler_rq_insert)
C:\Users\AVEES\Desktop\CP4AD_~1\WORKSP~1\test\0273B5~1.TIM\erika\lib\libee.a(ee_oo_kernel.c.o)
                              C:\Users\AVEES\Desktop\CP4AD_~1\WORKSP~1\test\0273B5~1.TIM\erika\lib\libee.a(ee_oo_api_osek.c.o) (osEE_task_activated)
C:\Users\AVEES\Desktop\CP4AD_~1\WORKSP~1\test\0273B5~1.TIM\erika\lib\libee.a(ee_oo_sched_partitioned.c.o)
                              C:\Users\AVEES\Desktop\CP4AD_~1\WORKSP~1\test\0273B5~1.TIM\erika\lib\libee.a(ee_oo_api_osek.c.o) (osEE_scheduler_task_activated)
C:\Users\AVEES\Desktop\CP4AD_~1\WORKSP~1\test\0273B5~1.TIM\erika\lib\libee.a(ee_std_change_context.c.o)
                              C:\Users\AVEES\Desktop\CP4AD_~1\WORKSP~1\test\0273B5~1.TIM\erika\lib\libee.a(ee_oo_api_osek.c.o) (osEE_change_context_from_running)
C:\Users\AVEES\Desktop\CP4AD_~1\WORKSP~1\test\0273B5~1.TIM\erika\lib\libee.a(ee_atmega_intvect.c.o)
                              C:\Users\AVEES\Desktop\CP4AD_~1\WORKSP~1\test\0273B5~1.TIM\erika\lib\libee.a(ee_oo_api_osek.c.o) (osEE_atmega_intvect)
C:\Users\AVEES\Desktop\CP4AD_~1\WORKSP~1\test\0273B5~1.TIM\erika\lib\libee.a(ee_avr8_asm.S.o)
                              C:\Users\AVEES\Desktop\CP4AD_~1\WORKSP~1\test\0273B5~1.TIM\erika\lib\libee.a(ee_std_change_context.c.o) (osEE_hal_save_ctx_and_restore_ctx)
C:\Users\AVEES\Desktop\CP4AD_~1\WORKSP~1\test\0273B5~1.TIM\erika\lib\libee.a(ee_avr8_irqstub.c.o)
                              C:\Users\AVEES\Desktop\CP4AD_~1\WORKSP~1\test\0273B5~1.TIM\erika\lib\libee.a(ee_atmega_intvect.c.o) (osEE_avr8_isr2_stub)
c:/arduino/hardware/tools/avr/bin/../lib/gcc/avr/7.3.0/../../../../avr/lib/avr5\libm.a(addsf3.o)
                              C:\Users\AVEES\Desktop\CP4AD_~1\WORKSP~1\test\0273B5~1.TIM\erika\lib\libarduinosdk.a(Print.cpp.o) (__subsf3)
c:/arduino/hardware/tools/avr/bin/../lib/gcc/avr/7.3.0/../../../../avr/lib/avr5\libm.a(addsf3x.o)
                              c:/arduino/hardware/tools/avr/bin/../lib/gcc/avr/7.3.0/../../../../avr/lib/avr5\libm.a(addsf3.o) (__addsf3x)
c:/arduino/hardware/tools/avr/bin/../lib/gcc/avr/7.3.0/../../../../avr/lib/avr5\libm.a(cmpsf2.o)
                              C:\Users\AVEES\Desktop\CP4AD_~1\WORKSP~1\test\0273B5~1.TIM\erika\lib\libarduinosdk.a(Print.cpp.o) (__ltsf2)
c:/arduino/hardware/tools/avr/bin/../lib/gcc/avr/7.3.0/../../../../avr/lib/avr5\libm.a(divsf3.o)
                              C:\Users\AVEES\Desktop\CP4AD_~1\WORKSP~1\test\0273B5~1.TIM\erika\lib\libarduinosdk.a(Print.cpp.o) (__divsf3)
c:/arduino/hardware/tools/avr/bin/../lib/gcc/avr/7.3.0/../../../../avr/lib/avr5\libm.a(divsf3x.o)
                              c:/arduino/hardware/tools/avr/bin/../lib/gcc/avr/7.3.0/../../../../avr/lib/avr5\libm.a(divsf3.o) (__divsf3x)
c:/arduino/hardware/tools/avr/bin/../lib/gcc/avr/7.3.0/../../../../avr/lib/avr5\libm.a(fixunssfsi.o)
                              C:\Users\AVEES\Desktop\CP4AD_~1\WORKSP~1\test\0273B5~1.TIM\erika\lib\libarduinosdk.a(Print.cpp.o) (__fixunssfsi)
c:/arduino/hardware/tools/avr/bin/../lib/gcc/avr/7.3.0/../../../../avr/lib/avr5\libm.a(floatsisf.o)
                              C:\Users\AVEES\Desktop\CP4AD_~1\WORKSP~1\test\0273B5~1.TIM\erika\lib\libarduinosdk.a(Print.cpp.o) (__floatunsisf)
c:/arduino/hardware/tools/avr/bin/../lib/gcc/avr/7.3.0/../../../../avr/lib/avr5\libm.a(fp_cmp.o)
                              c:/arduino/hardware/tools/avr/bin/../lib/gcc/avr/7.3.0/../../../../avr/lib/avr5\libm.a(cmpsf2.o) (__fp_cmp)
c:/arduino/hardware/tools/avr/bin/../lib/gcc/avr/7.3.0/../../../../avr/lib/avr5\libm.a(fp_inf.o)
                              c:/arduino/hardware/tools/avr/bin/../lib/gcc/avr/7.3.0/../../../../avr/lib/avr5\libm.a(addsf3x.o) (__fp_inf)
c:/arduino/hardware/tools/avr/bin/../lib/gcc/avr/7.3.0/../../../../avr/lib/avr5\libm.a(fp_nan.o)
                              c:/arduino/hardware/tools/avr/bin/../lib/gcc/avr/7.3.0/../../../../avr/lib/avr5\libm.a(addsf3x.o) (__fp_nan)
c:/arduino/hardware/tools/avr/bin/../lib/gcc/avr/7.3.0/../../../../avr/lib/avr5\libm.a(fp_pscA.o)
                              c:/arduino/hardware/tools/avr/bin/../lib/gcc/avr/7.3.0/../../../../avr/lib/avr5\libm.a(addsf3x.o) (__fp_pscA)
c:/arduino/hardware/tools/avr/bin/../lib/gcc/avr/7.3.0/../../../../avr/lib/avr5\libm.a(fp_pscB.o)
                              c:/arduino/hardware/tools/avr/bin/../lib/gcc/avr/7.3.0/../../../../avr/lib/avr5\libm.a(addsf3x.o) (__fp_pscB)
c:/arduino/hardware/tools/avr/bin/../lib/gcc/avr/7.3.0/../../../../avr/lib/avr5\libm.a(fp_round.o)
                              c:/arduino/hardware/tools/avr/bin/../lib/gcc/avr/7.3.0/../../../../avr/lib/avr5\libm.a(addsf3.o) (__fp_round)
c:/arduino/hardware/tools/avr/bin/../lib/gcc/avr/7.3.0/../../../../avr/lib/avr5\libm.a(fp_split3.o)
                              c:/arduino/hardware/tools/avr/bin/../lib/gcc/avr/7.3.0/../../../../avr/lib/avr5\libm.a(addsf3x.o) (__fp_split3)
c:/arduino/hardware/tools/avr/bin/../lib/gcc/avr/7.3.0/../../../../avr/lib/avr5\libm.a(fp_zero.o)
                              c:/arduino/hardware/tools/avr/bin/../lib/gcc/avr/7.3.0/../../../../avr/lib/avr5\libm.a(addsf3x.o) (__fp_zero)
c:/arduino/hardware/tools/avr/bin/../lib/gcc/avr/7.3.0/../../../../avr/lib/avr5\libm.a(gesf2.o)
                              C:\Users\AVEES\Desktop\CP4AD_~1\WORKSP~1\test\0273B5~1.TIM\erika\lib\libarduinosdk.a(Print.cpp.o) (__gtsf2)
c:/arduino/hardware/tools/avr/bin/../lib/gcc/avr/7.3.0/../../../../avr/lib/avr5\libm.a(mulsf3.o)
                              C:\Users\AVEES\Desktop\CP4AD_~1\WORKSP~1\test\0273B5~1.TIM\erika\lib\libarduinosdk.a(Print.cpp.o) (__mulsf3)
c:/arduino/hardware/tools/avr/bin/../lib/gcc/avr/7.3.0/../../../../avr/lib/avr5\libm.a(mulsf3x.o)
                              c:/arduino/hardware/tools/avr/bin/../lib/gcc/avr/7.3.0/../../../../avr/lib/avr5\libm.a(mulsf3.o) (__mulsf3x)
c:/arduino/hardware/tools/avr/bin/../lib/gcc/avr/7.3.0/../../../../avr/lib/avr5\libm.a(unordsf2.o)
                              C:\Users\AVEES\Desktop\CP4AD_~1\WORKSP~1\test\0273B5~1.TIM\erika\lib\libarduinosdk.a(Print.cpp.o) (__unordsf2)
c:/arduino/hardware/tools/avr/bin/../lib/gcc/avr/7.3.0/avr5\libgcc.a(_udivmodsi4.o)
                              obj/bsw.cpp.o (__udivmodsi4)
c:/arduino/hardware/tools/avr/bin/../lib/gcc/avr/7.3.0/avr5\libgcc.a(_exit.o)
                              c:/arduino/hardware/tools/avr/bin/../lib/gcc/avr/7.3.0/../../../../avr/lib/avr5/crtatmega328p.o (exit)
c:/arduino/hardware/tools/avr/bin/../lib/gcc/avr/7.3.0/avr5\libgcc.a(_copy_data.o)
                              obj/asw.c.o (__do_copy_data)
c:/arduino/hardware/tools/avr/bin/../lib/gcc/avr/7.3.0/avr5\libgcc.a(_clear_bss.o)
                              obj/asw.c.o (__do_clear_bss)
c:/arduino/hardware/tools/avr/bin/../lib/gcc/avr/7.3.0/avr5\libgcc.a(_ctors.o)
                              C:\Users\AVEES\Desktop\CP4AD_~1\WORKSP~1\test\0273B5~1.TIM\erika\lib\libarduinosdk.a(HardwareSerial0.cpp.o) (__do_global_ctors)
c:/arduino/hardware/tools/avr/bin/../lib/gcc/avr/7.3.0/avr5\libgcc.a(_tablejump2.o)
                              c:/arduino/hardware/tools/avr/bin/../lib/gcc/avr/7.3.0/avr5\libgcc.a(_ctors.o) (__tablejump2__)
c:/arduino/hardware/tools/avr/bin/../lib/gcc/avr/7.3.0/../../../../avr/lib/avr5\libc.a(abort.o)
                              C:\Users\AVEES\Desktop\CP4AD_~1\WORKSP~1\test\0273B5~1.TIM\erika\lib\libarduinosdk.a(abi.cpp.o) (abort)
c:/arduino/hardware/tools/avr/bin/../lib/gcc/avr/7.3.0/../../../../avr/lib/avr5\libc.a(vsnprintf.o)
                              obj/bsw.cpp.o (vsnprintf)
c:/arduino/hardware/tools/avr/bin/../lib/gcc/avr/7.3.0/../../../../avr/lib/avr5\libc.a(vfprintf_std.o)
                              c:/arduino/hardware/tools/avr/bin/../lib/gcc/avr/7.3.0/../../../../avr/lib/avr5\libc.a(vsnprintf.o) (vfprintf)
c:/arduino/hardware/tools/avr/bin/../lib/gcc/avr/7.3.0/../../../../avr/lib/avr5\libc.a(strnlen_P.o)
                              c:/arduino/hardware/tools/avr/bin/../lib/gcc/avr/7.3.0/../../../../avr/lib/avr5\libc.a(vfprintf_std.o) (strnlen_P)
c:/arduino/hardware/tools/avr/bin/../lib/gcc/avr/7.3.0/../../../../avr/lib/avr5\libc.a(strnlen.o)
                              c:/arduino/hardware/tools/avr/bin/../lib/gcc/avr/7.3.0/../../../../avr/lib/avr5\libc.a(vfprintf_std.o) (strnlen)
c:/arduino/hardware/tools/avr/bin/../lib/gcc/avr/7.3.0/../../../../avr/lib/avr5\libc.a(fputc.o)
                              c:/arduino/hardware/tools/avr/bin/../lib/gcc/avr/7.3.0/../../../../avr/lib/avr5\libc.a(vfprintf_std.o) (fputc)
c:/arduino/hardware/tools/avr/bin/../lib/gcc/avr/7.3.0/../../../../avr/lib/avr5\libc.a(ultoa_invert.o)
                              c:/arduino/hardware/tools/avr/bin/../lib/gcc/avr/7.3.0/../../../../avr/lib/avr5\libc.a(vfprintf_std.o) (__ultoa_invert)
c:/arduino/hardware/tools/avr/bin/../lib/gcc/avr/7.3.0/avr5\libgcc.a(_prologue.o)
                              c:/arduino/hardware/tools/avr/bin/../lib/gcc/avr/7.3.0/../../../../avr/lib/avr5\libc.a(vsnprintf.o) (__prologue_saves__)
c:/arduino/hardware/tools/avr/bin/../lib/gcc/avr/7.3.0/avr5\libgcc.a(_epilogue.o)
                              c:/arduino/hardware/tools/avr/bin/../lib/gcc/avr/7.3.0/../../../../avr/lib/avr5\libc.a(vsnprintf.o) (__epilogue_restores__)

Allocating common symbols
Common symbol       size              file

osEE_kcb_var        0x1               obj/ee_applcfg.c.o

Discarded input sections

 .data          0x00000000        0x0 c:/arduino/hardware/tools/avr/bin/../lib/gcc/avr/7.3.0/../../../../avr/lib/avr5/crtatmega328p.o
 .bss           0x00000000        0x0 c:/arduino/hardware/tools/avr/bin/../lib/gcc/avr/7.3.0/../../../../avr/lib/avr5/crtatmega328p.o
 .text          0x00000000        0x0 obj/asw.c.o
 .data          0x00000000        0x0 obj/asw.c.o
 .bss           0x00000000        0x0 obj/asw.c.o
 .text          0x00000000        0x0 obj/bsw.cpp.o
 .data          0x00000000        0x0 obj/bsw.cpp.o
 .bss           0x00000000        0x0 obj/bsw.cpp.o
 .text.loop     0x00000000        0x2 obj/bsw.cpp.o
 .text          0x00000000        0x0 obj/ee_applcfg.c.o
 .data          0x00000000        0x0 obj/ee_applcfg.c.o
 .bss           0x00000000        0x0 obj/ee_applcfg.c.o
 .text          0x00000000        0x0 C:\Users\AVEES\Desktop\CP4AD_~1\WORKSP~1\test\0273B5~1.TIM\erika\lib\libarduinosdk.a(wiring.c.o)
 .data          0x00000000        0x0 C:\Users\AVEES\Desktop\CP4AD_~1\WORKSP~1\test\0273B5~1.TIM\erika\lib\libarduinosdk.a(wiring.c.o)
 .bss           0x00000000        0x0 C:\Users\AVEES\Desktop\CP4AD_~1\WORKSP~1\test\0273B5~1.TIM\erika\lib\libarduinosdk.a(wiring.c.o)
 .text.micros   0x00000000       0x4a C:\Users\AVEES\Desktop\CP4AD_~1\WORKSP~1\test\0273B5~1.TIM\erika\lib\libarduinosdk.a(wiring.c.o)
 .text.delay    0x00000000       0x72 C:\Users\AVEES\Desktop\CP4AD_~1\WORKSP~1\test\0273B5~1.TIM\erika\lib\libarduinosdk.a(wiring.c.o)
 .text.delayMicroseconds
                0x00000000       0x16 C:\Users\AVEES\Desktop\CP4AD_~1\WORKSP~1\test\0273B5~1.TIM\erika\lib\libarduinosdk.a(wiring.c.o)
 .group         0x00000000        0x8 C:\Users\AVEES\Desktop\CP4AD_~1\WORKSP~1\test\0273B5~1.TIM\erika\lib\libarduinosdk.a(HardwareSerial.cpp.o)
 .text          0x00000000        0x0 C:\Users\AVEES\Desktop\CP4AD_~1\WORKSP~1\test\0273B5~1.TIM\erika\lib\libarduinosdk.a(HardwareSerial.cpp.o)
 .data          0x00000000        0x0 C:\Users\AVEES\Desktop\CP4AD_~1\WORKSP~1\test\0273B5~1.TIM\erika\lib\libarduinosdk.a(HardwareSerial.cpp.o)
 .bss           0x00000000        0x0 C:\Users\AVEES\Desktop\CP4AD_~1\WORKSP~1\test\0273B5~1.TIM\erika\lib\libarduinosdk.a(HardwareSerial.cpp.o)
 .text._Z14serialEventRunv
                0x00000000       0x1c C:\Users\AVEES\Desktop\CP4AD_~1\WORKSP~1\test\0273B5~1.TIM\erika\lib\libarduinosdk.a(HardwareSerial.cpp.o)
 .text._ZN14HardwareSerial3endEv
                0x00000000       0x44 C:\Users\AVEES\Desktop\CP4AD_~1\WORKSP~1\test\0273B5~1.TIM\erika\lib\libarduinosdk.a(HardwareSerial.cpp.o)
 .text          0x00000000        0x0 C:\Users\AVEES\Desktop\CP4AD_~1\WORKSP~1\test\0273B5~1.TIM\erika\lib\libarduinosdk.a(HardwareSerial0.cpp.o)
 .data          0x00000000        0x0 C:\Users\AVEES\Desktop\CP4AD_~1\WORKSP~1\test\0273B5~1.TIM\erika\lib\libarduinosdk.a(HardwareSerial0.cpp.o)
 .bss           0x00000000        0x0 C:\Users\AVEES\Desktop\CP4AD_~1\WORKSP~1\test\0273B5~1.TIM\erika\lib\libarduinosdk.a(HardwareSerial0.cpp.o)
 .text._Z17Serial0_availablev
                0x00000000       0x14 C:\Users\AVEES\Desktop\CP4AD_~1\WORKSP~1\test\0273B5~1.TIM\erika\lib\libarduinosdk.a(HardwareSerial0.cpp.o)
 .group         0x00000000        0x8 C:\Users\AVEES\Desktop\CP4AD_~1\WORKSP~1\test\0273B5~1.TIM\erika\lib\libarduinosdk.a(Print.cpp.o)
 .group         0x00000000        0x8 C:\Users\AVEES\Desktop\CP4AD_~1\WORKSP~1\test\0273B5~1.TIM\erika\lib\libarduinosdk.a(Print.cpp.o)
 .group         0x00000000        0x8 C:\Users\AVEES\Desktop\CP4AD_~1\WORKSP~1\test\0273B5~1.TIM\erika\lib\libarduinosdk.a(Print.cpp.o)
 .text          0x00000000        0x0 C:\Users\AVEES\Desktop\CP4AD_~1\WORKSP~1\test\0273B5~1.TIM\erika\lib\libarduinosdk.a(Print.cpp.o)
 .data          0x00000000        0x0 C:\Users\AVEES\Desktop\CP4AD_~1\WORKSP~1\test\0273B5~1.TIM\erika\lib\libarduinosdk.a(Print.cpp.o)
 .bss           0x00000000        0x0 C:\Users\AVEES\Desktop\CP4AD_~1\WORKSP~1\test\0273B5~1.TIM\erika\lib\libarduinosdk.a(Print.cpp.o)
 .text._ZN5Print17availableForWriteEv
                0x00000000        0x6 C:\Users\AVEES\Desktop\CP4AD_~1\WORKSP~1\test\0273B5~1.TIM\erika\lib\libarduinosdk.a(Print.cpp.o)
 .text._ZN5Print5flushEv
                0x00000000        0x2 C:\Users\AVEES\Desktop\CP4AD_~1\WORKSP~1\test\0273B5~1.TIM\erika\lib\libarduinosdk.a(Print.cpp.o)
 .text._ZN5Print5printEPK19__FlashStringHelper
                0x00000000       0x48 C:\Users\AVEES\Desktop\CP4AD_~1\WORKSP~1\test\0273B5~1.TIM\erika\lib\libarduinosdk.a(Print.cpp.o)
 .text._ZN5Print5printERK6String
                0x00000000       0x1c C:\Users\AVEES\Desktop\CP4AD_~1\WORKSP~1\test\0273B5~1.TIM\erika\lib\libarduinosdk.a(Print.cpp.o)
 .text._ZN5Print5printEc
                0x00000000        0xe C:\Users\AVEES\Desktop\CP4AD_~1\WORKSP~1\test\0273B5~1.TIM\erika\lib\libarduinosdk.a(Print.cpp.o)
 .text._ZN5Print5printERK9Printable
                0x00000000       0x14 C:\Users\AVEES\Desktop\CP4AD_~1\WORKSP~1\test\0273B5~1.TIM\erika\lib\libarduinosdk.a(Print.cpp.o)
 .rodata._ZN5Print7printlnEv.str1.1
                0x00000000        0x3 C:\Users\AVEES\Desktop\CP4AD_~1\WORKSP~1\test\0273B5~1.TIM\erika\lib\libarduinosdk.a(Print.cpp.o)
 .text._ZN5Print7printlnEv
                0x00000000        0x8 C:\Users\AVEES\Desktop\CP4AD_~1\WORKSP~1\test\0273B5~1.TIM\erika\lib\libarduinosdk.a(Print.cpp.o)
 .text._ZN5Print7printlnEPK19__FlashStringHelper
                0x00000000       0x24 C:\Users\AVEES\Desktop\CP4AD_~1\WORKSP~1\test\0273B5~1.TIM\erika\lib\libarduinosdk.a(Print.cpp.o)
 .text._ZN5Print7printlnERK6String
                0x00000000       0x24 C:\Users\AVEES\Desktop\CP4AD_~1\WORKSP~1\test\0273B5~1.TIM\erika\lib\libarduinosdk.a(Print.cpp.o)
 .text._ZN5Print7printlnEPKc
                0x00000000       0x2e C:\Users\AVEES\Desktop\CP4AD_~1\WORKSP~1\test\0273B5~1.TIM\erika\lib\libarduinosdk.a(Print.cpp.o)
 .text._ZN5Print7printlnEc
                0x00000000       0x24 C:\Users\AVEES\Desktop\CP4AD_~1\WORKSP~1\test\0273B5~1.TIM\erika\lib\libarduinosdk.a(Print.cpp.o)
 .text._ZN5Print7printlnERK9Printable
                0x00000000       0x24 C:\Users\AVEES\Desktop\CP4AD_~1\WORKSP~1\test\0273B5~1.TIM\erika\lib\libarduinosdk.a(Print.cpp.o)
 .text._ZN5Print11printNumberEmh
                0x00000000       0x98 C:\Users\AVEES\Desktop\CP4AD_~1\WORKSP~1\test\0273B5~1.TIM\erika\lib\libarduinosdk.a(Print.cpp.o)
 .text._ZN5Print5printEli
                0x00000000       0x90 C:\Users\AVEES\Desktop\CP4AD_~1\WORKSP~1\test\0273B5~1.TIM\erika\lib\libarduinosdk.a(Print.cpp.o)
 .text._ZN5Print5printEii
                0x00000000        0xe C:\Users\AVEES\Desktop\CP4AD_~1\WORKSP~1\test\0273B5~1.TIM\erika\lib\libarduinosdk.a(Print.cpp.o)
 .text._ZN5Print7printlnEii
                0x00000000       0x24 C:\Users\AVEES\Desktop\CP4AD_~1\WORKSP~1\test\0273B5~1.TIM\erika\lib\libarduinosdk.a(Print.cpp.o)
 .text._ZN5Print7printlnEli
                0x00000000       0x24 C:\Users\AVEES\Desktop\CP4AD_~1\WORKSP~1\test\0273B5~1.TIM\erika\lib\libarduinosdk.a(Print.cpp.o)
 .text._ZN5Print5printEmi
                0x00000000       0x1a C:\Users\AVEES\Desktop\CP4AD_~1\WORKSP~1\test\0273B5~1.TIM\erika\lib\libarduinosdk.a(Print.cpp.o)
 .text._ZN5Print5printEhi
                0x00000000        0xe C:\Users\AVEES\Desktop\CP4AD_~1\WORKSP~1\test\0273B5~1.TIM\erika\lib\libarduinosdk.a(Print.cpp.o)
 .text._ZN5Print7printlnEhi
                0x00000000       0x24 C:\Users\AVEES\Desktop\CP4AD_~1\WORKSP~1\test\0273B5~1.TIM\erika\lib\libarduinosdk.a(Print.cpp.o)
 .text._ZN5Print5printEji
                0x00000000        0xc C:\Users\AVEES\Desktop\CP4AD_~1\WORKSP~1\test\0273B5~1.TIM\erika\lib\libarduinosdk.a(Print.cpp.o)
 .text._ZN5Print7printlnEji
                0x00000000       0x24 C:\Users\AVEES\Desktop\CP4AD_~1\WORKSP~1\test\0273B5~1.TIM\erika\lib\libarduinosdk.a(Print.cpp.o)
 .text._ZN5Print7printlnEmi
                0x00000000       0x24 C:\Users\AVEES\Desktop\CP4AD_~1\WORKSP~1\test\0273B5~1.TIM\erika\lib\libarduinosdk.a(Print.cpp.o)
 .rodata._ZN5Print10printFloatEdh.str1.1
                0x00000000        0xc C:\Users\AVEES\Desktop\CP4AD_~1\WORKSP~1\test\0273B5~1.TIM\erika\lib\libarduinosdk.a(Print.cpp.o)
 .text._ZN5Print10printFloatEdh
                0x00000000      0x1c8 C:\Users\AVEES\Desktop\CP4AD_~1\WORKSP~1\test\0273B5~1.TIM\erika\lib\libarduinosdk.a(Print.cpp.o)
 .text._ZN5Print5printEdi
                0x00000000        0x4 C:\Users\AVEES\Desktop\CP4AD_~1\WORKSP~1\test\0273B5~1.TIM\erika\lib\libarduinosdk.a(Print.cpp.o)
 .text._ZN5Print7printlnEdi
                0x00000000       0x24 C:\Users\AVEES\Desktop\CP4AD_~1\WORKSP~1\test\0273B5~1.TIM\erika\lib\libarduinosdk.a(Print.cpp.o)
 .rodata._ZTV5Print
                0x00000000        0xc C:\Users\AVEES\Desktop\CP4AD_~1\WORKSP~1\test\0273B5~1.TIM\erika\lib\libarduinosdk.a(Print.cpp.o)
 .text          0x00000000        0x0 C:\Users\AVEES\Desktop\CP4AD_~1\WORKSP~1\test\0273B5~1.TIM\erika\lib\libarduinosdk.a(hooks.c.o)
 .data          0x00000000        0x0 C:\Users\AVEES\Desktop\CP4AD_~1\WORKSP~1\test\0273B5~1.TIM\erika\lib\libarduinosdk.a(hooks.c.o)
 .bss           0x00000000        0x0 C:\Users\AVEES\Desktop\CP4AD_~1\WORKSP~1\test\0273B5~1.TIM\erika\lib\libarduinosdk.a(hooks.c.o)
 .text.__empty  0x00000000        0x2 C:\Users\AVEES\Desktop\CP4AD_~1\WORKSP~1\test\0273B5~1.TIM\erika\lib\libarduinosdk.a(hooks.c.o)
 .comment       0x00000000       0x12 C:\Users\AVEES\Desktop\CP4AD_~1\WORKSP~1\test\0273B5~1.TIM\erika\lib\libarduinosdk.a(hooks.c.o)
 .text          0x00000000        0x0 C:\Users\AVEES\Desktop\CP4AD_~1\WORKSP~1\test\0273B5~1.TIM\erika\lib\libarduinosdk.a(abi.cpp.o)
 .data          0x00000000        0x0 C:\Users\AVEES\Desktop\CP4AD_~1\WORKSP~1\test\0273B5~1.TIM\erika\lib\libarduinosdk.a(abi.cpp.o)
 .bss           0x00000000        0x0 C:\Users\AVEES\Desktop\CP4AD_~1\WORKSP~1\test\0273B5~1.TIM\erika\lib\libarduinosdk.a(abi.cpp.o)
 .text.__cxa_pure_virtual
                0x00000000        0x4 C:\Users\AVEES\Desktop\CP4AD_~1\WORKSP~1\test\0273B5~1.TIM\erika\lib\libarduinosdk.a(abi.cpp.o)
 .text.__cxa_deleted_virtual
                0x00000000        0x4 C:\Users\AVEES\Desktop\CP4AD_~1\WORKSP~1\test\0273B5~1.TIM\erika\lib\libarduinosdk.a(abi.cpp.o)
 .comment       0x00000000       0x12 C:\Users\AVEES\Desktop\CP4AD_~1\WORKSP~1\test\0273B5~1.TIM\erika\lib\libarduinosdk.a(abi.cpp.o)
 .text          0x00000000        0x0 C:\Users\AVEES\Desktop\CP4AD_~1\WORKSP~1\test\0273B5~1.TIM\erika\lib\libee.a(ee_atmega_timer1ctc.c.o)
 .data          0x00000000        0x0 C:\Users\AVEES\Desktop\CP4AD_~1\WORKSP~1\test\0273B5~1.TIM\erika\lib\libee.a(ee_atmega_timer1ctc.c.o)
 .bss           0x00000000        0x0 C:\Users\AVEES\Desktop\CP4AD_~1\WORKSP~1\test\0273B5~1.TIM\erika\lib\libee.a(ee_atmega_timer1ctc.c.o)
 .text          0x00000000        0x0 C:\Users\AVEES\Desktop\CP4AD_~1\WORKSP~1\test\0273B5~1.TIM\erika\lib\libee.a(ee_oo_api_osek.c.o)
 .data          0x00000000        0x0 C:\Users\AVEES\Desktop\CP4AD_~1\WORKSP~1\test\0273B5~1.TIM\erika\lib\libee.a(ee_oo_api_osek.c.o)
 .bss           0x00000000        0x0 C:\Users\AVEES\Desktop\CP4AD_~1\WORKSP~1\test\0273B5~1.TIM\erika\lib\libee.a(ee_oo_api_osek.c.o)
 .text.DisableAllInterrupts
                0x00000000       0x10 C:\Users\AVEES\Desktop\CP4AD_~1\WORKSP~1\test\0273B5~1.TIM\erika\lib\libee.a(ee_oo_api_osek.c.o)
 .text.EnableAllInterrupts
                0x00000000       0x14 C:\Users\AVEES\Desktop\CP4AD_~1\WORKSP~1\test\0273B5~1.TIM\erika\lib\libee.a(ee_oo_api_osek.c.o)
 .text.SuspendAllInterrupts
                0x00000000       0x34 C:\Users\AVEES\Desktop\CP4AD_~1\WORKSP~1\test\0273B5~1.TIM\erika\lib\libee.a(ee_oo_api_osek.c.o)
 .text.ResumeAllInterrupts
                0x00000000       0x1c C:\Users\AVEES\Desktop\CP4AD_~1\WORKSP~1\test\0273B5~1.TIM\erika\lib\libee.a(ee_oo_api_osek.c.o)
 .text.SuspendOSInterrupts
                0x00000000       0x34 C:\Users\AVEES\Desktop\CP4AD_~1\WORKSP~1\test\0273B5~1.TIM\erika\lib\libee.a(ee_oo_api_osek.c.o)
 .text.ResumeOSInterrupts
                0x00000000       0x1c C:\Users\AVEES\Desktop\CP4AD_~1\WORKSP~1\test\0273B5~1.TIM\erika\lib\libee.a(ee_oo_api_osek.c.o)
 .text.GetActiveApplicationMode
                0x00000000       0x18 C:\Users\AVEES\Desktop\CP4AD_~1\WORKSP~1\test\0273B5~1.TIM\erika\lib\libee.a(ee_oo_api_osek.c.o)
 .text.ActivateTask
                0x00000000       0x6a C:\Users\AVEES\Desktop\CP4AD_~1\WORKSP~1\test\0273B5~1.TIM\erika\lib\libee.a(ee_oo_api_osek.c.o)
 .text.ChainTask
                0x00000000       0xb0 C:\Users\AVEES\Desktop\CP4AD_~1\WORKSP~1\test\0273B5~1.TIM\erika\lib\libee.a(ee_oo_api_osek.c.o)
 .text.Schedule
                0x00000000       0x4c C:\Users\AVEES\Desktop\CP4AD_~1\WORKSP~1\test\0273B5~1.TIM\erika\lib\libee.a(ee_oo_api_osek.c.o)
 .text.GetResource
                0x00000000       0x7a C:\Users\AVEES\Desktop\CP4AD_~1\WORKSP~1\test\0273B5~1.TIM\erika\lib\libee.a(ee_oo_api_osek.c.o)
 .text.ReleaseResource
                0x00000000       0x8c C:\Users\AVEES\Desktop\CP4AD_~1\WORKSP~1\test\0273B5~1.TIM\erika\lib\libee.a(ee_oo_api_osek.c.o)
 .text.ShutdownOS
                0x00000000       0x34 C:\Users\AVEES\Desktop\CP4AD_~1\WORKSP~1\test\0273B5~1.TIM\erika\lib\libee.a(ee_oo_api_osek.c.o)
 .text.GetTaskID
                0x00000000       0x58 C:\Users\AVEES\Desktop\CP4AD_~1\WORKSP~1\test\0273B5~1.TIM\erika\lib\libee.a(ee_oo_api_osek.c.o)
 .text.GetTaskState
                0x00000000       0x7e C:\Users\AVEES\Desktop\CP4AD_~1\WORKSP~1\test\0273B5~1.TIM\erika\lib\libee.a(ee_oo_api_osek.c.o)
 .text.WaitEvent
                0x00000000       0x76 C:\Users\AVEES\Desktop\CP4AD_~1\WORKSP~1\test\0273B5~1.TIM\erika\lib\libee.a(ee_oo_api_osek.c.o)
 .text.SetEvent
                0x00000000       0x76 C:\Users\AVEES\Desktop\CP4AD_~1\WORKSP~1\test\0273B5~1.TIM\erika\lib\libee.a(ee_oo_api_osek.c.o)
 .text.GetEvent
                0x00000000       0x4e C:\Users\AVEES\Desktop\CP4AD_~1\WORKSP~1\test\0273B5~1.TIM\erika\lib\libee.a(ee_oo_api_osek.c.o)
 .text.ClearEvent
                0x00000000       0x32 C:\Users\AVEES\Desktop\CP4AD_~1\WORKSP~1\test\0273B5~1.TIM\erika\lib\libee.a(ee_oo_api_osek.c.o)
 .text.GetISRID
                0x00000000       0x1e C:\Users\AVEES\Desktop\CP4AD_~1\WORKSP~1\test\0273B5~1.TIM\erika\lib\libee.a(ee_oo_api_osek.c.o)
 .text          0x00000000        0x0 C:\Users\AVEES\Desktop\CP4AD_~1\WORKSP~1\test\0273B5~1.TIM\erika\lib\libee.a(ee_oo_sched_entry_points.c.o)
 .data          0x00000000        0x0 C:\Users\AVEES\Desktop\CP4AD_~1\WORKSP~1\test\0273B5~1.TIM\erika\lib\libee.a(ee_oo_sched_entry_points.c.o)
 .bss           0x00000000        0x0 C:\Users\AVEES\Desktop\CP4AD_~1\WORKSP~1\test\0273B5~1.TIM\erika\lib\libee.a(ee_oo_sched_entry_points.c.o)
 .text          0x00000000        0x0 C:\Users\AVEES\Desktop\CP4AD_~1\WORKSP~1\test\0273B5~1.TIM\erika\lib\libee.a(ee_oo_scheduler.c.o)
 .data          0x00000000        0x0 C:\Users\AVEES\Desktop\CP4AD_~1\WORKSP~1\test\0273B5~1.TIM\erika\lib\libee.a(ee_oo_scheduler.c.o)
 .bss           0x00000000        0x0 C:\Users\AVEES\Desktop\CP4AD_~1\WORKSP~1\test\0273B5~1.TIM\erika\lib\libee.a(ee_oo_scheduler.c.o)
 .text          0x00000000        0x0 C:\Users\AVEES\Desktop\CP4AD_~1\WORKSP~1\test\0273B5~1.TIM\erika\lib\libee.a(ee_oo_kernel.c.o)
 .data          0x00000000        0x0 C:\Users\AVEES\Desktop\CP4AD_~1\WORKSP~1\test\0273B5~1.TIM\erika\lib\libee.a(ee_oo_kernel.c.o)
 .bss           0x00000000        0x0 C:\Users\AVEES\Desktop\CP4AD_~1\WORKSP~1\test\0273B5~1.TIM\erika\lib\libee.a(ee_oo_kernel.c.o)
 .text.osEE_task_activated
                0x00000000       0x24 C:\Users\AVEES\Desktop\CP4AD_~1\WORKSP~1\test\0273B5~1.TIM\erika\lib\libee.a(ee_oo_kernel.c.o)
 .text.osEE_task_event_set_mask
                0x00000000       0x3a C:\Users\AVEES\Desktop\CP4AD_~1\WORKSP~1\test\0273B5~1.TIM\erika\lib\libee.a(ee_oo_kernel.c.o)
 .text          0x00000000        0x0 C:\Users\AVEES\Desktop\CP4AD_~1\WORKSP~1\test\0273B5~1.TIM\erika\lib\libee.a(ee_oo_sched_partitioned.c.o)
 .data          0x00000000        0x0 C:\Users\AVEES\Desktop\CP4AD_~1\WORKSP~1\test\0273B5~1.TIM\erika\lib\libee.a(ee_oo_sched_partitioned.c.o)
 .bss           0x00000000        0x0 C:\Users\AVEES\Desktop\CP4AD_~1\WORKSP~1\test\0273B5~1.TIM\erika\lib\libee.a(ee_oo_sched_partitioned.c.o)
 .text.osEE_scheduler_task_activated
                0x00000000       0xb0 C:\Users\AVEES\Desktop\CP4AD_~1\WORKSP~1\test\0273B5~1.TIM\erika\lib\libee.a(ee_oo_sched_partitioned.c.o)
 .text.osEE_scheduler_task_insert
                0x00000000       0x4e C:\Users\AVEES\Desktop\CP4AD_~1\WORKSP~1\test\0273B5~1.TIM\erika\lib\libee.a(ee_oo_sched_partitioned.c.o)
 .text.osEE_scheduler_task_unblocked
                0x00000000       0x60 C:\Users\AVEES\Desktop\CP4AD_~1\WORKSP~1\test\0273B5~1.TIM\erika\lib\libee.a(ee_oo_sched_partitioned.c.o)
 .text          0x00000000        0x0 C:\Users\AVEES\Desktop\CP4AD_~1\WORKSP~1\test\0273B5~1.TIM\erika\lib\libee.a(ee_std_change_context.c.o)
 .data          0x00000000        0x0 C:\Users\AVEES\Desktop\CP4AD_~1\WORKSP~1\test\0273B5~1.TIM\erika\lib\libee.a(ee_std_change_context.c.o)
 .bss           0x00000000        0x0 C:\Users\AVEES\Desktop\CP4AD_~1\WORKSP~1\test\0273B5~1.TIM\erika\lib\libee.a(ee_std_change_context.c.o)
 .text          0x00000000        0x0 C:\Users\AVEES\Desktop\CP4AD_~1\WORKSP~1\test\0273B5~1.TIM\erika\lib\libee.a(ee_atmega_intvect.c.o)
 .data          0x00000000        0x0 C:\Users\AVEES\Desktop\CP4AD_~1\WORKSP~1\test\0273B5~1.TIM\erika\lib\libee.a(ee_atmega_intvect.c.o)
 .bss           0x00000000        0x0 C:\Users\AVEES\Desktop\CP4AD_~1\WORKSP~1\test\0273B5~1.TIM\erika\lib\libee.a(ee_atmega_intvect.c.o)
 .data          0x00000000        0x0 C:\Users\AVEES\Desktop\CP4AD_~1\WORKSP~1\test\0273B5~1.TIM\erika\lib\libee.a(ee_avr8_asm.S.o)
 .bss           0x00000000        0x0 C:\Users\AVEES\Desktop\CP4AD_~1\WORKSP~1\test\0273B5~1.TIM\erika\lib\libee.a(ee_avr8_asm.S.o)
 .avr.prop      0x00000000       0x3a C:\Users\AVEES\Desktop\CP4AD_~1\WORKSP~1\test\0273B5~1.TIM\erika\lib\libee.a(ee_avr8_asm.S.o)
 .text          0x00000000        0x0 C:\Users\AVEES\Desktop\CP4AD_~1\WORKSP~1\test\0273B5~1.TIM\erika\lib\libee.a(ee_avr8_irqstub.c.o)
 .data          0x00000000        0x0 C:\Users\AVEES\Desktop\CP4AD_~1\WORKSP~1\test\0273B5~1.TIM\erika\lib\libee.a(ee_avr8_irqstub.c.o)
 .bss           0x00000000        0x0 C:\Users\AVEES\Desktop\CP4AD_~1\WORKSP~1\test\0273B5~1.TIM\erika\lib\libee.a(ee_avr8_irqstub.c.o)
 .text.osEE_avr8_isr1_stub
                0x00000000       0x42 C:\Users\AVEES\Desktop\CP4AD_~1\WORKSP~1\test\0273B5~1.TIM\erika\lib\libee.a(ee_avr8_irqstub.c.o)
 .text          0x00000000        0x0 c:/arduino/hardware/tools/avr/bin/../lib/gcc/avr/7.3.0/../../../../avr/lib/avr5\libm.a(addsf3.o)
 .data          0x00000000        0x0 c:/arduino/hardware/tools/avr/bin/../lib/gcc/avr/7.3.0/../../../../avr/lib/avr5\libm.a(addsf3.o)
 .bss           0x00000000        0x0 c:/arduino/hardware/tools/avr/bin/../lib/gcc/avr/7.3.0/../../../../avr/lib/avr5\libm.a(addsf3.o)
 .text.avr-libc.fplib
                0x00000000        0xe c:/arduino/hardware/tools/avr/bin/../lib/gcc/avr/7.3.0/../../../../avr/lib/avr5\libm.a(addsf3.o)
 .text          0x00000000        0x0 c:/arduino/hardware/tools/avr/bin/../lib/gcc/avr/7.3.0/../../../../avr/lib/avr5\libm.a(addsf3x.o)
 .data          0x00000000        0x0 c:/arduino/hardware/tools/avr/bin/../lib/gcc/avr/7.3.0/../../../../avr/lib/avr5\libm.a(addsf3x.o)
 .bss           0x00000000        0x0 c:/arduino/hardware/tools/avr/bin/../lib/gcc/avr/7.3.0/../../../../avr/lib/avr5\libm.a(addsf3x.o)
 .text.avr-libc.fplib
                0x00000000       0xcc c:/arduino/hardware/tools/avr/bin/../lib/gcc/avr/7.3.0/../../../../avr/lib/avr5\libm.a(addsf3x.o)
 .text          0x00000000        0x0 c:/arduino/hardware/tools/avr/bin/../lib/gcc/avr/7.3.0/../../../../avr/lib/avr5\libm.a(cmpsf2.o)
 .data          0x00000000        0x0 c:/arduino/hardware/tools/avr/bin/../lib/gcc/avr/7.3.0/../../../../avr/lib/avr5\libm.a(cmpsf2.o)
 .bss           0x00000000        0x0 c:/arduino/hardware/tools/avr/bin/../lib/gcc/avr/7.3.0/../../../../avr/lib/avr5\libm.a(cmpsf2.o)
 .text.avr-libc.fplib
                0x00000000        0xa c:/arduino/hardware/tools/avr/bin/../lib/gcc/avr/7.3.0/../../../../avr/lib/avr5\libm.a(cmpsf2.o)
 .text          0x00000000        0x0 c:/arduino/hardware/tools/avr/bin/../lib/gcc/avr/7.3.0/../../../../avr/lib/avr5\libm.a(divsf3.o)
 .data          0x00000000        0x0 c:/arduino/hardware/tools/avr/bin/../lib/gcc/avr/7.3.0/../../../../avr/lib/avr5\libm.a(divsf3.o)
 .bss           0x00000000        0x0 c:/arduino/hardware/tools/avr/bin/../lib/gcc/avr/7.3.0/../../../../avr/lib/avr5\libm.a(divsf3.o)
 .text.avr-libc.fplib
                0x00000000        0x8 c:/arduino/hardware/tools/avr/bin/../lib/gcc/avr/7.3.0/../../../../avr/lib/avr5\libm.a(divsf3.o)
 .text          0x00000000        0x0 c:/arduino/hardware/tools/avr/bin/../lib/gcc/avr/7.3.0/../../../../avr/lib/avr5\libm.a(divsf3x.o)
 .data          0x00000000        0x0 c:/arduino/hardware/tools/avr/bin/../lib/gcc/avr/7.3.0/../../../../avr/lib/avr5\libm.a(divsf3x.o)
 .bss           0x00000000        0x0 c:/arduino/hardware/tools/avr/bin/../lib/gcc/avr/7.3.0/../../../../avr/lib/avr5\libm.a(divsf3x.o)
 .text.avr-libc.fplib
                0x00000000       0xdc c:/arduino/hardware/tools/avr/bin/../lib/gcc/avr/7.3.0/../../../../avr/lib/avr5\libm.a(divsf3x.o)
 .text          0x00000000        0x0 c:/arduino/hardware/tools/avr/bin/../lib/gcc/avr/7.3.0/../../../../avr/lib/avr5\libm.a(fixunssfsi.o)
 .data          0x00000000        0x0 c:/arduino/hardware/tools/avr/bin/../lib/gcc/avr/7.3.0/../../../../avr/lib/avr5\libm.a(fixunssfsi.o)
 .bss           0x00000000        0x0 c:/arduino/hardware/tools/avr/bin/../lib/gcc/avr/7.3.0/../../../../avr/lib/avr5\libm.a(fixunssfsi.o)
 .text.avr-libc.fplib
                0x00000000       0x5e c:/arduino/hardware/tools/avr/bin/../lib/gcc/avr/7.3.0/../../../../avr/lib/avr5\libm.a(fixunssfsi.o)
 .text          0x00000000        0x0 c:/arduino/hardware/tools/avr/bin/../lib/gcc/avr/7.3.0/../../../../avr/lib/avr5\libm.a(floatsisf.o)
 .data          0x00000000        0x0 c:/arduino/hardware/tools/avr/bin/../lib/gcc/avr/7.3.0/../../../../avr/lib/avr5\libm.a(floatsisf.o)
 .bss           0x00000000        0x0 c:/arduino/hardware/tools/avr/bin/../lib/gcc/avr/7.3.0/../../../../avr/lib/avr5\libm.a(floatsisf.o)
 .text.avr-libc.fplib
                0x00000000       0x7a c:/arduino/hardware/tools/avr/bin/../lib/gcc/avr/7.3.0/../../../../avr/lib/avr5\libm.a(floatsisf.o)
 .text          0x00000000        0x0 c:/arduino/hardware/tools/avr/bin/../lib/gcc/avr/7.3.0/../../../../avr/lib/avr5\libm.a(fp_cmp.o)
 .data          0x00000000        0x0 c:/arduino/hardware/tools/avr/bin/../lib/gcc/avr/7.3.0/../../../../avr/lib/avr5\libm.a(fp_cmp.o)
 .bss           0x00000000        0x0 c:/arduino/hardware/tools/avr/bin/../lib/gcc/avr/7.3.0/../../../../avr/lib/avr5\libm.a(fp_cmp.o)
 .text.avr-libc.fplib
                0x00000000       0x48 c:/arduino/hardware/tools/avr/bin/../lib/gcc/avr/7.3.0/../../../../avr/lib/avr5\libm.a(fp_cmp.o)
 .text          0x00000000        0x0 c:/arduino/hardware/tools/avr/bin/../lib/gcc/avr/7.3.0/../../../../avr/lib/avr5\libm.a(fp_inf.o)
 .data          0x00000000        0x0 c:/arduino/hardware/tools/avr/bin/../lib/gcc/avr/7.3.0/../../../../avr/lib/avr5\libm.a(fp_inf.o)
 .bss           0x00000000        0x0 c:/arduino/hardware/tools/avr/bin/../lib/gcc/avr/7.3.0/../../../../avr/lib/avr5\libm.a(fp_inf.o)
 .text.avr-libc.fplib
                0x00000000        0xc c:/arduino/hardware/tools/avr/bin/../lib/gcc/avr/7.3.0/../../../../avr/lib/avr5\libm.a(fp_inf.o)
 .text          0x00000000        0x0 c:/arduino/hardware/tools/avr/bin/../lib/gcc/avr/7.3.0/../../../../avr/lib/avr5\libm.a(fp_nan.o)
 .data          0x00000000        0x0 c:/arduino/hardware/tools/avr/bin/../lib/gcc/avr/7.3.0/../../../../avr/lib/avr5\libm.a(fp_nan.o)
 .bss           0x00000000        0x0 c:/arduino/hardware/tools/avr/bin/../lib/gcc/avr/7.3.0/../../../../avr/lib/avr5\libm.a(fp_nan.o)
 .text.avr-libc.fplib
                0x00000000        0x6 c:/arduino/hardware/tools/avr/bin/../lib/gcc/avr/7.3.0/../../../../avr/lib/avr5\libm.a(fp_nan.o)
 .text          0x00000000        0x0 c:/arduino/hardware/tools/avr/bin/../lib/gcc/avr/7.3.0/../../../../avr/lib/avr5\libm.a(fp_pscA.o)
 .data          0x00000000        0x0 c:/arduino/hardware/tools/avr/bin/../lib/gcc/avr/7.3.0/../../../../avr/lib/avr5\libm.a(fp_pscA.o)
 .bss           0x00000000        0x0 c:/arduino/hardware/tools/avr/bin/../lib/gcc/avr/7.3.0/../../../../avr/lib/avr5\libm.a(fp_pscA.o)
 .text.avr-libc.fplib
                0x00000000        0xe c:/arduino/hardware/tools/avr/bin/../lib/gcc/avr/7.3.0/../../../../avr/lib/avr5\libm.a(fp_pscA.o)
 .text          0x00000000        0x0 c:/arduino/hardware/tools/avr/bin/../lib/gcc/avr/7.3.0/../../../../avr/lib/avr5\libm.a(fp_pscB.o)
 .data          0x00000000        0x0 c:/arduino/hardware/tools/avr/bin/../lib/gcc/avr/7.3.0/../../../../avr/lib/avr5\libm.a(fp_pscB.o)
 .bss           0x00000000        0x0 c:/arduino/hardware/tools/avr/bin/../lib/gcc/avr/7.3.0/../../../../avr/lib/avr5\libm.a(fp_pscB.o)
 .text.avr-libc.fplib
                0x00000000        0xe c:/arduino/hardware/tools/avr/bin/../lib/gcc/avr/7.3.0/../../../../avr/lib/avr5\libm.a(fp_pscB.o)
 .text          0x00000000        0x0 c:/arduino/hardware/tools/avr/bin/../lib/gcc/avr/7.3.0/../../../../avr/lib/avr5\libm.a(fp_round.o)
 .data          0x00000000        0x0 c:/arduino/hardware/tools/avr/bin/../lib/gcc/avr/7.3.0/../../../../avr/lib/avr5\libm.a(fp_round.o)
 .bss           0x00000000        0x0 c:/arduino/hardware/tools/avr/bin/../lib/gcc/avr/7.3.0/../../../../avr/lib/avr5\libm.a(fp_round.o)
 .text.avr-libc.fplib
                0x00000000       0x22 c:/arduino/hardware/tools/avr/bin/../lib/gcc/avr/7.3.0/../../../../avr/lib/avr5\libm.a(fp_round.o)
 .text          0x00000000        0x0 c:/arduino/hardware/tools/avr/bin/../lib/gcc/avr/7.3.0/../../../../avr/lib/avr5\libm.a(fp_split3.o)
 .data          0x00000000        0x0 c:/arduino/hardware/tools/avr/bin/../lib/gcc/avr/7.3.0/../../../../avr/lib/avr5\libm.a(fp_split3.o)
 .bss           0x00000000        0x0 c:/arduino/hardware/tools/avr/bin/../lib/gcc/avr/7.3.0/../../../../avr/lib/avr5\libm.a(fp_split3.o)
 .text.avr-libc.fplib
                0x00000000       0x44 c:/arduino/hardware/tools/avr/bin/../lib/gcc/avr/7.3.0/../../../../avr/lib/avr5\libm.a(fp_split3.o)
 .text          0x00000000        0x0 c:/arduino/hardware/tools/avr/bin/../lib/gcc/avr/7.3.0/../../../../avr/lib/avr5\libm.a(fp_zero.o)
 .data          0x00000000        0x0 c:/arduino/hardware/tools/avr/bin/../lib/gcc/avr/7.3.0/../../../../avr/lib/avr5\libm.a(fp_zero.o)
 .bss           0x00000000        0x0 c:/arduino/hardware/tools/avr/bin/../lib/gcc/avr/7.3.0/../../../../avr/lib/avr5\libm.a(fp_zero.o)
 .text.avr-libc.fplib
                0x00000000        0xe c:/arduino/hardware/tools/avr/bin/../lib/gcc/avr/7.3.0/../../../../avr/lib/avr5\libm.a(fp_zero.o)
 .text          0x00000000        0x0 c:/arduino/hardware/tools/avr/bin/../lib/gcc/avr/7.3.0/../../../../avr/lib/avr5\libm.a(gesf2.o)
 .data          0x00000000        0x0 c:/arduino/hardware/tools/avr/bin/../lib/gcc/avr/7.3.0/../../../../avr/lib/avr5\libm.a(gesf2.o)
 .bss           0x00000000        0x0 c:/arduino/hardware/tools/avr/bin/../lib/gcc/avr/7.3.0/../../../../avr/lib/avr5\libm.a(gesf2.o)
 .text.avr-libc.fplib
                0x00000000        0xa c:/arduino/hardware/tools/avr/bin/../lib/gcc/avr/7.3.0/../../../../avr/lib/avr5\libm.a(gesf2.o)
 .text          0x00000000        0x0 c:/arduino/hardware/tools/avr/bin/../lib/gcc/avr/7.3.0/../../../../avr/lib/avr5\libm.a(mulsf3.o)
 .data          0x00000000        0x0 c:/arduino/hardware/tools/avr/bin/../lib/gcc/avr/7.3.0/../../../../avr/lib/avr5\libm.a(mulsf3.o)
 .bss           0x00000000        0x0 c:/arduino/hardware/tools/avr/bin/../lib/gcc/avr/7.3.0/../../../../avr/lib/avr5\libm.a(mulsf3.o)
 .text.avr-libc.fplib
                0x00000000        0x8 c:/arduino/hardware/tools/avr/bin/../lib/gcc/avr/7.3.0/../../../../avr/lib/avr5\libm.a(mulsf3.o)
 .text          0x00000000        0x0 c:/arduino/hardware/tools/avr/bin/../lib/gcc/avr/7.3.0/../../../../avr/lib/avr5\libm.a(mulsf3x.o)
 .data          0x00000000        0x0 c:/arduino/hardware/tools/avr/bin/../lib/gcc/avr/7.3.0/../../../../avr/lib/avr5\libm.a(mulsf3x.o)
 .bss           0x00000000        0x0 c:/arduino/hardware/tools/avr/bin/../lib/gcc/avr/7.3.0/../../../../avr/lib/avr5\libm.a(mulsf3x.o)
 .text.avr-libc.fplib
                0x00000000       0xd2 c:/arduino/hardware/tools/avr/bin/../lib/gcc/avr/7.3.0/../../../../avr/lib/avr5\libm.a(mulsf3x.o)
 .text          0x00000000        0x0 c:/arduino/hardware/tools/avr/bin/../lib/gcc/avr/7.3.0/../../../../avr/lib/avr5\libm.a(unordsf2.o)
 .data          0x00000000        0x0 c:/arduino/hardware/tools/avr/bin/../lib/gcc/avr/7.3.0/../../../../avr/lib/avr5\libm.a(unordsf2.o)
 .bss           0x00000000        0x0 c:/arduino/hardware/tools/avr/bin/../lib/gcc/avr/7.3.0/../../../../avr/lib/avr5\libm.a(unordsf2.o)
 .text.avr-libc.fplib
                0x00000000        0xa c:/arduino/hardware/tools/avr/bin/../lib/gcc/avr/7.3.0/../../../../avr/lib/avr5\libm.a(unordsf2.o)
 .text          0x00000000        0x0 c:/arduino/hardware/tools/avr/bin/../lib/gcc/avr/7.3.0/avr5\libgcc.a(_udivmodsi4.o)
 .data          0x00000000        0x0 c:/arduino/hardware/tools/avr/bin/../lib/gcc/avr/7.3.0/avr5\libgcc.a(_udivmodsi4.o)
 .bss           0x00000000        0x0 c:/arduino/hardware/tools/avr/bin/../lib/gcc/avr/7.3.0/avr5\libgcc.a(_udivmodsi4.o)
 .text.libgcc.mul
                0x00000000        0x0 c:/arduino/hardware/tools/avr/bin/../lib/gcc/avr/7.3.0/avr5\libgcc.a(_udivmodsi4.o)
 .text.libgcc   0x00000000        0x0 c:/arduino/hardware/tools/avr/bin/../lib/gcc/avr/7.3.0/avr5\libgcc.a(_udivmodsi4.o)
 .text.libgcc.prologue
                0x00000000        0x0 c:/arduino/hardware/tools/avr/bin/../lib/gcc/avr/7.3.0/avr5\libgcc.a(_udivmodsi4.o)
 .text.libgcc.builtins
                0x00000000        0x0 c:/arduino/hardware/tools/avr/bin/../lib/gcc/avr/7.3.0/avr5\libgcc.a(_udivmodsi4.o)
 .text.libgcc.fmul
                0x00000000        0x0 c:/arduino/hardware/tools/avr/bin/../lib/gcc/avr/7.3.0/avr5\libgcc.a(_udivmodsi4.o)
 .text.libgcc.fixed
                0x00000000        0x0 c:/arduino/hardware/tools/avr/bin/../lib/gcc/avr/7.3.0/avr5\libgcc.a(_udivmodsi4.o)
 .text          0x00000000        0x0 c:/arduino/hardware/tools/avr/bin/../lib/gcc/avr/7.3.0/avr5\libgcc.a(_exit.o)
 .data          0x00000000        0x0 c:/arduino/hardware/tools/avr/bin/../lib/gcc/avr/7.3.0/avr5\libgcc.a(_exit.o)
 .bss           0x00000000        0x0 c:/arduino/hardware/tools/avr/bin/../lib/gcc/avr/7.3.0/avr5\libgcc.a(_exit.o)
 .text.libgcc.mul
                0x00000000        0x0 c:/arduino/hardware/tools/avr/bin/../lib/gcc/avr/7.3.0/avr5\libgcc.a(_exit.o)
 .text.libgcc.div
                0x00000000        0x0 c:/arduino/hardware/tools/avr/bin/../lib/gcc/avr/7.3.0/avr5\libgcc.a(_exit.o)
 .text.libgcc   0x00000000        0x0 c:/arduino/hardware/tools/avr/bin/../lib/gcc/avr/7.3.0/avr5\libgcc.a(_exit.o)
 .text.libgcc.prologue
                0x00000000        0x0 c:/arduino/hardware/tools/avr/bin/../lib/gcc/avr/7.3.0/avr5\libgcc.a(_exit.o)
 .text.libgcc.builtins
                0x00000000        0x0 c:/arduino/hardware/tools/avr/bin/../lib/gcc/avr/7.3.0/avr5\libgcc.a(_exit.o)
 .text.libgcc.fmul
                0x00000000        0x0 c:/arduino/hardware/tools/avr/bin/../lib/gcc/avr/7.3.0/avr5\libgcc.a(_exit.o)
 .text.libgcc.fixed
                0x00000000        0x0 c:/arduino/hardware/tools/avr/bin/../lib/gcc/avr/7.3.0/avr5\libgcc.a(_exit.o)
 .text          0x00000000        0x0 c:/arduino/hardware/tools/avr/bin/../lib/gcc/avr/7.3.0/avr5\libgcc.a(_copy_data.o)
 .data          0x00000000        0x0 c:/arduino/hardware/tools/avr/bin/../lib/gcc/avr/7.3.0/avr5\libgcc.a(_copy_data.o)
 .bss           0x00000000        0x0 c:/arduino/hardware/tools/avr/bin/../lib/gcc/avr/7.3.0/avr5\libgcc.a(_copy_data.o)
 .text.libgcc.mul
                0x00000000        0x0 c:/arduino/hardware/tools/avr/bin/../lib/gcc/avr/7.3.0/avr5\libgcc.a(_copy_data.o)
 .text.libgcc.div
                0x00000000        0x0 c:/arduino/hardware/tools/avr/bin/../lib/gcc/avr/7.3.0/avr5\libgcc.a(_copy_data.o)
 .text.libgcc   0x00000000        0x0 c:/arduino/hardware/tools/avr/bin/../lib/gcc/avr/7.3.0/avr5\libgcc.a(_copy_data.o)
 .text.libgcc.prologue
                0x00000000        0x0 c:/arduino/hardware/tools/avr/bin/../lib/gcc/avr/7.3.0/avr5\libgcc.a(_copy_data.o)
 .text.libgcc.builtins
                0x00000000        0x0 c:/arduino/hardware/tools/avr/bin/../lib/gcc/avr/7.3.0/avr5\libgcc.a(_copy_data.o)
 .text.libgcc.fmul
                0x00000000        0x0 c:/arduino/hardware/tools/avr/bin/../lib/gcc/avr/7.3.0/avr5\libgcc.a(_copy_data.o)
 .text.libgcc.fixed
                0x00000000        0x0 c:/arduino/hardware/tools/avr/bin/../lib/gcc/avr/7.3.0/avr5\libgcc.a(_copy_data.o)
 .text          0x00000000        0x0 c:/arduino/hardware/tools/avr/bin/../lib/gcc/avr/7.3.0/avr5\libgcc.a(_clear_bss.o)
 .data          0x00000000        0x0 c:/arduino/hardware/tools/avr/bin/../lib/gcc/avr/7.3.0/avr5\libgcc.a(_clear_bss.o)
 .bss           0x00000000        0x0 c:/arduino/hardware/tools/avr/bin/../lib/gcc/avr/7.3.0/avr5\libgcc.a(_clear_bss.o)
 .text.libgcc.mul
                0x00000000        0x0 c:/arduino/hardware/tools/avr/bin/../lib/gcc/avr/7.3.0/avr5\libgcc.a(_clear_bss.o)
 .text.libgcc.div
                0x00000000        0x0 c:/arduino/hardware/tools/avr/bin/../lib/gcc/avr/7.3.0/avr5\libgcc.a(_clear_bss.o)
 .text.libgcc   0x00000000        0x0 c:/arduino/hardware/tools/avr/bin/../lib/gcc/avr/7.3.0/avr5\libgcc.a(_clear_bss.o)
 .text.libgcc.prologue
                0x00000000        0x0 c:/arduino/hardware/tools/avr/bin/../lib/gcc/avr/7.3.0/avr5\libgcc.a(_clear_bss.o)
 .text.libgcc.builtins
                0x00000000        0x0 c:/arduino/hardware/tools/avr/bin/../lib/gcc/avr/7.3.0/avr5\libgcc.a(_clear_bss.o)
 .text.libgcc.fmul
                0x00000000        0x0 c:/arduino/hardware/tools/avr/bin/../lib/gcc/avr/7.3.0/avr5\libgcc.a(_clear_bss.o)
 .text.libgcc.fixed
                0x00000000        0x0 c:/arduino/hardware/tools/avr/bin/../lib/gcc/avr/7.3.0/avr5\libgcc.a(_clear_bss.o)
 .text          0x00000000        0x0 c:/arduino/hardware/tools/avr/bin/../lib/gcc/avr/7.3.0/avr5\libgcc.a(_ctors.o)
 .data          0x00000000        0x0 c:/arduino/hardware/tools/avr/bin/../lib/gcc/avr/7.3.0/avr5\libgcc.a(_ctors.o)
 .bss           0x00000000        0x0 c:/arduino/hardware/tools/avr/bin/../lib/gcc/avr/7.3.0/avr5\libgcc.a(_ctors.o)
 .text.libgcc.mul
                0x00000000        0x0 c:/arduino/hardware/tools/avr/bin/../lib/gcc/avr/7.3.0/avr5\libgcc.a(_ctors.o)
 .text.libgcc.div
                0x00000000        0x0 c:/arduino/hardware/tools/avr/bin/../lib/gcc/avr/7.3.0/avr5\libgcc.a(_ctors.o)
 .text.libgcc   0x00000000        0x0 c:/arduino/hardware/tools/avr/bin/../lib/gcc/avr/7.3.0/avr5\libgcc.a(_ctors.o)
 .text.libgcc.prologue
                0x00000000        0x0 c:/arduino/hardware/tools/avr/bin/../lib/gcc/avr/7.3.0/avr5\libgcc.a(_ctors.o)
 .text.libgcc.builtins
                0x00000000        0x0 c:/arduino/hardware/tools/avr/bin/../lib/gcc/avr/7.3.0/avr5\libgcc.a(_ctors.o)
 .text.libgcc.fmul
                0x00000000        0x0 c:/arduino/hardware/tools/avr/bin/../lib/gcc/avr/7.3.0/avr5\libgcc.a(_ctors.o)
 .text.libgcc.fixed
                0x00000000        0x0 c:/arduino/hardware/tools/avr/bin/../lib/gcc/avr/7.3.0/avr5\libgcc.a(_ctors.o)
 .text          0x00000000        0x0 c:/arduino/hardware/tools/avr/bin/../lib/gcc/avr/7.3.0/avr5\libgcc.a(_tablejump2.o)
 .data          0x00000000        0x0 c:/arduino/hardware/tools/avr/bin/../lib/gcc/avr/7.3.0/avr5\libgcc.a(_tablejump2.o)
 .bss           0x00000000        0x0 c:/arduino/hardware/tools/avr/bin/../lib/gcc/avr/7.3.0/avr5\libgcc.a(_tablejump2.o)
 .text.libgcc.mul
                0x00000000        0x0 c:/arduino/hardware/tools/avr/bin/../lib/gcc/avr/7.3.0/avr5\libgcc.a(_tablejump2.o)
 .text.libgcc.div
                0x00000000        0x0 c:/arduino/hardware/tools/avr/bin/../lib/gcc/avr/7.3.0/avr5\libgcc.a(_tablejump2.o)
 .text.libgcc.prologue
                0x00000000        0x0 c:/arduino/hardware/tools/avr/bin/../lib/gcc/avr/7.3.0/avr5\libgcc.a(_tablejump2.o)
 .text.libgcc.builtins
                0x00000000        0x0 c:/arduino/hardware/tools/avr/bin/../lib/gcc/avr/7.3.0/avr5\libgcc.a(_tablejump2.o)
 .text.libgcc.fmul
                0x00000000        0x0 c:/arduino/hardware/tools/avr/bin/../lib/gcc/avr/7.3.0/avr5\libgcc.a(_tablejump2.o)
 .text.libgcc.fixed
                0x00000000        0x0 c:/arduino/hardware/tools/avr/bin/../lib/gcc/avr/7.3.0/avr5\libgcc.a(_tablejump2.o)
 .text          0x00000000        0x0 c:/arduino/hardware/tools/avr/bin/../lib/gcc/avr/7.3.0/../../../../avr/lib/avr5\libc.a(abort.o)
 .data          0x00000000        0x0 c:/arduino/hardware/tools/avr/bin/../lib/gcc/avr/7.3.0/../../../../avr/lib/avr5\libc.a(abort.o)
 .bss           0x00000000        0x0 c:/arduino/hardware/tools/avr/bin/../lib/gcc/avr/7.3.0/../../../../avr/lib/avr5\libc.a(abort.o)
 .text.avr-libc
                0x00000000        0xa c:/arduino/hardware/tools/avr/bin/../lib/gcc/avr/7.3.0/../../../../avr/lib/avr5\libc.a(abort.o)
 .text          0x00000000        0x0 c:/arduino/hardware/tools/avr/bin/../lib/gcc/avr/7.3.0/../../../../avr/lib/avr5\libc.a(vsnprintf.o)
 .data          0x00000000        0x0 c:/arduino/hardware/tools/avr/bin/../lib/gcc/avr/7.3.0/../../../../avr/lib/avr5\libc.a(vsnprintf.o)
 .bss           0x00000000        0x0 c:/arduino/hardware/tools/avr/bin/../lib/gcc/avr/7.3.0/../../../../avr/lib/avr5\libc.a(vsnprintf.o)
 .text          0x00000000        0x0 c:/arduino/hardware/tools/avr/bin/../lib/gcc/avr/7.3.0/../../../../avr/lib/avr5\libc.a(vfprintf_std.o)
 .data          0x00000000        0x0 c:/arduino/hardware/tools/avr/bin/../lib/gcc/avr/7.3.0/../../../../avr/lib/avr5\libc.a(vfprintf_std.o)
 .bss           0x00000000        0x0 c:/arduino/hardware/tools/avr/bin/../lib/gcc/avr/7.3.0/../../../../avr/lib/avr5\libc.a(vfprintf_std.o)
 .text          0x00000000        0x0 c:/arduino/hardware/tools/avr/bin/../lib/gcc/avr/7.3.0/../../../../avr/lib/avr5\libc.a(strnlen_P.o)
 .data          0x00000000        0x0 c:/arduino/hardware/tools/avr/bin/../lib/gcc/avr/7.3.0/../../../../avr/lib/avr5\libc.a(strnlen_P.o)
 .bss           0x00000000        0x0 c:/arduino/hardware/tools/avr/bin/../lib/gcc/avr/7.3.0/../../../../avr/lib/avr5\libc.a(strnlen_P.o)
 .text          0x00000000        0x0 c:/arduino/hardware/tools/avr/bin/../lib/gcc/avr/7.3.0/../../../../avr/lib/avr5\libc.a(strnlen.o)
 .data          0x00000000        0x0 c:/arduino/hardware/tools/avr/bin/../lib/gcc/avr/7.3.0/../../../../avr/lib/avr5\libc.a(strnlen.o)
 .bss           0x00000000        0x0 c:/arduino/hardware/tools/avr/bin/../lib/gcc/avr/7.3.0/../../../../avr/lib/avr5\libc.a(strnlen.o)
 .text          0x00000000        0x0 c:/arduino/hardware/tools/avr/bin/../lib/gcc/avr/7.3.0/../../../../avr/lib/avr5\libc.a(fputc.o)
 .data          0x00000000        0x0 c:/arduino/hardware/tools/avr/bin/../lib/gcc/avr/7.3.0/../../../../avr/lib/avr5\libc.a(fputc.o)
 .bss           0x00000000        0x0 c:/arduino/hardware/tools/avr/bin/../lib/gcc/avr/7.3.0/../../../../avr/lib/avr5\libc.a(fputc.o)
 .text          0x00000000        0x0 c:/arduino/hardware/tools/avr/bin/../lib/gcc/avr/7.3.0/../../../../avr/lib/avr5\libc.a(ultoa_invert.o)
 .data          0x00000000        0x0 c:/arduino/hardware/tools/avr/bin/../lib/gcc/avr/7.3.0/../../../../avr/lib/avr5\libc.a(ultoa_invert.o)
 .bss           0x00000000        0x0 c:/arduino/hardware/tools/avr/bin/../lib/gcc/avr/7.3.0/../../../../avr/lib/avr5\libc.a(ultoa_invert.o)
 .text          0x00000000        0x0 c:/arduino/hardware/tools/avr/bin/../lib/gcc/avr/7.3.0/avr5\libgcc.a(_prologue.o)
 .data          0x00000000        0x0 c:/arduino/hardware/tools/avr/bin/../lib/gcc/avr/7.3.0/avr5\libgcc.a(_prologue.o)
 .bss           0x00000000        0x0 c:/arduino/hardware/tools/avr/bin/../lib/gcc/avr/7.3.0/avr5\libgcc.a(_prologue.o)
 .text.libgcc.mul
                0x00000000        0x0 c:/arduino/hardware/tools/avr/bin/../lib/gcc/avr/7.3.0/avr5\libgcc.a(_prologue.o)
 .text.libgcc.div
                0x00000000        0x0 c:/arduino/hardware/tools/avr/bin/../lib/gcc/avr/7.3.0/avr5\libgcc.a(_prologue.o)
 .text.libgcc   0x00000000        0x0 c:/arduino/hardware/tools/avr/bin/../lib/gcc/avr/7.3.0/avr5\libgcc.a(_prologue.o)
 .text.libgcc.builtins
                0x00000000        0x0 c:/arduino/hardware/tools/avr/bin/../lib/gcc/avr/7.3.0/avr5\libgcc.a(_prologue.o)
 .text.libgcc.fmul
                0x00000000        0x0 c:/arduino/hardware/tools/avr/bin/../lib/gcc/avr/7.3.0/avr5\libgcc.a(_prologue.o)
 .text.libgcc.fixed
                0x00000000        0x0 c:/arduino/hardware/tools/avr/bin/../lib/gcc/avr/7.3.0/avr5\libgcc.a(_prologue.o)
 .text          0x00000000        0x0 c:/arduino/hardware/tools/avr/bin/../lib/gcc/avr/7.3.0/avr5\libgcc.a(_epilogue.o)
 .data          0x00000000        0x0 c:/arduino/hardware/tools/avr/bin/../lib/gcc/avr/7.3.0/avr5\libgcc.a(_epilogue.o)
 .bss           0x00000000        0x0 c:/arduino/hardware/tools/avr/bin/../lib/gcc/avr/7.3.0/avr5\libgcc.a(_epilogue.o)
 .text.libgcc.mul
                0x00000000        0x0 c:/arduino/hardware/tools/avr/bin/../lib/gcc/avr/7.3.0/avr5\libgcc.a(_epilogue.o)
 .text.libgcc.div
                0x00000000        0x0 c:/arduino/hardware/tools/avr/bin/../lib/gcc/avr/7.3.0/avr5\libgcc.a(_epilogue.o)
 .text.libgcc   0x00000000        0x0 c:/arduino/hardware/tools/avr/bin/../lib/gcc/avr/7.3.0/avr5\libgcc.a(_epilogue.o)
 .text.libgcc.builtins
                0x00000000        0x0 c:/arduino/hardware/tools/avr/bin/../lib/gcc/avr/7.3.0/avr5\libgcc.a(_epilogue.o)
 .text.libgcc.fmul
                0x00000000        0x0 c:/arduino/hardware/tools/avr/bin/../lib/gcc/avr/7.3.0/avr5\libgcc.a(_epilogue.o)
 .text.libgcc.fixed
                0x00000000        0x0 c:/arduino/hardware/tools/avr/bin/../lib/gcc/avr/7.3.0/avr5\libgcc.a(_epilogue.o)

Memory Configuration

Name             Origin             Length             Attributes
text             0x00000000         0x00020000         xr
data             0x00800060         0x0000ffa0         rw !x
eeprom           0x00810000         0x00010000         rw !x
fuse             0x00820000         0x00000003         rw !x
lock             0x00830000         0x00000400         rw !x
signature        0x00840000         0x00000400         rw !x
user_signatures  0x00850000         0x00000400         rw !x
*default*        0x00000000         0xffffffff

Linker script and memory map

Address of section .data set to 0x800100
LOAD c:/arduino/hardware/tools/avr/bin/../lib/gcc/avr/7.3.0/../../../../avr/lib/avr5/crtatmega328p.o
LOAD obj/asw.c.o
LOAD obj/bsw.cpp.o
LOAD obj/ee_applcfg.c.o
START GROUP
LOAD C:\Users\AVEES\Desktop\CP4AD_~1\WORKSP~1\test\0273B5~1.TIM\erika\lib\libarduinosdk.a
LOAD C:\Users\AVEES\Desktop\CP4AD_~1\WORKSP~1\test\0273B5~1.TIM\erika\lib\libee.a
END GROUP
LOAD c:/arduino/hardware/tools/avr/bin/../lib/gcc/avr/7.3.0/../../../../avr/lib/avr5\libm.a
START GROUP
LOAD c:/arduino/hardware/tools/avr/bin/../lib/gcc/avr/7.3.0/avr5\libgcc.a
LOAD c:/arduino/hardware/tools/avr/bin/../lib/gcc/avr/7.3.0/../../../../avr/lib/avr5\libm.a
LOAD c:/arduino/hardware/tools/avr/bin/../lib/gcc/avr/7.3.0/../../../../avr/lib/avr5\libc.a
LOAD c:/arduino/hardware/tools/avr/bin/../lib/gcc/avr/7.3.0/../../../../avr/lib/avr5\libatmega328p.a
END GROUP
                0x00020000                __TEXT_REGION_LENGTH__ = DEFINED (__TEXT_REGION_LENGTH__)?__TEXT_REGION_LENGTH__:0x20000
                0x0000ffa0                __DATA_REGION_LENGTH__ = DEFINED (__DATA_REGION_LENGTH__)?__DATA_REGION_LENGTH__:0xffa0
                0x00010000                __EEPROM_REGION_LENGTH__ = DEFINED (__EEPROM_REGION_LENGTH__)?__EEPROM_REGION_LENGTH__:0x10000
                [0x00000003]                __FUSE_REGION_LENGTH__ = DEFINED (__FUSE_REGION_LENGTH__)?__FUSE_REGION_LENGTH__:0x400
                0x00000400                __LOCK_REGION_LENGTH__ = DEFINED (__LOCK_REGION_LENGTH__)?__LOCK_REGION_LENGTH__:0x400
                0x00000400                __SIGNATURE_REGION_LENGTH__ = DEFINED (__SIGNATURE_REGION_LENGTH__)?__SIGNATURE_REGION_LENGTH__:0x400
                0x00000400                __USER_SIGNATURE_REGION_LENGTH__ = DEFINED (__USER_SIGNATURE_REGION_LENGTH__)?__USER_SIGNATURE_REGION_LENGTH__:0x400
                0x00800060                __DATA_REGION_ORIGIN__ = DEFINED (__DATA_REGION_ORIGIN__)?__DATA_REGION_ORIGIN__:0x800060

.hash
 *(.hash)

.dynsym
 *(.dynsym)

.dynstr
 *(.dynstr)

.gnu.version
 *(.gnu.version)

.gnu.version_d
 *(.gnu.version_d)

.gnu.version_r
 *(.gnu.version_r)

.rel.init
 *(.rel.init)

.rela.init
 *(.rela.init)

.rel.text
 *(.rel.text)
 *(.rel.text.*)
 *(.rel.gnu.linkonce.t*)

.rela.text
 *(.rela.text)
 *(.rela.text.*)
 *(.rela.gnu.linkonce.t*)

.rel.fini
 *(.rel.fini)

.rela.fini
 *(.rela.fini)

.rel.rodata
 *(.rel.rodata)
 *(.rel.rodata.*)
 *(.rel.gnu.linkonce.r*)

.rela.rodata
 *(.rela.rodata)
 *(.rela.rodata.*)
 *(.rela.gnu.linkonce.r*)

.rel.data
 *(.rel.data)
 *(.rel.data.*)
 *(.rel.gnu.linkonce.d*)

.rela.data
 *(.rela.data)
 *(.rela.data.*)
 *(.rela.gnu.linkonce.d*)

.rel.ctors
 *(.rel.ctors)

.rela.ctors
 *(.rela.ctors)

.rel.dtors
 *(.rel.dtors)

.rela.dtors
 *(.rela.dtors)

.rel.got
 *(.rel.got)

.rela.got
 *(.rela.got)

.rel.bss
 *(.rel.bss)

.rela.bss
 *(.rela.bss)

.rel.plt
 *(.rel.plt)

.rela.plt
 *(.rela.plt)

.text           0x00000000     0x15ee
 *(.vectors)
 .vectors       0x00000000       0x68 c:/arduino/hardware/tools/avr/bin/../lib/gcc/avr/7.3.0/../../../../avr/lib/avr5/crtatmega328p.o
                0x00000000                __vectors
 *(.vectors)
 *(.progmem.gcc*)
                0x00000068                . = ALIGN (0x2)
                0x00000068                __trampolines_start = .
 *(.trampolines)
 .trampolines   0x00000068        0x0 linker stubs
 *(.trampolines*)
                0x00000068                __trampolines_end = .
 *libprintf_flt.a:*(.progmem.data)
 *libc.a:*(.progmem.data)
 *(.progmem*)
                0x00000068                . = ALIGN (0x2)
 *(.jumptables)
 *(.jumptables*)
 *(.lowtext)
 *(.lowtext*)
                0x00000068                __ctors_start = .
 *(.ctors)
 .ctors         0x00000068        0x2 C:\Users\AVEES\Desktop\CP4AD_~1\WORKSP~1\test\0273B5~1.TIM\erika\lib\libarduinosdk.a(HardwareSerial0.cpp.o)
                0x0000006a                __ctors_end = .
                0x0000006a                __dtors_start = .
 *(.dtors)
                0x0000006a                __dtors_end = .
 SORT(*)(.ctors)
 SORT(*)(.dtors)
 *(.init0)
 .init0         0x0000006a        0x0 c:/arduino/hardware/tools/avr/bin/../lib/gcc/avr/7.3.0/../../../../avr/lib/avr5/crtatmega328p.o
                0x0000006a                __init
 *(.init0)
 *(.init1)
 *(.init1)
 *(.init2)
 .init2         0x0000006a        0xc c:/arduino/hardware/tools/avr/bin/../lib/gcc/avr/7.3.0/../../../../avr/lib/avr5/crtatmega328p.o
 *(.init2)
 *(.init3)
 *(.init3)
 *(.init4)
 .init4         0x00000076       0x16 c:/arduino/hardware/tools/avr/bin/../lib/gcc/avr/7.3.0/avr5\libgcc.a(_copy_data.o)
                0x00000076                __do_copy_data
 .init4         0x0000008c       0x10 c:/arduino/hardware/tools/avr/bin/../lib/gcc/avr/7.3.0/avr5\libgcc.a(_clear_bss.o)
                0x0000008c                __do_clear_bss
 *(.init4)
 *(.init5)
 *(.init5)
 *(.init6)
 .init6         0x0000009c       0x16 c:/arduino/hardware/tools/avr/bin/../lib/gcc/avr/7.3.0/avr5\libgcc.a(_ctors.o)
                0x0000009c                __do_global_ctors
 *(.init6)
 *(.init7)
 *(.init7)
 *(.init8)
 *(.init8)
 *(.init9)
 .init9         0x000000b2        0x8 c:/arduino/hardware/tools/avr/bin/../lib/gcc/avr/7.3.0/../../../../avr/lib/avr5/crtatmega328p.o
 *(.init9)
 *(.text)
 .text          0x000000ba        0x4 c:/arduino/hardware/tools/avr/bin/../lib/gcc/avr/7.3.0/../../../../avr/lib/avr5/crtatmega328p.o
                0x000000ba                __vector_22
                0x000000ba                __vector_1
                0x000000ba                __vector_24
                0x000000ba                __vector_12
                0x000000ba                __bad_interrupt
                0x000000ba                __vector_6
                0x000000ba                __vector_3
                0x000000ba                __vector_23
                0x000000ba                __vector_25
                0x000000ba                __vector_13
                0x000000ba                __vector_17
                0x000000ba                __vector_7
                0x000000ba                __vector_5
                0x000000ba                __vector_4
                0x000000ba                __vector_9
                0x000000ba                __vector_2
                0x000000ba                __vector_21
                0x000000ba                __vector_15
                0x000000ba                __vector_8
                0x000000ba                __vector_14
                0x000000ba                __vector_10
                0x000000ba                __vector_20
 *fill*         0x000000be        0x2 
 .text          0x000000c0       0xe4 C:\Users\AVEES\Desktop\CP4AD_~1\WORKSP~1\test\0273B5~1.TIM\erika\lib\libee.a(ee_avr8_asm.S.o)
                0x000000c0                osEE_hal_save_ctx_and_restore_ctx
                0x00000100                osEE_hal_restore_ctx
                0x00000140                osEE_hal_ready2stacked
                0x00000150                osEE_hal_save_ctx_and_ready2stacked
                0x00000190                osEE_hal_terminate_ctx
                0x000001a4                . = ALIGN (0x2)
 *(.text.*)
 .text.FuncTask1
                0x000001a4       0x30 obj/asw.c.o
                0x000001a4                FuncTask1
 .text.TimerISR
                0x000001d4       0x4e obj/asw.c.o
                0x000001d4                TimerISR
 .text.mdelay   0x00000222       0x90 obj/bsw.cpp.o
                0x00000222                mdelay
 .text.printfSerial
                0x000002b2       0x52 obj/bsw.cpp.o
                0x000002b2                printfSerial
 .text.setup    0x00000304       0x1e obj/bsw.cpp.o
                0x00000304                setup
 .text.startup.main
                0x00000322       0x44 obj/bsw.cpp.o
                0x00000322                main
 .text.__vector_16
                0x00000366       0x94 C:\Users\AVEES\Desktop\CP4AD_~1\WORKSP~1\test\0273B5~1.TIM\erika\lib\libarduinosdk.a(wiring.c.o)
                0x00000366                __vector_16
 .text.millis   0x000003fa       0x18 C:\Users\AVEES\Desktop\CP4AD_~1\WORKSP~1\test\0273B5~1.TIM\erika\lib\libarduinosdk.a(wiring.c.o)
                0x000003fa                millis
 .text.init     0x00000412       0x76 C:\Users\AVEES\Desktop\CP4AD_~1\WORKSP~1\test\0273B5~1.TIM\erika\lib\libarduinosdk.a(wiring.c.o)
                0x00000412                init
 .text._ZN14HardwareSerial9availableEv
                0x00000488       0x18 C:\Users\AVEES\Desktop\CP4AD_~1\WORKSP~1\test\0273B5~1.TIM\erika\lib\libarduinosdk.a(HardwareSerial.cpp.o)
                0x00000488                _ZN14HardwareSerial9availableEv
 .text._ZN14HardwareSerial4peekEv
                0x000004a0       0x1c C:\Users\AVEES\Desktop\CP4AD_~1\WORKSP~1\test\0273B5~1.TIM\erika\lib\libarduinosdk.a(HardwareSerial.cpp.o)
                0x000004a0                _ZN14HardwareSerial4peekEv
 .text._ZN14HardwareSerial4readEv
                0x000004bc       0x28 C:\Users\AVEES\Desktop\CP4AD_~1\WORKSP~1\test\0273B5~1.TIM\erika\lib\libarduinosdk.a(HardwareSerial.cpp.o)
                0x000004bc                _ZN14HardwareSerial4readEv
 .text._ZN14HardwareSerial17availableForWriteEv
                0x000004e4       0x1e C:\Users\AVEES\Desktop\CP4AD_~1\WORKSP~1\test\0273B5~1.TIM\erika\lib\libarduinosdk.a(HardwareSerial.cpp.o)
                0x000004e4                _ZN14HardwareSerial17availableForWriteEv
 .text._ZN14HardwareSerial17_tx_udr_empty_irqEv
                0x00000502       0x44 C:\Users\AVEES\Desktop\CP4AD_~1\WORKSP~1\test\0273B5~1.TIM\erika\lib\libarduinosdk.a(HardwareSerial.cpp.o)
                0x00000502                _ZN14HardwareSerial17_tx_udr_empty_irqEv
 .text._ZN14HardwareSerial5flushEv
                0x00000546       0x40 C:\Users\AVEES\Desktop\CP4AD_~1\WORKSP~1\test\0273B5~1.TIM\erika\lib\libarduinosdk.a(HardwareSerial.cpp.o)
                0x00000546                _ZN14HardwareSerial5flushEv
 .text._ZN14HardwareSerial5writeEh
                0x00000586       0x9a C:\Users\AVEES\Desktop\CP4AD_~1\WORKSP~1\test\0273B5~1.TIM\erika\lib\libarduinosdk.a(HardwareSerial.cpp.o)
                0x00000586                _ZN14HardwareSerial5writeEh
 .text._ZN14HardwareSerial5beginEmh
                0x00000620       0xc4 C:\Users\AVEES\Desktop\CP4AD_~1\WORKSP~1\test\0273B5~1.TIM\erika\lib\libarduinosdk.a(HardwareSerial.cpp.o)
                0x00000620                _ZN14HardwareSerial5beginEmh
 .text.__vector_18
                0x000006e4       0x64 C:\Users\AVEES\Desktop\CP4AD_~1\WORKSP~1\test\0273B5~1.TIM\erika\lib\libarduinosdk.a(HardwareSerial0.cpp.o)
                0x000006e4                __vector_18
 .text.__vector_19
                0x00000748       0x4c C:\Users\AVEES\Desktop\CP4AD_~1\WORKSP~1\test\0273B5~1.TIM\erika\lib\libarduinosdk.a(HardwareSerial0.cpp.o)
                0x00000748                __vector_19
 .text.startup._GLOBAL__sub_I___vector_18
                0x00000794       0x5a C:\Users\AVEES\Desktop\CP4AD_~1\WORKSP~1\test\0273B5~1.TIM\erika\lib\libarduinosdk.a(HardwareSerial0.cpp.o)
 .text._ZN5Print5writeEPKhj
                0x000007ee       0x5a C:\Users\AVEES\Desktop\CP4AD_~1\WORKSP~1\test\0273B5~1.TIM\erika\lib\libarduinosdk.a(Print.cpp.o)
                0x000007ee                _ZN5Print5writeEPKhj
 .text._ZN5Print5writeEPKc.part.2
                0x00000848       0x1e C:\Users\AVEES\Desktop\CP4AD_~1\WORKSP~1\test\0273B5~1.TIM\erika\lib\libarduinosdk.a(Print.cpp.o)
 .text._ZN5Print5printEPKc
                0x00000866       0x10 C:\Users\AVEES\Desktop\CP4AD_~1\WORKSP~1\test\0273B5~1.TIM\erika\lib\libarduinosdk.a(Print.cpp.o)
                0x00000866                _ZN5Print5printEPKc
 .text.OsEE_atmega_startTimer1
                0x00000876       0xbc C:\Users\AVEES\Desktop\CP4AD_~1\WORKSP~1\test\0273B5~1.TIM\erika\lib\libee.a(ee_atmega_timer1ctc.c.o)
                0x00000876                OsEE_atmega_startTimer1
 .text.StartOS  0x00000932      0x13c C:\Users\AVEES\Desktop\CP4AD_~1\WORKSP~1\test\0273B5~1.TIM\erika\lib\libee.a(ee_oo_api_osek.c.o)
                0x00000932                StartOS
 .text.TerminateTask
                0x00000a6e       0x34 C:\Users\AVEES\Desktop\CP4AD_~1\WORKSP~1\test\0273B5~1.TIM\erika\lib\libee.a(ee_oo_api_osek.c.o)
                0x00000a6e                TerminateTask
 .text.osEE_scheduler_task_wrapper_restore
                0x00000aa2       0x12 C:\Users\AVEES\Desktop\CP4AD_~1\WORKSP~1\test\0273B5~1.TIM\erika\lib\libee.a(ee_oo_sched_entry_points.c.o)
                0x00000aa2                osEE_scheduler_task_wrapper_restore
 .text.osEE_scheduler_task_wrapper_run
                0x00000ab4       0x98 C:\Users\AVEES\Desktop\CP4AD_~1\WORKSP~1\test\0273B5~1.TIM\erika\lib\libee.a(ee_oo_sched_entry_points.c.o)
                0x00000ab4                osEE_scheduler_task_wrapper_run
 .text.osEE_idle_hook_wrapper
                0x00000b4c       0x2e C:\Users\AVEES\Desktop\CP4AD_~1\WORKSP~1\test\0273B5~1.TIM\erika\lib\libee.a(ee_oo_sched_entry_points.c.o)
                0x00000b4c                osEE_idle_hook_wrapper
 .text.osEE_scheduler_core_rq_preempt_stk
                0x00000b7a       0xae C:\Users\AVEES\Desktop\CP4AD_~1\WORKSP~1\test\0273B5~1.TIM\erika\lib\libee.a(ee_oo_scheduler.c.o)
                0x00000b7a                osEE_scheduler_core_rq_preempt_stk
 .text.osEE_sn_priority_insert
                0x00000c28       0x74 C:\Users\AVEES\Desktop\CP4AD_~1\WORKSP~1\test\0273B5~1.TIM\erika\lib\libee.a(ee_oo_scheduler.c.o)
                0x00000c28                osEE_sn_priority_insert
 .text.osEE_scheduler_rq_insert
                0x00000c9c        0xe C:\Users\AVEES\Desktop\CP4AD_~1\WORKSP~1\test\0273B5~1.TIM\erika\lib\libee.a(ee_oo_scheduler.c.o)
                0x00000c9c                osEE_scheduler_rq_insert
 .text.osEE_scheduler_core_pop_running
                0x00000caa       0x50 C:\Users\AVEES\Desktop\CP4AD_~1\WORKSP~1\test\0273B5~1.TIM\erika\lib\libee.a(ee_oo_scheduler.c.o)
                0x00000caa                osEE_scheduler_core_pop_running
 .text.osEE_task_end
                0x00000cfa       0x2a C:\Users\AVEES\Desktop\CP4AD_~1\WORKSP~1\test\0273B5~1.TIM\erika\lib\libee.a(ee_oo_kernel.c.o)
                0x00000cfa                osEE_task_end
 .text.osEE_activate_isr2
                0x00000d24       0x30 C:\Users\AVEES\Desktop\CP4AD_~1\WORKSP~1\test\0273B5~1.TIM\erika\lib\libee.a(ee_oo_kernel.c.o)
                0x00000d24                osEE_activate_isr2
 .text.osEE_scheduler_task_terminated
                0x00000d54       0xd8 C:\Users\AVEES\Desktop\CP4AD_~1\WORKSP~1\test\0273B5~1.TIM\erika\lib\libee.a(ee_oo_sched_partitioned.c.o)
                0x00000d54                osEE_scheduler_task_terminated
 .text.osEE_scheduler_task_preemption_point
                0x00000e2c       0x36 C:\Users\AVEES\Desktop\CP4AD_~1\WORKSP~1\test\0273B5~1.TIM\erika\lib\libee.a(ee_oo_sched_partitioned.c.o)
                0x00000e2c                osEE_scheduler_task_preemption_point
 .text.osEE_scheduler_task_set_running
                0x00000e62       0x70 C:\Users\AVEES\Desktop\CP4AD_~1\WORKSP~1\test\0273B5~1.TIM\erika\lib\libee.a(ee_oo_sched_partitioned.c.o)
                0x00000e62                osEE_scheduler_task_set_running
 .text.osEE_change_context_from_running
                0x00000ed2       0x28 C:\Users\AVEES\Desktop\CP4AD_~1\WORKSP~1\test\0273B5~1.TIM\erika\lib\libee.a(ee_std_change_context.c.o)
                0x00000ed2                osEE_change_context_from_running
 .text.osEE_change_context_from_task_end
                0x00000efa       0x24 C:\Users\AVEES\Desktop\CP4AD_~1\WORKSP~1\test\0273B5~1.TIM\erika\lib\libee.a(ee_std_change_context.c.o)
                0x00000efa                osEE_change_context_from_task_end
 .text.osEE_idle_task_terminate
                0x00000f1e       0x36 C:\Users\AVEES\Desktop\CP4AD_~1\WORKSP~1\test\0273B5~1.TIM\erika\lib\libee.a(ee_std_change_context.c.o)
                0x00000f1e                osEE_idle_task_terminate
 .text.osEE_scheduler_task_end
                0x00000f54       0x2c C:\Users\AVEES\Desktop\CP4AD_~1\WORKSP~1\test\0273B5~1.TIM\erika\lib\libee.a(ee_std_change_context.c.o)
                0x00000f54                osEE_scheduler_task_end
 .text.__vector_default
                0x00000f80        0x4 C:\Users\AVEES\Desktop\CP4AD_~1\WORKSP~1\test\0273B5~1.TIM\erika\lib\libee.a(ee_atmega_intvect.c.o)
                0x00000f80                tag___vector_default
                0x00000f80                __vector_default
 .text.osEE_atmega_intvect
                0x00000f84        0x4 C:\Users\AVEES\Desktop\CP4AD_~1\WORKSP~1\test\0273B5~1.TIM\erika\lib\libee.a(ee_atmega_intvect.c.o)
                0x00000f84                osEE_atmega_intvect
 .text.__vector_11
                0x00000f88       0x10 C:\Users\AVEES\Desktop\CP4AD_~1\WORKSP~1\test\0273B5~1.TIM\erika\lib\libee.a(ee_atmega_intvect.c.o)
                0x00000f88                tag___vector_11
                0x00000f88                __vector_11
 .text.osEE_avr8_isr2_stub
                0x00000f98       0x40 C:\Users\AVEES\Desktop\CP4AD_~1\WORKSP~1\test\0273B5~1.TIM\erika\lib\libee.a(ee_avr8_irqstub.c.o)
                0x00000f98                osEE_avr8_isr2_stub
 .text.libgcc.div
                0x00000fd8       0x44 c:/arduino/hardware/tools/avr/bin/../lib/gcc/avr/7.3.0/avr5\libgcc.a(_udivmodsi4.o)
                0x00000fd8                __udivmodsi4
 .text.libgcc   0x0000101c        0xc c:/arduino/hardware/tools/avr/bin/../lib/gcc/avr/7.3.0/avr5\libgcc.a(_tablejump2.o)
                0x0000101c                __tablejump2__
 .text.avr-libc
                0x00001028       0x58 c:/arduino/hardware/tools/avr/bin/../lib/gcc/avr/7.3.0/../../../../avr/lib/avr5\libc.a(vsnprintf.o)
                0x00001028                vsnprintf
 .text.avr-libc
                0x00001080      0x3b4 c:/arduino/hardware/tools/avr/bin/../lib/gcc/avr/7.3.0/../../../../avr/lib/avr5\libc.a(vfprintf_std.o)
                0x00001080                vfprintf
 .text.avr-libc
                0x00001434       0x16 c:/arduino/hardware/tools/avr/bin/../lib/gcc/avr/7.3.0/../../../../avr/lib/avr5\libc.a(strnlen_P.o)
                0x00001434                strnlen_P
 .text.avr-libc
                0x0000144a       0x16 c:/arduino/hardware/tools/avr/bin/../lib/gcc/avr/7.3.0/../../../../avr/lib/avr5\libc.a(strnlen.o)
                0x0000144a                strnlen
 .text.avr-libc
                0x00001460       0x60 c:/arduino/hardware/tools/avr/bin/../lib/gcc/avr/7.3.0/../../../../avr/lib/avr5\libc.a(fputc.o)
                0x00001460                fputc
 .text.avr-libc
                0x000014c0       0xbc c:/arduino/hardware/tools/avr/bin/../lib/gcc/avr/7.3.0/../../../../avr/lib/avr5\libc.a(ultoa_invert.o)
                0x000014c0                __ultoa_invert
 .text.libgcc.prologue
                0x0000157c       0x38 c:/arduino/hardware/tools/avr/bin/../lib/gcc/avr/7.3.0/avr5\libgcc.a(_prologue.o)
                0x0000157c                __prologue_saves__
 .text.libgcc.prologue
                0x000015b4       0x36 c:/arduino/hardware/tools/avr/bin/../lib/gcc/avr/7.3.0/avr5\libgcc.a(_epilogue.o)
                0x000015b4                __epilogue_restores__
                0x000015ea                . = ALIGN (0x2)
 *(.fini9)
 .fini9         0x000015ea        0x0 c:/arduino/hardware/tools/avr/bin/../lib/gcc/avr/7.3.0/avr5\libgcc.a(_exit.o)
                0x000015ea                _exit
                0x000015ea                exit
 *(.fini9)
 *(.fini8)
 *(.fini8)
 *(.fini7)
 *(.fini7)
 *(.fini6)
 *(.fini6)
 *(.fini5)
 *(.fini5)
 *(.fini4)
 *(.fini4)
 *(.fini3)
 *(.fini3)
 *(.fini2)
 *(.fini2)
 *(.fini1)
 *(.fini1)
 *(.fini0)
 .fini0         0x000015ea        0x4 c:/arduino/hardware/tools/avr/bin/../lib/gcc/avr/7.3.0/avr5\libgcc.a(_exit.o)
 *(.fini0)
                0x000015ee                _etext = .

.data           0x00800100       0xe8 load address 0x000015ee
                0x00800100                PROVIDE (__data_start, .)
 *(.data)
 *(.data*)
 .data.osEE_ccb_var
                0x00800100       0x12 obj/ee_applcfg.c.o
                0x00800100                osEE_ccb_var
 .data.osEE_sn_array
                0x00800112        0x8 obj/ee_applcfg.c.o
 .data.osEE_tcb_array
                0x0080011a       0x24 obj/ee_applcfg.c.o
 *(.gnu.linkonce.d*)
 *(.rodata)
 *(.rodata*)
 .rodata.FuncTask1.str1.1
                0x0080013e       0x1c obj/asw.c.o
 .rodata.TimerISR.str1.1
                0x0080015a        0x8 obj/asw.c.o
 .rodata.main.str1.1
                0x00800162       0x23 obj/bsw.cpp.o
                                 0x34 (size before relaxing)
 .rodata.osEE_kdb_var
                0x00800185        0xa obj/ee_applcfg.c.o
                0x00800185                osEE_kdb_var
 .rodata.osEE_cdb_var
                0x0080018f        0x8 obj/ee_applcfg.c.o
                0x0080018f                osEE_cdb_var
 .rodata.osEE_autostart_tdb_array
                0x00800197        0x4 obj/ee_applcfg.c.o
 .rodata.osEE_tdb_ptr_autostart_OSDEFAULTAPPMODE
                0x0080019b        0x2 obj/ee_applcfg.c.o
 .rodata.osEE_res_db_ptr_array
                0x0080019d        0x2 obj/ee_applcfg.c.o
 .rodata.osEE_res_db_array
                0x0080019f        0x3 obj/ee_applcfg.c.o
 .rodata.osEE_tdb_ptr_array
                0x008001a2        0x6 obj/ee_applcfg.c.o
 .rodata.osEE_tdb_array
                0x008001a8       0x2a obj/ee_applcfg.c.o
 .rodata.osEE_sdb_array
                0x008001d2        0x4 obj/ee_applcfg.c.o
 .rodata._ZTV14HardwareSerial
                0x008001d6       0x12 C:\Users\AVEES\Desktop\CP4AD_~1\WORKSP~1\test\0273B5~1.TIM\erika\lib\libarduinosdk.a(HardwareSerial.cpp.o)
                0x008001d6                _ZTV14HardwareSerial
 *(.gnu.linkonce.r*)
                0x008001e8                . = ALIGN (0x2)
                0x008001e8                _edata = .
                0x008001e8                PROVIDE (__data_end, .)

.bss            0x008001e8       0xb2
                0x008001e8                PROVIDE (__bss_start, .)
 *(.bss)
 *(.bss*)
 .bss.c.2333    0x008001e8        0x4 obj/asw.c.o
 .bss.osEE_res_cb_array
                0x008001ec        0x5 obj/ee_applcfg.c.o
 .bss.osEE_scb_array
                0x008001f1        0x2 obj/ee_applcfg.c.o
 .bss.timer0_fract
                0x008001f3        0x1 C:\Users\AVEES\Desktop\CP4AD_~1\WORKSP~1\test\0273B5~1.TIM\erika\lib\libarduinosdk.a(wiring.c.o)
 .bss.timer0_millis
                0x008001f4        0x4 C:\Users\AVEES\Desktop\CP4AD_~1\WORKSP~1\test\0273B5~1.TIM\erika\lib\libarduinosdk.a(wiring.c.o)
                0x008001f4                timer0_millis
 .bss.timer0_overflow_count
                0x008001f8        0x4 C:\Users\AVEES\Desktop\CP4AD_~1\WORKSP~1\test\0273B5~1.TIM\erika\lib\libarduinosdk.a(wiring.c.o)
                0x008001f8                timer0_overflow_count
 .bss.Serial    0x008001fc       0x9d C:\Users\AVEES\Desktop\CP4AD_~1\WORKSP~1\test\0273B5~1.TIM\erika\lib\libarduinosdk.a(HardwareSerial0.cpp.o)
                0x008001fc                Serial
 *(COMMON)
 COMMON         0x00800299        0x1 obj/ee_applcfg.c.o
                0x00800299                osEE_kcb_var
                0x0080029a                PROVIDE (__bss_end, .)
                0x000015ee                __data_load_start = LOADADDR (.data)
                0x000016d6                __data_load_end = (__data_load_start + SIZEOF (.data))

.noinit         0x0080029a        0x0
                [!provide]                PROVIDE (__noinit_start, .)
 *(.noinit*)
                [!provide]                PROVIDE (__noinit_end, .)
                0x0080029a                _end = .
                [!provide]                PROVIDE (__heap_start, .)

.eeprom         0x00810000        0x0
 *(.eeprom*)
                0x00810000                __eeprom_end = .

.fuse
 *(.fuse)
 *(.lfuse)
 *(.hfuse)
 *(.efuse)

.lock
 *(.lock*)

.signature
 *(.signature*)

.user_signatures
 *(.user_signatures*)

.stab
 *(.stab)

.stabstr
 *(.stabstr)

.stab.excl
 *(.stab.excl)

.stab.exclstr
 *(.stab.exclstr)

.stab.index
 *(.stab.index)

.stab.indexstr
 *(.stab.indexstr)

.comment        0x00000000       0x11
 *(.comment)
 .comment       0x00000000       0x11 obj/asw.c.o
                                 0x12 (size before relaxing)
 .comment       0x00000011       0x12 obj/bsw.cpp.o
 .comment       0x00000011       0x12 obj/ee_applcfg.c.o
 .comment       0x00000011       0x12 C:\Users\AVEES\Desktop\CP4AD_~1\WORKSP~1\test\0273B5~1.TIM\erika\lib\libarduinosdk.a(wiring.c.o)
 .comment       0x00000011       0x12 C:\Users\AVEES\Desktop\CP4AD_~1\WORKSP~1\test\0273B5~1.TIM\erika\lib\libarduinosdk.a(HardwareSerial.cpp.o)
 .comment       0x00000011       0x12 C:\Users\AVEES\Desktop\CP4AD_~1\WORKSP~1\test\0273B5~1.TIM\erika\lib\libarduinosdk.a(HardwareSerial0.cpp.o)
 .comment       0x00000011       0x12 C:\Users\AVEES\Desktop\CP4AD_~1\WORKSP~1\test\0273B5~1.TIM\erika\lib\libarduinosdk.a(Print.cpp.o)
 .comment       0x00000011       0x12 C:\Users\AVEES\Desktop\CP4AD_~1\WORKSP~1\test\0273B5~1.TIM\erika\lib\libee.a(ee_atmega_timer1ctc.c.o)
 .comment       0x00000011       0x12 C:\Users\AVEES\Desktop\CP4AD_~1\WORKSP~1\test\0273B5~1.TIM\erika\lib\libee.a(ee_oo_api_osek.c.o)
 .comment       0x00000011       0x12 C:\Users\AVEES\Desktop\CP4AD_~1\WORKSP~1\test\0273B5~1.TIM\erika\lib\libee.a(ee_oo_sched_entry_points.c.o)
 .comment       0x00000011       0x12 C:\Users\AVEES\Desktop\CP4AD_~1\WORKSP~1\test\0273B5~1.TIM\erika\lib\libee.a(ee_oo_scheduler.c.o)
 .comment       0x00000011       0x12 C:\Users\AVEES\Desktop\CP4AD_~1\WORKSP~1\test\0273B5~1.TIM\erika\lib\libee.a(ee_oo_kernel.c.o)
 .comment       0x00000011       0x12 C:\Users\AVEES\Desktop\CP4AD_~1\WORKSP~1\test\0273B5~1.TIM\erika\lib\libee.a(ee_oo_sched_partitioned.c.o)
 .comment       0x00000011       0x12 C:\Users\AVEES\Desktop\CP4AD_~1\WORKSP~1\test\0273B5~1.TIM\erika\lib\libee.a(ee_std_change_context.c.o)
 .comment       0x00000011       0x12 C:\Users\AVEES\Desktop\CP4AD_~1\WORKSP~1\test\0273B5~1.TIM\erika\lib\libee.a(ee_atmega_intvect.c.o)
 .comment       0x00000011       0x12 C:\Users\AVEES\Desktop\CP4AD_~1\WORKSP~1\test\0273B5~1.TIM\erika\lib\libee.a(ee_avr8_irqstub.c.o)
 .comment       0x00000011       0x12 c:/arduino/hardware/tools/avr/bin/../lib/gcc/avr/7.3.0/../../../../avr/lib/avr5\libc.a(vsnprintf.o)
 .comment       0x00000011       0x12 c:/arduino/hardware/tools/avr/bin/../lib/gcc/avr/7.3.0/../../../../avr/lib/avr5\libc.a(vfprintf_std.o)
 .comment       0x00000011       0x12 c:/arduino/hardware/tools/avr/bin/../lib/gcc/avr/7.3.0/../../../../avr/lib/avr5\libc.a(fputc.o)

.note.gnu.avr.deviceinfo
                0x00000000       0x40
 .note.gnu.avr.deviceinfo
                0x00000000       0x40 c:/arduino/hardware/tools/avr/bin/../lib/gcc/avr/7.3.0/../../../../avr/lib/avr5/crtatmega328p.o

.note.gnu.build-id
 *(.note.gnu.build-id)

.debug
 *(.debug)

.line
 *(.line)

.debug_srcinfo
 *(.debug_srcinfo)

.debug_sfnames
 *(.debug_sfnames)

.debug_aranges  0x00000000      0x100
 *(.debug_aranges)
 .debug_aranges
                0x00000000       0x20 c:/arduino/hardware/tools/avr/bin/../lib/gcc/avr/7.3.0/avr5\libgcc.a(_udivmodsi4.o)
 .debug_aranges
                0x00000020       0x20 c:/arduino/hardware/tools/avr/bin/../lib/gcc/avr/7.3.0/avr5\libgcc.a(_exit.o)
 .debug_aranges
                0x00000040       0x20 c:/arduino/hardware/tools/avr/bin/../lib/gcc/avr/7.3.0/avr5\libgcc.a(_copy_data.o)
 .debug_aranges
                0x00000060       0x20 c:/arduino/hardware/tools/avr/bin/../lib/gcc/avr/7.3.0/avr5\libgcc.a(_clear_bss.o)
 .debug_aranges
                0x00000080       0x20 c:/arduino/hardware/tools/avr/bin/../lib/gcc/avr/7.3.0/avr5\libgcc.a(_ctors.o)
 .debug_aranges
                0x000000a0       0x20 c:/arduino/hardware/tools/avr/bin/../lib/gcc/avr/7.3.0/avr5\libgcc.a(_tablejump2.o)
 .debug_aranges
                0x000000c0       0x20 c:/arduino/hardware/tools/avr/bin/../lib/gcc/avr/7.3.0/avr5\libgcc.a(_prologue.o)
 .debug_aranges
                0x000000e0       0x20 c:/arduino/hardware/tools/avr/bin/../lib/gcc/avr/7.3.0/avr5\libgcc.a(_epilogue.o)

.debug_pubnames
 *(.debug_pubnames)

.debug_info     0x00000000      0xbcc
 *(.debug_info .gnu.linkonce.wi.*)
 .debug_info    0x00000000      0x5f4 c:/arduino/hardware/tools/avr/bin/../lib/gcc/avr/7.3.0/../../../../avr/lib/avr5/crtatmega328p.o
 .debug_info    0x000005f4       0xbb c:/arduino/hardware/tools/avr/bin/../lib/gcc/avr/7.3.0/avr5\libgcc.a(_udivmodsi4.o)
 .debug_info    0x000006af       0xbb c:/arduino/hardware/tools/avr/bin/../lib/gcc/avr/7.3.0/avr5\libgcc.a(_exit.o)
 .debug_info    0x0000076a       0xbb c:/arduino/hardware/tools/avr/bin/../lib/gcc/avr/7.3.0/avr5\libgcc.a(_copy_data.o)
 .debug_info    0x00000825       0xbb c:/arduino/hardware/tools/avr/bin/../lib/gcc/avr/7.3.0/avr5\libgcc.a(_clear_bss.o)
 .debug_info    0x000008e0       0xbb c:/arduino/hardware/tools/avr/bin/../lib/gcc/avr/7.3.0/avr5\libgcc.a(_ctors.o)
 .debug_info    0x0000099b       0xbb c:/arduino/hardware/tools/avr/bin/../lib/gcc/avr/7.3.0/avr5\libgcc.a(_tablejump2.o)
 .debug_info    0x00000a56       0xbb c:/arduino/hardware/tools/avr/bin/../lib/gcc/avr/7.3.0/avr5\libgcc.a(_prologue.o)
 .debug_info    0x00000b11       0xbb c:/arduino/hardware/tools/avr/bin/../lib/gcc/avr/7.3.0/avr5\libgcc.a(_epilogue.o)

.debug_abbrev   0x00000000      0x642
 *(.debug_abbrev)
 .debug_abbrev  0x00000000      0x5a2 c:/arduino/hardware/tools/avr/bin/../lib/gcc/avr/7.3.0/../../../../avr/lib/avr5/crtatmega328p.o
 .debug_abbrev  0x000005a2       0x14 c:/arduino/hardware/tools/avr/bin/../lib/gcc/avr/7.3.0/avr5\libgcc.a(_udivmodsi4.o)
 .debug_abbrev  0x000005b6       0x14 c:/arduino/hardware/tools/avr/bin/../lib/gcc/avr/7.3.0/avr5\libgcc.a(_exit.o)
 .debug_abbrev  0x000005ca       0x14 c:/arduino/hardware/tools/avr/bin/../lib/gcc/avr/7.3.0/avr5\libgcc.a(_copy_data.o)
 .debug_abbrev  0x000005de       0x14 c:/arduino/hardware/tools/avr/bin/../lib/gcc/avr/7.3.0/avr5\libgcc.a(_clear_bss.o)
 .debug_abbrev  0x000005f2       0x14 c:/arduino/hardware/tools/avr/bin/../lib/gcc/avr/7.3.0/avr5\libgcc.a(_ctors.o)
 .debug_abbrev  0x00000606       0x14 c:/arduino/hardware/tools/avr/bin/../lib/gcc/avr/7.3.0/avr5\libgcc.a(_tablejump2.o)
 .debug_abbrev  0x0000061a       0x14 c:/arduino/hardware/tools/avr/bin/../lib/gcc/avr/7.3.0/avr5\libgcc.a(_prologue.o)
 .debug_abbrev  0x0000062e       0x14 c:/arduino/hardware/tools/avr/bin/../lib/gcc/avr/7.3.0/avr5\libgcc.a(_epilogue.o)

.debug_line     0x00000000      0x5be
 *(.debug_line .debug_line.* .debug_line_end)
 .debug_line    0x00000000       0x1a c:/arduino/hardware/tools/avr/bin/../lib/gcc/avr/7.3.0/../../../../avr/lib/avr5/crtatmega328p.o
 .debug_line    0x0000001a      0x122 c:/arduino/hardware/tools/avr/bin/../lib/gcc/avr/7.3.0/avr5\libgcc.a(_udivmodsi4.o)
 .debug_line    0x0000013c       0x62 c:/arduino/hardware/tools/avr/bin/../lib/gcc/avr/7.3.0/avr5\libgcc.a(_exit.o)
 .debug_line    0x0000019e       0x98 c:/arduino/hardware/tools/avr/bin/../lib/gcc/avr/7.3.0/avr5\libgcc.a(_copy_data.o)
 .debug_line    0x00000236       0x86 c:/arduino/hardware/tools/avr/bin/../lib/gcc/avr/7.3.0/avr5\libgcc.a(_clear_bss.o)
 .debug_line    0x000002bc       0x92 c:/arduino/hardware/tools/avr/bin/../lib/gcc/avr/7.3.0/avr5\libgcc.a(_ctors.o)
 .debug_line    0x0000034e       0x7a c:/arduino/hardware/tools/avr/bin/../lib/gcc/avr/7.3.0/avr5\libgcc.a(_tablejump2.o)
 .debug_line    0x000003c8       0xfe c:/arduino/hardware/tools/avr/bin/../lib/gcc/avr/7.3.0/avr5\libgcc.a(_prologue.o)
 .debug_line    0x000004c6       0xf8 c:/arduino/hardware/tools/avr/bin/../lib/gcc/avr/7.3.0/avr5\libgcc.a(_epilogue.o)

.debug_frame
 *(.debug_frame)

.debug_str      0x00000000      0x208
 *(.debug_str)
 .debug_str     0x00000000      0x208 c:/arduino/hardware/tools/avr/bin/../lib/gcc/avr/7.3.0/../../../../avr/lib/avr5/crtatmega328p.o

.debug_loc
 *(.debug_loc)

.debug_macinfo
 *(.debug_macinfo)

.debug_weaknames
 *(.debug_weaknames)

.debug_funcnames
 *(.debug_funcnames)

.debug_typenames
 *(.debug_typenames)

.debug_varnames
 *(.debug_varnames)

.debug_pubtypes
 *(.debug_pubtypes)

.debug_ranges
 *(.debug_ranges)

.debug_macro
 *(.debug_macro)
OUTPUT(arduino.elf elf32-avr)
LOAD linker stubs
